{"dataset": "C:\\Users\\whynot\\VSCodeProjects\\news-zero-shot\\analysis_outputs\\interfax_news_multilabel_factor_dataset_1000_wide.csv", "n_ids": 300, "variants": ["latent_candidate_v3_think_true"], "model": "gemma4:e2b", "base_url": "http://localhost:11434", "batch_size": 10, "timeout": 600.0, "max_tokens": 8192}
latent_candidate_v3_think_true: completed=0, pending=300, think=True
latent_candidate_v3_think_true:   10/300 news; elapsed=60.0s; errors=0
latent_candidate_v3_think_true:   20/300 news; elapsed=119.1s; errors=0
latent_candidate_v3_think_true:   30/300 news; elapsed=177.6s; errors=0
latent_candidate_v3_think_true:   40/300 news; elapsed=234.1s; errors=0
latent_candidate_v3_think_true:   50/300 news; elapsed=290.0s; errors=0
latent_candidate_v3_think_true:   60/300 news; elapsed=349.9s; errors=0
latent_candidate_v3_think_true:   70/300 news; elapsed=415.9s; errors=0
latent_candidate_v3_think_true:   80/300 news; elapsed=469.8s; errors=0
latent_candidate_v3_think_true:   90/300 news; elapsed=531.0s; errors=0
latent_candidate_v3_think_true:  100/300 news; elapsed=593.5s; errors=0
latent_candidate_v3_think_true:  110/300 news; elapsed=656.6s; errors=0
latent_candidate_v3_think_true:  120/300 news; elapsed=711.3s; errors=0
latent_candidate_v3_think_true:  130/300 news; elapsed=771.2s; errors=0
latent_candidate_v3_think_true:  140/300 news; elapsed=827.8s; errors=0
latent_candidate_v3_think_true:  150/300 news; elapsed=888.9s; errors=0
latent_candidate_v3_think_true:  160/300 news; elapsed=945.2s; errors=0
latent_candidate_v3_think_true:  170/300 news; elapsed=1,001.8s; errors=0
latent_candidate_v3_think_true:  180/300 news; elapsed=1,056.2s; errors=0
latent_candidate_v3_think_true:  190/300 news; elapsed=1,113.0s; errors=0
latent_candidate_v3_think_true:  200/300 news; elapsed=1,196.7s; errors=0
latent_candidate_v3_think_true:  210/300 news; elapsed=1,284.7s; errors=0
latent_candidate_v3_think_true:  220/300 news; elapsed=1,370.6s; errors=0
latent_candidate_v3_think_true:  230/300 news; elapsed=1,455.1s; errors=0
latent_candidate_v3_think_true:  240/300 news; elapsed=1,539.5s; errors=0
latent_candidate_v3_think_true:  250/300 news; elapsed=1,626.6s; errors=0
latent_candidate_v3_think_true:  260/300 news; elapsed=1,708.6s; errors=0
latent_candidate_v3_think_true:  270/300 news; elapsed=1,792.2s; errors=0
latent_candidate_v3_think_true:  280/300 news; elapsed=1,876.1s; errors=0
latent_candidate_v3_think_true:  290/300 news; elapsed=1,961.7s; errors=0
latent_candidate_v3_think_true:  300/300 news; elapsed=2,038.9s; errors=0
latent_candidate_v3_think_true: saved=C:\Users\whynot\VSCodeProjects\news-zero-shot\analysis_outputs\thinking_recall_experiment_latent_candidate_v3_think_true.csv

TOP METRICS
                       variant      mode  threshold  factor_micro_f1  factor_micro_precision  factor_micro_recall  factor_macro_f1_supported  sample_f1_empty_correct  any_relevant_f1  mean_pred_labels_per_news
latent_candidate_v3_think_true threshold       0.45           0.4802                  0.4131               0.5733                     0.4515                   0.4180           0.8560                     1.4200
latent_candidate_v3_think_true threshold       0.50           0.4802                  0.4131               0.5733                     0.4515                   0.4180           0.8560                     1.4200
latent_candidate_v3_think_true threshold       0.55           0.4802                  0.4131               0.5733                     0.4515                   0.4180           0.8560                     1.4200
latent_candidate_v3_think_true threshold       0.60           0.4802                  0.4131               0.5733                     0.4515                   0.4180           0.8560                     1.4200
latent_candidate_v3_think_true threshold       0.35           0.4763                  0.4074               0.5733                     0.4321                   0.4151           0.8560                     1.4400
latent_candidate_v3_think_true threshold       0.40           0.4763                  0.4074               0.5733                     0.4321                   0.4151           0.8560                     1.4400
latent_candidate_v3_think_true threshold       0.15           0.4434                  0.3435               0.6254                     0.4125                   0.3731           0.8615                     1.8633
latent_candidate_v3_think_true threshold       0.20           0.4434                  0.3435               0.6254                     0.4125                   0.3731           0.8615                     1.8633
latent_candidate_v3_think_true threshold       0.25           0.4434                  0.3435               0.6254                     0.4125                   0.3731           0.8615                     1.8633
latent_candidate_v3_think_true threshold       0.30           0.4434                  0.3435               0.6254                     0.4125                   0.3731           0.8615                     1.8633
latent_candidate_v3_think_true threshold       0.10           0.4429                  0.3429               0.6254                     0.4124                   0.3731           0.8615                     1.8667
latent_candidate_v3_think_true   default        NaN           0.4360                  0.3837               0.5049                     0.4067                   0.4079           0.7856                     1.3467
latent_candidate_v3_think_true threshold       0.65           0.2141                  0.7917               0.1238                     0.2293                   0.3353           0.2985                     0.1600
latent_candidate_v3_think_true threshold       0.70           0.2141                  0.7917               0.1238                     0.2293                   0.3353           0.2985                     0.1600
latent_candidate_v3_think_true threshold       0.75           0.2141                  0.7917               0.1238                     0.2293                   0.3353           0.2985                     0.1600
latent_candidate_v3_think_true threshold       0.80           0.2090                  0.7872               0.1205                     0.2283                   0.3343           0.2985                     0.1567
latent_candidate_v3_think_true threshold       0.90           0.1948                  0.8095               0.1107                     0.1566                   0.3322           0.2985                     0.1400
latent_candidate_v3_think_true threshold       0.85           0.1943                  0.7907               0.1107                     0.1537                   0.3317           0.2985                     0.1433
latent_candidate_v3_think_true threshold       0.95           0.0256                  0.8000               0.0130                     0.0464                   0.2522           0.0431                     0.0167
metrics=C:\Users\whynot\VSCodeProjects\news-zero-shot\analysis_outputs\thinking_recall_experiment_metrics.csv
summary=C:\Users\whynot\VSCodeProjects\news-zero-shot\analysis_outputs\thinking_recall_experiment_summary.json
