C:\Users\whynot\AppData\Roaming\Python\Python312\site-packages\zmq\_future.py:724: RuntimeWarning: Proactor event loop does not implement add_reader family of methods required for zmq. Registering an additional selector thread for add_reader support via tornado. Use `asyncio.set_event_loop_policy(WindowsSelectorEventLoopPolicy())` to avoid this warning.
  self._get_loop()
Traceback (most recent call last):
  File "C:\Users\whynot\VSCodeProjects\news-zero-shot\scripts\execute_prompt_search_notebook.py", line 26, in <module>
    main()
  File "C:\Users\whynot\VSCodeProjects\news-zero-shot\scripts\execute_prompt_search_notebook.py", line 20, in main
    client.execute()
  File "C:\Users\whynot\AppData\Roaming\Python\Python312\site-packages\jupyter_core\utils\__init__.py", line 165, in wrapped
    return loop.run_until_complete(inner)
           ^^^^^^^^^^^^^^^^^^^^^^^^^^^^^^
  File "C:\Python312\Lib\asyncio\base_events.py", line 687, in run_until_complete
    return future.result()
           ^^^^^^^^^^^^^^^
  File "C:\Users\whynot\AppData\Roaming\Python\Python312\site-packages\nbclient\client.py", line 709, in async_execute
    await self.async_execute_cell(
  File "C:\Users\whynot\AppData\Roaming\Python\Python312\site-packages\nbclient\client.py", line 1062, in async_execute_cell
    await self._check_raise_for_error(cell, cell_index, exec_reply)
  File "C:\Users\whynot\AppData\Roaming\Python\Python312\site-packages\nbclient\client.py", line 918, in _check_raise_for_error
    raise CellExecutionError.from_cell_and_msg(cell, exec_reply_content)
nbclient.exceptions.CellExecutionError: An error occurred while executing the following cell:
------------------
search_rows = []
search_predictions = {}
for variant in PROMPT_VARIANTS:
    pred = classify_ids_with_variant(search_ids, variant, "search")
    search_predictions[variant["name"]] = pred
    row = evaluate_predictions(pred, search_ids, variant["name"], "search")
    search_rows.append(row)

search_results = pd.DataFrame(search_rows).sort_values("main_primary_class_supported_macro_f1", ascending=False)
display(compact_metric_table(search_results).round(4))

fig, ax = plt.subplots(figsize=(12, 5))
sns.barplot(
    data=search_results,
    x="variant",
    y="main_primary_class_supported_macro_f1",
    ax=ax,
    color="#1565c0",
)
ax.set_title("Главная метрика prompt search: primary_class_supported_macro_f1")
ax.set_xlabel("")
ax.set_ylabel("macro-F1 по not_relevant + 36 факторам")
plt.xticks(rotation=30, ha="right")
plt.tight_layout()
plt.show()

best_variant_name = search_results.iloc[0]["variant"]
best_variant = next(item for item in PROMPT_VARIANTS if item["name"] == best_variant_name)
print(f"best_variant={best_variant_name}")
------------------

----- stderr -----
C:\Users\whynot\AppData\Local\Temp\ipykernel_71944\2176864997.py:9: FutureWarning: Downcasting object dtype arrays on .fillna, .ffill, .bfill is deprecated and will change in a future version. Call result.infer_objects(copy=False) instead. To opt-in to the future behavior, set `pd.set_option('future.no_silent_downcasting', True)`
  eval_frame["pred_any_relevant"] = eval_frame["pred_any_relevant"].fillna(False).astype(bool)
C:\Users\whynot\AppData\Roaming\Python\Python312\site-packages\sklearn\metrics\_classification.py:2524: UserWarning: y_pred contains classes not in y_true
  warnings.warn("y_pred contains classes not in y_true")
C:\Users\whynot\AppData\Local\Temp\ipykernel_71944\2176864997.py:9: FutureWarning: Downcasting object dtype arrays on .fillna, .ffill, .bfill is deprecated and will change in a future version. Call result.infer_objects(copy=False) instead. To opt-in to the future behavior, set `pd.set_option('future.no_silent_downcasting', True)`
  eval_frame["pred_any_relevant"] = eval_frame["pred_any_relevant"].fillna(False).astype(bool)
C:\Users\whynot\AppData\Roaming\Python\Python312\site-packages\sklearn\metrics\_classification.py:2524: UserWarning: y_pred contains classes not in y_true
  warnings.warn("y_pred contains classes not in y_true")
C:\Users\whynot\AppData\Local\Temp\ipykernel_71944\2176864997.py:9: FutureWarning: Downcasting object dtype arrays on .fillna, .ffill, .bfill is deprecated and will change in a future version. Call result.infer_objects(copy=False) instead. To opt-in to the future behavior, set `pd.set_option('future.no_silent_downcasting', True)`
  eval_frame["pred_any_relevant"] = eval_frame["pred_any_relevant"].fillna(False).astype(bool)
C:\Users\whynot\AppData\Roaming\Python\Python312\site-packages\sklearn\metrics\_classification.py:2524: UserWarning: y_pred contains classes not in y_true
  warnings.warn("y_pred contains classes not in y_true")
C:\Users\whynot\AppData\Local\Temp\ipykernel_71944\2176864997.py:9: FutureWarning: Downcasting object dtype arrays on .fillna, .ffill, .bfill is deprecated and will change in a future version. Call result.infer_objects(copy=False) instead. To opt-in to the future behavior, set `pd.set_option('future.no_silent_downcasting', True)`
  eval_frame["pred_any_relevant"] = eval_frame["pred_any_relevant"].fillna(False).astype(bool)
C:\Users\whynot\AppData\Roaming\Python\Python312\site-packages\sklearn\metrics\_classification.py:2524: UserWarning: y_pred contains classes not in y_true
  warnings.warn("y_pred contains classes not in y_true")
----- stdout -----
loaded production_v1 search: prompt_search_search_production_v1_gemma4-e2b_5df03950348d_b6a2d2f27b85.csv
loaded balanced_recall_v2 search: prompt_search_search_balanced_recall_v2_gemma4-e2b_5df03950348d_e98b1a3c5abc.csv
loaded primary_first_v2 search: prompt_search_search_primary_first_v2_gemma4-e2b_5df03950348d_5f153b0981f2.csv
loaded hard_negative_v2 search: prompt_search_search_hard_negative_v2_gemma4-e2b_5df03950348d_1a35bcd28344.csv
----- stdout -----
few_shot_major_v3 search:    5/300 news; elapsed=11.4s; errors=0
----- stdout -----
few_shot_major_v3 search:   10/300 news; elapsed=15.5s; errors=0
----- stdout -----
few_shot_major_v3 search:   15/300 news; elapsed=19.3s; errors=0
----- stdout -----
few_shot_major_v3 search:   20/300 news; elapsed=23.8s; errors=0
----- stdout -----
few_shot_major_v3 search:   25/300 news; elapsed=28.0s; errors=0
----- stdout -----
few_shot_major_v3 search:   30/300 news; elapsed=31.6s; errors=0
----- stdout -----
few_shot_major_v3 search:   35/300 news; elapsed=35.5s; errors=0
----- stdout -----
few_shot_major_v3 search:   40/300 news; elapsed=39.8s; errors=0
----- stdout -----
few_shot_major_v3 search:   45/300 news; elapsed=43.8s; errors=0
----- stdout -----
few_shot_major_v3 search:   50/300 news; elapsed=48.0s; errors=0
----- stdout -----
few_shot_major_v3 search:   55/300 news; elapsed=53.1s; errors=0
----- stdout -----
few_shot_major_v3 search:   60/300 news; elapsed=57.2s; errors=0
----- stdout -----
few_shot_major_v3 search:   65/300 news; elapsed=61.2s; errors=0
----- stdout -----
few_shot_major_v3 search:   70/300 news; elapsed=65.4s; errors=0
----- stdout -----
few_shot_major_v3 search:   75/300 news; elapsed=69.4s; errors=0
----- stdout -----
few_shot_major_v3 search:   80/300 news; elapsed=73.5s; errors=0
----- stdout -----
few_shot_major_v3 search:   85/300 news; elapsed=77.7s; errors=0
----- stdout -----
few_shot_major_v3 search:   90/300 news; elapsed=82.1s; errors=0
----- stdout -----
few_shot_major_v3 search:   95/300 news; elapsed=86.5s; errors=0
----- stdout -----
few_shot_major_v3 search:  100/300 news; elapsed=90.7s; errors=0
----- stdout -----
few_shot_major_v3 search:  105/300 news; elapsed=95.1s; errors=0
----- stdout -----
few_shot_major_v3 search:  110/300 news; elapsed=99.3s; errors=0
----- stdout -----
few_shot_major_v3 search:  115/300 news; elapsed=103.3s; errors=0
----- stdout -----
few_shot_major_v3 search:  120/300 news; elapsed=107.5s; errors=0
----- stdout -----
few_shot_major_v3 search:  125/300 news; elapsed=111.9s; errors=0
----- stdout -----
few_shot_major_v3 search:  130/300 news; elapsed=116.3s; errors=0
----- stdout -----
few_shot_major_v3 search:  135/300 news; elapsed=120.7s; errors=0
----- stdout -----
few_shot_major_v3 search:  140/300 news; elapsed=125.0s; errors=0
----- stdout -----
few_shot_major_v3 search:  145/300 news; elapsed=129.5s; errors=0
----- stdout -----
few_shot_major_v3 search:  150/300 news; elapsed=133.6s; errors=0
----- stdout -----
few_shot_major_v3 search:  155/300 news; elapsed=137.9s; errors=0
----- stdout -----
few_shot_major_v3 search:  160/300 news; elapsed=142.1s; errors=0
----- stdout -----
few_shot_major_v3 search:  165/300 news; elapsed=146.9s; errors=0
----- stdout -----
few_shot_major_v3 search:  170/300 news; elapsed=151.9s; errors=0
----- stdout -----
few_shot_major_v3 search:  175/300 news; elapsed=156.5s; errors=0
----- stdout -----
few_shot_major_v3 search:  180/300 news; elapsed=160.8s; errors=0
----- stdout -----
few_shot_major_v3 search:  185/300 news; elapsed=165.3s; errors=0
----- stdout -----
few_shot_major_v3 search:  190/300 news; elapsed=170.3s; errors=0
----- stdout -----
few_shot_major_v3 search:  195/300 news; elapsed=174.5s; errors=0
----- stdout -----
few_shot_major_v3 search:  200/300 news; elapsed=176.3s; errors=0
----- stdout -----
few_shot_major_v3 search:  205/300 news; elapsed=181.1s; errors=0
----- stdout -----
few_shot_major_v3 search:  210/300 news; elapsed=185.8s; errors=0
----- stdout -----
few_shot_major_v3 search:  215/300 news; elapsed=190.1s; errors=0
----- stdout -----
few_shot_major_v3 search:  220/300 news; elapsed=195.1s; errors=0
----- stdout -----
few_shot_major_v3 search:  225/300 news; elapsed=197.3s; errors=0
----- stdout -----
few_shot_major_v3 search:  230/300 news; elapsed=201.5s; errors=0
----- stdout -----
few_shot_major_v3 search:  235/300 news; elapsed=206.0s; errors=0
----- stdout -----
few_shot_major_v3 search:  240/300 news; elapsed=210.5s; errors=0
----- stdout -----
few_shot_major_v3 search:  245/300 news; elapsed=215.0s; errors=0
----- stdout -----
few_shot_major_v3 search:  250/300 news; elapsed=219.9s; errors=0
----- stdout -----
few_shot_major_v3 search:  255/300 news; elapsed=223.8s; errors=0
----- stdout -----
few_shot_major_v3 search:  260/300 news; elapsed=225.5s; errors=0
----- stdout -----
few_shot_major_v3 search:  265/300 news; elapsed=230.5s; errors=0
----- stdout -----
few_shot_major_v3 search:  270/300 news; elapsed=235.2s; errors=0
----- stdout -----
few_shot_major_v3 search:  275/300 news; elapsed=239.7s; errors=0
----- stdout -----
few_shot_major_v3 search:  280/300 news; elapsed=244.2s; errors=0
----- stdout -----
few_shot_major_v3 search:  285/300 news; elapsed=248.7s; errors=0
----- stdout -----
few_shot_major_v3 search:  290/300 news; elapsed=253.1s; errors=0
----- stdout -----
few_shot_major_v3 search:  295/300 news; elapsed=257.9s; errors=0
----- stdout -----
few_shot_major_v3 search:  300/300 news; elapsed=262.2s; errors=0
----- stderr -----
C:\Users\whynot\AppData\Local\Temp\ipykernel_71944\2176864997.py:9: FutureWarning: Downcasting object dtype arrays on .fillna, .ffill, .bfill is deprecated and will change in a future version. Call result.infer_objects(copy=False) instead. To opt-in to the future behavior, set `pd.set_option('future.no_silent_downcasting', True)`
  eval_frame["pred_any_relevant"] = eval_frame["pred_any_relevant"].fillna(False).astype(bool)
C:\Users\whynot\AppData\Roaming\Python\Python312\site-packages\sklearn\metrics\_classification.py:2524: UserWarning: y_pred contains classes not in y_true
  warnings.warn("y_pred contains classes not in y_true")
------------------

[1;31m---------------------------------------------------------------------------[0m
[1;31mKeyError[0m                                  Traceback (most recent call last)
[1;32m~\AppData\Local\Temp\ipykernel_71944\2325258855.py[0m in [0;36m?[1;34m()[0m
[0;32m      6[0m     [0mrow[0m [1;33m=[0m [0mevaluate_predictions[0m[1;33m([0m[0mpred[0m[1;33m,[0m [0msearch_ids[0m[1;33m,[0m [0mvariant[0m[1;33m[[0m[1;34m"name"[0m[1;33m][0m[1;33m,[0m [1;34m"search"[0m[1;33m)[0m[1;33m[0m[1;33m[0m[0m
[0;32m      7[0m     [0msearch_rows[0m[1;33m.[0m[0mappend[0m[1;33m([0m[0mrow[0m[1;33m)[0m[1;33m[0m[1;33m[0m[0m
[0;32m      8[0m [1;33m[0m[0m
[0;32m      9[0m [0msearch_results[0m [1;33m=[0m [0mpd[0m[1;33m.[0m[0mDataFrame[0m[1;33m([0m[0msearch_rows[0m[1;33m)[0m[1;33m.[0m[0msort_values[0m[1;33m([0m[1;34m"main_primary_class_supported_macro_f1"[0m[1;33m,[0m [0mascending[0m[1;33m=[0m[1;32mFalse[0m[1;33m)[0m[1;33m[0m[1;33m[0m[0m
[1;32m---> 10[1;33m [0mdisplay[0m[1;33m([0m[0mcompact_metric_table[0m[1;33m([0m[0msearch_results[0m[1;33m)[0m[1;33m.[0m[0mround[0m[1;33m([0m[1;36m4[0m[1;33m)[0m[1;33m)[0m[1;33m[0m[1;33m[0m[0m
[0m[0;32m     11[0m [1;33m[0m[0m
[0;32m     12[0m [0mfig[0m[1;33m,[0m [0max[0m [1;33m=[0m [0mplt[0m[1;33m.[0m[0msubplots[0m[1;33m([0m[0mfigsize[0m[1;33m=[0m[1;33m([0m[1;36m12[0m[1;33m,[0m [1;36m5[0m[1;33m)[0m[1;33m)[0m[1;33m[0m[1;33m[0m[0m
[0;32m     13[0m sns.barplot(

[1;32m~\AppData\Local\Temp\ipykernel_71944\2176864997.py[0m in [0;36m?[1;34m(results)[0m
[0;32m    102[0m         [1;34m"true_factor_recall"[0m[1;33m,[0m[1;33m[0m[1;33m[0m[0m
[0;32m    103[0m         [1;34m"signal_accuracy_when_true_factor_returned"[0m[1;33m,[0m[1;33m[0m[1;33m[0m[0m
[0;32m    104[0m         [1;34m"predicted_relevant_news"[0m[1;33m,[0m[1;33m[0m[1;33m[0m[0m
[0;32m    105[0m     [1;33m][0m[1;33m[0m[1;33m[0m[0m
[1;32m--> 106[1;33m     [1;32mreturn[0m [0mresults[0m[1;33m[[0m[0mcols[0m[1;33m][0m[1;33m.[0m[0msort_values[0m[1;33m([0m[1;33m[[0m[1;34m"split"[0m[1;33m,[0m [1;34m"main_primary_class_macro_f1"[0m[1;33m][0m[1;33m,[0m [0mascending[0m[1;33m=[0m[1;33m[[0m[1;32mTrue[0m[1;33m,[0m [1;32mFalse[0m[1;33m][0m[1;33m)[0m[1;33m[0m[1;33m[0m[0m
[0m
[1;32m~\AppData\Roaming\Python\Python312\site-packages\pandas\core\frame.py[0m in [0;36m?[1;34m(self, by, axis, ascending, inplace, kind, na_position, ignore_index, key)[0m
[0;32m   7168[0m                 [1;33mf"[0m[1;33mLength of ascending ([0m[1;33m{[0m[0mlen[0m[1;33m([0m[0mascending[0m[1;33m)[0m[1;33m}[0m[1;33m)[0m[1;33m"[0m  [1;31m# type: ignore[arg-type][0m[1;33m[0m[1;33m[0m[0m
[0;32m   7169[0m                 [1;33mf"[0m[1;33m != length of by ([0m[1;33m{[0m[0mlen[0m[1;33m([0m[0mby[0m[1;33m)[0m[1;33m}[0m[1;33m)[0m[1;33m"[0m[1;33m[0m[1;33m[0m[0m
[0;32m   7170[0m             [1;33m)[0m[1;33m[0m[1;33m[0m[0m
[0;32m   7171[0m         [1;32mif[0m [0mlen[0m[1;33m([0m[0mby[0m[1;33m)[0m [1;33m>[0m [1;36m1[0m[1;33m:[0m[1;33m[0m[1;33m[0m[0m
[1;32m-> 7172[1;33m             [0mkeys[0m [1;33m=[0m [1;33m[[0m[0mself[0m[1;33m.[0m[0m_get_label_or_level_values[0m[1;33m([0m[0mx[0m[1;33m,[0m [0maxis[0m[1;33m=[0m[0maxis[0m[1;33m)[0m [1;32mfor[0m [0mx[0m [1;32min[0m [0mby[0m[1;33m][0m[1;33m[0m[1;33m[0m[0m
[0m[0;32m   7173[0m [1;33m[0m[0m
[0;32m   7174[0m             [1;31m# need to rewrap columns in Series to apply key function[0m[1;33m[0m[1;33m[0m[0m
[0;32m   7175[0m             [1;32mif[0m [0mkey[0m [1;32mis[0m [1;32mnot[0m [1;32mNone[0m[1;33m:[0m[1;33m[0m[1;33m[0m[0m

[1;32m~\AppData\Roaming\Python\Python312\site-packages\pandas\core\generic.py[0m in [0;36m?[1;34m(self, key, axis)[0m
[0;32m   1907[0m             [0mvalues[0m [1;33m=[0m [0mself[0m[1;33m.[0m[0mxs[0m[1;33m([0m[0mkey[0m[1;33m,[0m [0maxis[0m[1;33m=[0m[0mother_axes[0m[1;33m[[0m[1;36m0[0m[1;33m][0m[1;33m)[0m[1;33m.[0m[0m_values[0m[1;33m[0m[1;33m[0m[0m
[0;32m   1908[0m         [1;32melif[0m [0mself[0m[1;33m.[0m[0m_is_level_reference[0m[1;33m([0m[0mkey[0m[1;33m,[0m [0maxis[0m[1;33m=[0m[0maxis[0m[1;33m)[0m[1;33m:[0m[1;33m[0m[1;33m[0m[0m
[0;32m   1909[0m             [0mvalues[0m [1;33m=[0m [0mself[0m[1;33m.[0m[0maxes[0m[1;33m[[0m[0maxis[0m[1;33m][0m[1;33m.[0m[0mget_level_values[0m[1;33m([0m[0mkey[0m[1;33m)[0m[1;33m.[0m[0m_values[0m[1;33m[0m[1;33m[0m[0m
[0;32m   1910[0m         [1;32melse[0m[1;33m:[0m[1;33m[0m[1;33m[0m[0m
[1;32m-> 1911[1;33m             [1;32mraise[0m [0mKeyError[0m[1;33m([0m[0mkey[0m[1;33m)[0m[1;33m[0m[1;33m[0m[0m
[0m[0;32m   1912[0m [1;33m[0m[0m
[0;32m   1913[0m         [1;31m# Check for duplicates[0m[1;33m[0m[1;33m[0m[0m
[0;32m   1914[0m         [1;32mif[0m [0mvalues[0m[1;33m.[0m[0mndim[0m [1;33m>[0m [1;36m1[0m[1;33m:[0m[1;33m[0m[1;33m[0m[0m

[1;31mKeyError[0m: 'main_primary_class_macro_f1'

