{"dataset": "C:\\Users\\whynot\\VSCodeProjects\\news-zero-shot\\analysis_outputs\\v3_clean_broad_weak_dataset_1000.csv", "prompt_file": "C:\\Users\\whynot\\VSCodeProjects\\news-zero-shot\\FINAL_v4_prompt_social_signal_high_recall_ru.md", "n_eval_ids": 237, "gold_pairs": 656, "mean_gold_labels": 2.7679324894514767, "model": "gemma4:e2b", "think": false, "batch_size": 1, "timeout": 600.0, "max_tokens": 4096, "num_ctx": 0, "text_limit": 1800}
v4_prompt: completed=0, pending=237
v4_prompt:    1/237 news; elapsed=2.5s; errors=0
v4_prompt:    2/237 news; elapsed=5.4s; errors=0
v4_prompt:    3/237 news; elapsed=7.3s; errors=0
v4_prompt:    4/237 news; elapsed=9.9s; errors=0
v4_prompt:    5/237 news; elapsed=12.0s; errors=0
v4_prompt:    6/237 news; elapsed=13.9s; errors=0
v4_prompt:    7/237 news; elapsed=16.5s; errors=0
v4_prompt:    8/237 news; elapsed=18.9s; errors=0
v4_prompt:    9/237 news; elapsed=21.8s; errors=0
v4_prompt:   10/237 news; elapsed=23.9s; errors=0
v4_prompt:   11/237 news; elapsed=26.0s; errors=0
v4_prompt:   12/237 news; elapsed=28.0s; errors=0
v4_prompt:   13/237 news; elapsed=30.2s; errors=0
v4_prompt:   14/237 news; elapsed=32.0s; errors=0
v4_prompt:   15/237 news; elapsed=33.8s; errors=0
v4_prompt:   16/237 news; elapsed=36.2s; errors=0
v4_prompt:   17/237 news; elapsed=38.1s; errors=0
v4_prompt:   18/237 news; elapsed=40.2s; errors=0
v4_prompt:   19/237 news; elapsed=42.0s; errors=0
v4_prompt:   20/237 news; elapsed=43.7s; errors=0
v4_prompt:   21/237 news; elapsed=46.5s; errors=0
v4_prompt:   22/237 news; elapsed=49.0s; errors=0
v4_prompt:   23/237 news; elapsed=51.2s; errors=0
v4_prompt:   24/237 news; elapsed=53.3s; errors=0
v4_prompt:   25/237 news; elapsed=55.0s; errors=0
v4_prompt:   26/237 news; elapsed=56.7s; errors=0
v4_prompt:   27/237 news; elapsed=58.5s; errors=0
v4_prompt:   28/237 news; elapsed=60.8s; errors=0
v4_prompt:   29/237 news; elapsed=62.9s; errors=0
v4_prompt:   30/237 news; elapsed=65.1s; errors=0
v4_prompt:   31/237 news; elapsed=68.2s; errors=0
v4_prompt:   32/237 news; elapsed=70.5s; errors=0
v4_prompt:   33/237 news; elapsed=72.7s; errors=0
v4_prompt:   34/237 news; elapsed=76.5s; errors=0
v4_prompt:   35/237 news; elapsed=78.6s; errors=0
v4_prompt:   36/237 news; elapsed=81.3s; errors=0
v4_prompt:   37/237 news; elapsed=84.0s; errors=0
v4_prompt:   38/237 news; elapsed=86.7s; errors=0
v4_prompt:   39/237 news; elapsed=89.2s; errors=0
v4_prompt:   40/237 news; elapsed=91.3s; errors=0
v4_prompt:   41/237 news; elapsed=93.5s; errors=0
v4_prompt:   42/237 news; elapsed=97.6s; errors=0
v4_prompt:   43/237 news; elapsed=99.8s; errors=0
v4_prompt:   44/237 news; elapsed=101.8s; errors=0
v4_prompt:   45/237 news; elapsed=104.1s; errors=0
v4_prompt:   46/237 news; elapsed=107.0s; errors=0
v4_prompt:   47/237 news; elapsed=110.9s; errors=0
v4_prompt:   48/237 news; elapsed=113.2s; errors=0
v4_prompt:   49/237 news; elapsed=115.5s; errors=0
v4_prompt:   50/237 news; elapsed=117.8s; errors=0
v4_prompt:   51/237 news; elapsed=120.7s; errors=0
v4_prompt:   52/237 news; elapsed=123.1s; errors=0
v4_prompt:   53/237 news; elapsed=126.3s; errors=0
v4_prompt:   54/237 news; elapsed=129.7s; errors=0
v4_prompt:   55/237 news; elapsed=132.0s; errors=0
v4_prompt:   56/237 news; elapsed=134.3s; errors=0
v4_prompt:   57/237 news; elapsed=136.4s; errors=0
v4_prompt:   58/237 news; elapsed=139.2s; errors=0
v4_prompt:   59/237 news; elapsed=142.0s; errors=0
v4_prompt:   60/237 news; elapsed=144.6s; errors=0
v4_prompt:   61/237 news; elapsed=147.3s; errors=0
v4_prompt:   62/237 news; elapsed=149.3s; errors=0
v4_prompt:   63/237 news; elapsed=151.4s; errors=0
v4_prompt:   64/237 news; elapsed=153.6s; errors=0
v4_prompt:   65/237 news; elapsed=155.6s; errors=0
v4_prompt:   66/237 news; elapsed=157.9s; errors=0
v4_prompt:   67/237 news; elapsed=160.0s; errors=0
v4_prompt:   68/237 news; elapsed=163.5s; errors=0
v4_prompt:   69/237 news; elapsed=165.5s; errors=0
v4_prompt:   70/237 news; elapsed=168.8s; errors=0
v4_prompt:   71/237 news; elapsed=171.7s; errors=0
v4_prompt:   72/237 news; elapsed=174.1s; errors=0
v4_prompt:   73/237 news; elapsed=176.1s; errors=0
v4_prompt:   74/237 news; elapsed=179.7s; errors=0
v4_prompt:   75/237 news; elapsed=181.8s; errors=0
v4_prompt:   76/237 news; elapsed=185.1s; errors=0
v4_prompt:   77/237 news; elapsed=187.1s; errors=0
v4_prompt:   78/237 news; elapsed=189.4s; errors=0
v4_prompt:   79/237 news; elapsed=192.8s; errors=0
v4_prompt:   80/237 news; elapsed=195.0s; errors=0
v4_prompt:   81/237 news; elapsed=197.3s; errors=0
v4_prompt:   82/237 news; elapsed=199.4s; errors=0
v4_prompt:   83/237 news; elapsed=201.7s; errors=0
v4_prompt:   84/237 news; elapsed=204.5s; errors=0
v4_prompt:   85/237 news; elapsed=206.6s; errors=0
v4_prompt:   86/237 news; elapsed=208.6s; errors=0
v4_prompt:   87/237 news; elapsed=211.5s; errors=0
v4_prompt:   88/237 news; elapsed=215.0s; errors=0
v4_prompt:   89/237 news; elapsed=217.2s; errors=0
v4_prompt:   90/237 news; elapsed=220.1s; errors=0
v4_prompt:   91/237 news; elapsed=222.3s; errors=0
v4_prompt:   92/237 news; elapsed=224.3s; errors=0
v4_prompt:   93/237 news; elapsed=226.4s; errors=0
v4_prompt:   94/237 news; elapsed=228.5s; errors=0
v4_prompt:   95/237 news; elapsed=231.9s; errors=0
v4_prompt:   96/237 news; elapsed=234.1s; errors=0
v4_prompt:   97/237 news; elapsed=237.6s; errors=0
v4_prompt:   98/237 news; elapsed=239.8s; errors=0
v4_prompt:   99/237 news; elapsed=242.2s; errors=0
v4_prompt:  100/237 news; elapsed=246.6s; errors=0
v4_prompt:  101/237 news; elapsed=249.0s; errors=0
v4_prompt:  102/237 news; elapsed=252.0s; errors=0
v4_prompt:  103/237 news; elapsed=255.6s; errors=0
v4_prompt:  104/237 news; elapsed=257.9s; errors=0
v4_prompt:  105/237 news; elapsed=260.0s; errors=0
v4_prompt:  106/237 news; elapsed=263.6s; errors=0
v4_prompt:  107/237 news; elapsed=266.5s; errors=0
v4_prompt:  108/237 news; elapsed=270.8s; errors=0
v4_prompt:  109/237 news; elapsed=274.0s; errors=0
v4_prompt:  110/237 news; elapsed=277.7s; errors=0
v4_prompt:  111/237 news; elapsed=279.9s; errors=0
v4_prompt:  112/237 news; elapsed=282.0s; errors=0
v4_prompt:  113/237 news; elapsed=284.3s; errors=0
v4_prompt:  114/237 news; elapsed=286.4s; errors=0
v4_prompt:  115/237 news; elapsed=288.6s; errors=0
v4_prompt:  116/237 news; elapsed=290.8s; errors=0
v4_prompt:  117/237 news; elapsed=293.5s; errors=0
v4_prompt:  118/237 news; elapsed=295.8s; errors=0
v4_prompt:  119/237 news; elapsed=297.9s; errors=0
v4_prompt:  120/237 news; elapsed=300.1s; errors=0
v4_prompt:  121/237 news; elapsed=302.3s; errors=0
v4_prompt:  122/237 news; elapsed=304.5s; errors=0
v4_prompt:  123/237 news; elapsed=307.3s; errors=0
v4_prompt:  124/237 news; elapsed=309.6s; errors=0
v4_prompt:  125/237 news; elapsed=311.8s; errors=0
v4_prompt:  126/237 news; elapsed=314.0s; errors=0
v4_prompt:  127/237 news; elapsed=316.1s; errors=0
v4_prompt:  128/237 news; elapsed=318.8s; errors=0
v4_prompt:  129/237 news; elapsed=322.4s; errors=0
v4_prompt:  130/237 news; elapsed=324.6s; errors=0
v4_prompt:  131/237 news; elapsed=326.9s; errors=0
v4_prompt:  132/237 news; elapsed=329.0s; errors=0
v4_prompt:  133/237 news; elapsed=331.3s; errors=0
v4_prompt:  134/237 news; elapsed=333.4s; errors=0
v4_prompt:  135/237 news; elapsed=336.7s; errors=0
v4_prompt:  136/237 news; elapsed=339.5s; errors=0
v4_prompt:  137/237 news; elapsed=341.7s; errors=0
v4_prompt:  138/237 news; elapsed=343.8s; errors=0
v4_prompt:  139/237 news; elapsed=346.1s; errors=0
v4_prompt:  140/237 news; elapsed=349.0s; errors=0
v4_prompt:  141/237 news; elapsed=351.3s; errors=0
v4_prompt:  142/237 news; elapsed=353.5s; errors=0
v4_prompt:  143/237 news; elapsed=356.3s; errors=0
v4_prompt:  144/237 news; elapsed=358.5s; errors=0
v4_prompt:  145/237 news; elapsed=360.5s; errors=0
v4_prompt:  146/237 news; elapsed=362.5s; errors=0
v4_prompt:  147/237 news; elapsed=364.6s; errors=0
v4_prompt:  148/237 news; elapsed=367.4s; errors=0
v4_prompt:  149/237 news; elapsed=369.6s; errors=0
v4_prompt:  150/237 news; elapsed=372.2s; errors=0
v4_prompt:  151/237 news; elapsed=374.3s; errors=0
v4_prompt:  152/237 news; elapsed=376.4s; errors=0
v4_prompt:  153/237 news; elapsed=379.1s; errors=0
v4_prompt:  154/237 news; elapsed=381.2s; errors=0
v4_prompt:  155/237 news; elapsed=383.3s; errors=0
v4_prompt:  156/237 news; elapsed=385.9s; errors=0
v4_prompt:  157/237 news; elapsed=389.1s; errors=0
v4_prompt:  158/237 news; elapsed=391.1s; errors=0
v4_prompt:  159/237 news; elapsed=393.1s; errors=0
v4_prompt:  160/237 news; elapsed=395.1s; errors=0
v4_prompt:  161/237 news; elapsed=398.5s; errors=0
v4_prompt:  162/237 news; elapsed=400.7s; errors=0
v4_prompt:  163/237 news; elapsed=402.9s; errors=0
v4_prompt:  164/237 news; elapsed=405.7s; errors=0
v4_prompt:  165/237 news; elapsed=408.2s; errors=0
v4_prompt:  166/237 news; elapsed=410.3s; errors=0
v4_prompt:  167/237 news; elapsed=413.0s; errors=0
v4_prompt:  168/237 news; elapsed=415.1s; errors=0
v4_prompt:  169/237 news; elapsed=417.2s; errors=0
v4_prompt:  170/237 news; elapsed=419.1s; errors=0
v4_prompt:  171/237 news; elapsed=421.3s; errors=0
v4_prompt:  172/237 news; elapsed=423.4s; errors=0
v4_prompt:  173/237 news; elapsed=425.9s; errors=0
v4_prompt:  174/237 news; elapsed=428.0s; errors=0
v4_prompt:  175/237 news; elapsed=430.0s; errors=0
v4_prompt:  176/237 news; elapsed=432.2s; errors=0
v4_prompt:  177/237 news; elapsed=434.2s; errors=0
v4_prompt:  178/237 news; elapsed=436.2s; errors=0
v4_prompt:  179/237 news; elapsed=438.3s; errors=0
v4_prompt:  180/237 news; elapsed=440.5s; errors=0
v4_prompt:  181/237 news; elapsed=442.6s; errors=0
v4_prompt:  182/237 news; elapsed=444.6s; errors=0
v4_prompt:  183/237 news; elapsed=447.3s; errors=0
v4_prompt:  184/237 news; elapsed=449.4s; errors=0
v4_prompt:  185/237 news; elapsed=451.4s; errors=0
v4_prompt:  186/237 news; elapsed=454.2s; errors=0
v4_prompt:  187/237 news; elapsed=457.1s; errors=0
v4_prompt:  188/237 news; elapsed=459.5s; errors=0
v4_prompt:  189/237 news; elapsed=461.6s; errors=0
v4_prompt:  190/237 news; elapsed=464.1s; errors=0
v4_prompt:  191/237 news; elapsed=466.7s; errors=0
v4_prompt:  192/237 news; elapsed=468.7s; errors=0
v4_prompt:  193/237 news; elapsed=471.4s; errors=0
v4_prompt:  194/237 news; elapsed=473.4s; errors=0
v4_prompt:  195/237 news; elapsed=475.5s; errors=0
v4_prompt:  196/237 news; elapsed=478.8s; errors=0
v4_prompt:  197/237 news; elapsed=481.0s; errors=0
v4_prompt:  198/237 news; elapsed=483.1s; errors=0
v4_prompt:  199/237 news; elapsed=485.0s; errors=0
v4_prompt:  200/237 news; elapsed=487.0s; errors=0
v4_prompt:  201/237 news; elapsed=489.0s; errors=0
v4_prompt:  202/237 news; elapsed=491.0s; errors=0
v4_prompt:  203/237 news; elapsed=493.6s; errors=0
v4_prompt:  204/237 news; elapsed=495.6s; errors=0
v4_prompt:  205/237 news; elapsed=497.7s; errors=0
v4_prompt:  206/237 news; elapsed=499.9s; errors=0
v4_prompt:  207/237 news; elapsed=502.6s; errors=0
v4_prompt:  208/237 news; elapsed=506.1s; errors=0
v4_prompt:  209/237 news; elapsed=509.2s; errors=0
v4_prompt:  210/237 news; elapsed=511.2s; errors=0
v4_prompt:  211/237 news; elapsed=514.6s; errors=0
v4_prompt:  212/237 news; elapsed=516.7s; errors=0
v4_prompt:  213/237 news; elapsed=518.9s; errors=0
v4_prompt:  214/237 news; elapsed=521.0s; errors=0
v4_prompt:  215/237 news; elapsed=524.6s; errors=0
v4_prompt:  216/237 news; elapsed=526.6s; errors=0
v4_prompt:  217/237 news; elapsed=528.6s; errors=0
v4_prompt:  218/237 news; elapsed=531.2s; errors=0
v4_prompt:  219/237 news; elapsed=534.7s; errors=0
v4_prompt:  220/237 news; elapsed=536.8s; errors=0
v4_prompt:  221/237 news; elapsed=538.8s; errors=0
v4_prompt:  222/237 news; elapsed=540.8s; errors=0
v4_prompt:  223/237 news; elapsed=543.5s; errors=0
v4_prompt:  224/237 news; elapsed=546.2s; errors=0
v4_prompt:  225/237 news; elapsed=548.3s; errors=0
v4_prompt:  226/237 news; elapsed=550.3s; errors=0
v4_prompt:  227/237 news; elapsed=552.3s; errors=0
v4_prompt:  228/237 news; elapsed=554.4s; errors=0
v4_prompt:  229/237 news; elapsed=556.5s; errors=0
v4_prompt:  230/237 news; elapsed=558.7s; errors=0
v4_prompt:  231/237 news; elapsed=559.8s; errors=0
v4_prompt:  232/237 news; elapsed=560.9s; errors=0
v4_prompt:  233/237 news; elapsed=562.2s; errors=0
v4_prompt:  234/237 news; elapsed=563.5s; errors=0
v4_prompt:  235/237 news; elapsed=564.7s; errors=0
v4_prompt:  236/237 news; elapsed=565.9s; errors=0
v4_prompt:  237/237 news; elapsed=567.1s; errors=0
saved=C:\Users\whynot\VSCodeProjects\news-zero-shot\analysis_outputs\v4_social_signal_experiment_v4_prompt_think_false_compact_b1_search237.csv
  variant threshold  n_news  gold_positive_pairs  pred_positive_pairs  pred_mean_labels  micro_precision  micro_recall  micro_f1  macro_f1_supported  sample_f1_empty_correct  any_relevant_precision  any_relevant_recall  any_relevant_f1  false_relevant_news  missed_all_relevant_news  excluded_news  error_rows
v4_prompt   default     237                  656                  317            1.3376           0.6057        0.2927    0.3947              0.3089                   0.3651                  0.9602               0.9559           0.9581                    9                        10              0           0
v4_prompt      0.20     237                  656                  317            1.3376           0.6057        0.2927    0.3947              0.3089                   0.3651                  0.9602               0.9559           0.9581                    9                        10              0           0
v4_prompt      0.30     237                  656                  317            1.3376           0.6057        0.2927    0.3947              0.3089                   0.3651                  0.9602               0.9559           0.9581                    9                        10              0           0
v4_prompt      0.05     237                  656                  318            1.3418           0.6038        0.2927    0.3943              0.3087                   0.3651                  0.9604               0.9604           0.9604                    9                         9              0           0
v4_prompt      0.10     237                  656                  318            1.3418           0.6038        0.2927    0.3943              0.3087                   0.3651                  0.9604               0.9604           0.9604                    9                         9              0           0
v4_prompt      0.40     237                  656                  280            1.1814           0.6536        0.2790    0.3910              0.3084                   0.3624                  0.9704               0.8678           0.9163                    6                        30              0           0
v4_prompt      0.45     237                  656                  280            1.1814           0.6536        0.2790    0.3910              0.3084                   0.3624                  0.9704               0.8678           0.9163                    6                        30              0           0
v4_prompt      0.50     237                  656                  280            1.1814           0.6536        0.2790    0.3910              0.3084                   0.3624                  0.9704               0.8678           0.9163                    6                        30              0           0
v4_prompt      0.60     237                  656                  156            0.6582           0.7372        0.1753    0.2833              0.2252                   0.2586                  1.0000               0.4934           0.6608                    0                       115              0           0
v4_prompt      0.70     237                  656                  118            0.4979           0.7797        0.1402    0.2377              0.1994                   0.2330                  1.0000               0.4273           0.5988                    0                       130              0           0
metrics saved=C:\Users\whynot\VSCodeProjects\news-zero-shot\analysis_outputs\v4_social_signal_experiment_metrics_v4_prompt_think_false_compact_b1_search237.csv
