C:\Users\whynot\VSCodeProjects\news-zero-shot\scripts\prepare_v4_clean_dataset.py:35: PerformanceWarning: DataFrame is highly fragmented.  This is usually the result of calling `frame.insert` many times, which has poor performance.  Consider joining all columns at once using pd.concat(axis=1) instead. To get a de-fragmented frame, use `newframe = frame.copy()`
  df[f"strength__{key}"] = ""
C:\Users\whynot\VSCodeProjects\news-zero-shot\scripts\prepare_v4_clean_dataset.py:36: PerformanceWarning: DataFrame is highly fragmented.  This is usually the result of calling `frame.insert` many times, which has poor performance.  Consider joining all columns at once using pd.concat(axis=1) instead. To get a de-fragmented frame, use `newframe = frame.copy()`
  df[f"sentiment__{key}"] = ""
C:\Users\whynot\VSCodeProjects\news-zero-shot\scripts\prepare_v4_clean_dataset.py:37: PerformanceWarning: DataFrame is highly fragmented.  This is usually the result of calling `frame.insert` many times, which has poor performance.  Consider joining all columns at once using pd.concat(axis=1) instead. To get a de-fragmented frame, use `newframe = frame.copy()`
  df[f"relevance__{key}"] = 0.0
C:\Users\whynot\VSCodeProjects\news-zero-shot\scripts\prepare_v4_clean_dataset.py:38: PerformanceWarning: DataFrame is highly fragmented.  This is usually the result of calling `frame.insert` many times, which has poor performance.  Consider joining all columns at once using pd.concat(axis=1) instead. To get a de-fragmented frame, use `newframe = frame.copy()`
  df[f"pressure__{key}"] = 0.0
C:\Users\whynot\VSCodeProjects\news-zero-shot\scripts\prepare_v4_clean_dataset.py:35: PerformanceWarning: DataFrame is highly fragmented.  This is usually the result of calling `frame.insert` many times, which has poor performance.  Consider joining all columns at once using pd.concat(axis=1) instead. To get a de-fragmented frame, use `newframe = frame.copy()`
  df[f"strength__{key}"] = ""
C:\Users\whynot\VSCodeProjects\news-zero-shot\scripts\prepare_v4_clean_dataset.py:36: PerformanceWarning: DataFrame is highly fragmented.  This is usually the result of calling `frame.insert` many times, which has poor performance.  Consider joining all columns at once using pd.concat(axis=1) instead. To get a de-fragmented frame, use `newframe = frame.copy()`
  df[f"sentiment__{key}"] = ""
C:\Users\whynot\VSCodeProjects\news-zero-shot\scripts\prepare_v4_clean_dataset.py:37: PerformanceWarning: DataFrame is highly fragmented.  This is usually the result of calling `frame.insert` many times, which has poor performance.  Consider joining all columns at once using pd.concat(axis=1) instead. To get a de-fragmented frame, use `newframe = frame.copy()`
  df[f"relevance__{key}"] = 0.0
C:\Users\whynot\VSCodeProjects\news-zero-shot\scripts\prepare_v4_clean_dataset.py:38: PerformanceWarning: DataFrame is highly fragmented.  This is usually the result of calling `frame.insert` many times, which has poor performance.  Consider joining all columns at once using pd.concat(axis=1) instead. To get a de-fragmented frame, use `newframe = frame.copy()`
  df[f"pressure__{key}"] = 0.0
C:\Users\whynot\VSCodeProjects\news-zero-shot\scripts\prepare_v4_clean_dataset.py:35: PerformanceWarning: DataFrame is highly fragmented.  This is usually the result of calling `frame.insert` many times, which has poor performance.  Consider joining all columns at once using pd.concat(axis=1) instead. To get a de-fragmented frame, use `newframe = frame.copy()`
  df[f"strength__{key}"] = ""
C:\Users\whynot\VSCodeProjects\news-zero-shot\scripts\prepare_v4_clean_dataset.py:36: PerformanceWarning: DataFrame is highly fragmented.  This is usually the result of calling `frame.insert` many times, which has poor performance.  Consider joining all columns at once using pd.concat(axis=1) instead. To get a de-fragmented frame, use `newframe = frame.copy()`
  df[f"sentiment__{key}"] = ""
C:\Users\whynot\VSCodeProjects\news-zero-shot\scripts\prepare_v4_clean_dataset.py:37: PerformanceWarning: DataFrame is highly fragmented.  This is usually the result of calling `frame.insert` many times, which has poor performance.  Consider joining all columns at once using pd.concat(axis=1) instead. To get a de-fragmented frame, use `newframe = frame.copy()`
  df[f"relevance__{key}"] = 0.0
C:\Users\whynot\VSCodeProjects\news-zero-shot\scripts\prepare_v4_clean_dataset.py:38: PerformanceWarning: DataFrame is highly fragmented.  This is usually the result of calling `frame.insert` many times, which has poor performance.  Consider joining all columns at once using pd.concat(axis=1) instead. To get a de-fragmented frame, use `newframe = frame.copy()`
  df[f"pressure__{key}"] = 0.0
C:\Users\whynot\VSCodeProjects\news-zero-shot\scripts\prepare_v4_clean_dataset.py:35: PerformanceWarning: DataFrame is highly fragmented.  This is usually the result of calling `frame.insert` many times, which has poor performance.  Consider joining all columns at once using pd.concat(axis=1) instead. To get a de-fragmented frame, use `newframe = frame.copy()`
  df[f"strength__{key}"] = ""
C:\Users\whynot\VSCodeProjects\news-zero-shot\scripts\prepare_v4_clean_dataset.py:36: PerformanceWarning: DataFrame is highly fragmented.  This is usually the result of calling `frame.insert` many times, which has poor performance.  Consider joining all columns at once using pd.concat(axis=1) instead. To get a de-fragmented frame, use `newframe = frame.copy()`
  df[f"sentiment__{key}"] = ""
C:\Users\whynot\VSCodeProjects\news-zero-shot\scripts\prepare_v4_clean_dataset.py:37: PerformanceWarning: DataFrame is highly fragmented.  This is usually the result of calling `frame.insert` many times, which has poor performance.  Consider joining all columns at once using pd.concat(axis=1) instead. To get a de-fragmented frame, use `newframe = frame.copy()`
  df[f"relevance__{key}"] = 0.0
C:\Users\whynot\VSCodeProjects\news-zero-shot\scripts\prepare_v4_clean_dataset.py:38: PerformanceWarning: DataFrame is highly fragmented.  This is usually the result of calling `frame.insert` many times, which has poor performance.  Consider joining all columns at once using pd.concat(axis=1) instead. To get a de-fragmented frame, use `newframe = frame.copy()`
  df[f"pressure__{key}"] = 0.0
C:\Users\whynot\VSCodeProjects\news-zero-shot\scripts\prepare_v4_clean_dataset.py:35: PerformanceWarning: DataFrame is highly fragmented.  This is usually the result of calling `frame.insert` many times, which has poor performance.  Consider joining all columns at once using pd.concat(axis=1) instead. To get a de-fragmented frame, use `newframe = frame.copy()`
  df[f"strength__{key}"] = ""
C:\Users\whynot\VSCodeProjects\news-zero-shot\scripts\prepare_v4_clean_dataset.py:36: PerformanceWarning: DataFrame is highly fragmented.  This is usually the result of calling `frame.insert` many times, which has poor performance.  Consider joining all columns at once using pd.concat(axis=1) instead. To get a de-fragmented frame, use `newframe = frame.copy()`
  df[f"sentiment__{key}"] = ""
C:\Users\whynot\VSCodeProjects\news-zero-shot\scripts\prepare_v4_clean_dataset.py:37: PerformanceWarning: DataFrame is highly fragmented.  This is usually the result of calling `frame.insert` many times, which has poor performance.  Consider joining all columns at once using pd.concat(axis=1) instead. To get a de-fragmented frame, use `newframe = frame.copy()`
  df[f"relevance__{key}"] = 0.0
C:\Users\whynot\VSCodeProjects\news-zero-shot\scripts\prepare_v4_clean_dataset.py:38: PerformanceWarning: DataFrame is highly fragmented.  This is usually the result of calling `frame.insert` many times, which has poor performance.  Consider joining all columns at once using pd.concat(axis=1) instead. To get a de-fragmented frame, use `newframe = frame.copy()`
  df[f"pressure__{key}"] = 0.0
C:\Users\whynot\VSCodeProjects\news-zero-shot\scripts\prepare_v4_clean_dataset.py:35: PerformanceWarning: DataFrame is highly fragmented.  This is usually the result of calling `frame.insert` many times, which has poor performance.  Consider joining all columns at once using pd.concat(axis=1) instead. To get a de-fragmented frame, use `newframe = frame.copy()`
  df[f"strength__{key}"] = ""
C:\Users\whynot\VSCodeProjects\news-zero-shot\scripts\prepare_v4_clean_dataset.py:36: PerformanceWarning: DataFrame is highly fragmented.  This is usually the result of calling `frame.insert` many times, which has poor performance.  Consider joining all columns at once using pd.concat(axis=1) instead. To get a de-fragmented frame, use `newframe = frame.copy()`
  df[f"sentiment__{key}"] = ""
C:\Users\whynot\VSCodeProjects\news-zero-shot\scripts\prepare_v4_clean_dataset.py:37: PerformanceWarning: DataFrame is highly fragmented.  This is usually the result of calling `frame.insert` many times, which has poor performance.  Consider joining all columns at once using pd.concat(axis=1) instead. To get a de-fragmented frame, use `newframe = frame.copy()`
  df[f"relevance__{key}"] = 0.0
C:\Users\whynot\VSCodeProjects\news-zero-shot\scripts\prepare_v4_clean_dataset.py:38: PerformanceWarning: DataFrame is highly fragmented.  This is usually the result of calling `frame.insert` many times, which has poor performance.  Consider joining all columns at once using pd.concat(axis=1) instead. To get a de-fragmented frame, use `newframe = frame.copy()`
  df[f"pressure__{key}"] = 0.0
C:\Users\whynot\VSCodeProjects\news-zero-shot\scripts\prepare_v4_clean_dataset.py:35: PerformanceWarning: DataFrame is highly fragmented.  This is usually the result of calling `frame.insert` many times, which has poor performance.  Consider joining all columns at once using pd.concat(axis=1) instead. To get a de-fragmented frame, use `newframe = frame.copy()`
  df[f"strength__{key}"] = ""
C:\Users\whynot\VSCodeProjects\news-zero-shot\scripts\prepare_v4_clean_dataset.py:36: PerformanceWarning: DataFrame is highly fragmented.  This is usually the result of calling `frame.insert` many times, which has poor performance.  Consider joining all columns at once using pd.concat(axis=1) instead. To get a de-fragmented frame, use `newframe = frame.copy()`
  df[f"sentiment__{key}"] = ""
C:\Users\whynot\VSCodeProjects\news-zero-shot\scripts\prepare_v4_clean_dataset.py:37: PerformanceWarning: DataFrame is highly fragmented.  This is usually the result of calling `frame.insert` many times, which has poor performance.  Consider joining all columns at once using pd.concat(axis=1) instead. To get a de-fragmented frame, use `newframe = frame.copy()`
  df[f"relevance__{key}"] = 0.0
C:\Users\whynot\VSCodeProjects\news-zero-shot\scripts\prepare_v4_clean_dataset.py:38: PerformanceWarning: DataFrame is highly fragmented.  This is usually the result of calling `frame.insert` many times, which has poor performance.  Consider joining all columns at once using pd.concat(axis=1) instead. To get a de-fragmented frame, use `newframe = frame.copy()`
  df[f"pressure__{key}"] = 0.0
C:\Users\whynot\VSCodeProjects\news-zero-shot\scripts\prepare_v4_clean_dataset.py:35: PerformanceWarning: DataFrame is highly fragmented.  This is usually the result of calling `frame.insert` many times, which has poor performance.  Consider joining all columns at once using pd.concat(axis=1) instead. To get a de-fragmented frame, use `newframe = frame.copy()`
  df[f"strength__{key}"] = ""
C:\Users\whynot\VSCodeProjects\news-zero-shot\scripts\prepare_v4_clean_dataset.py:36: PerformanceWarning: DataFrame is highly fragmented.  This is usually the result of calling `frame.insert` many times, which has poor performance.  Consider joining all columns at once using pd.concat(axis=1) instead. To get a de-fragmented frame, use `newframe = frame.copy()`
  df[f"sentiment__{key}"] = ""
C:\Users\whynot\VSCodeProjects\news-zero-shot\scripts\prepare_v4_clean_dataset.py:37: PerformanceWarning: DataFrame is highly fragmented.  This is usually the result of calling `frame.insert` many times, which has poor performance.  Consider joining all columns at once using pd.concat(axis=1) instead. To get a de-fragmented frame, use `newframe = frame.copy()`
  df[f"relevance__{key}"] = 0.0
C:\Users\whynot\VSCodeProjects\news-zero-shot\scripts\prepare_v4_clean_dataset.py:38: PerformanceWarning: DataFrame is highly fragmented.  This is usually the result of calling `frame.insert` many times, which has poor performance.  Consider joining all columns at once using pd.concat(axis=1) instead. To get a de-fragmented frame, use `newframe = frame.copy()`
  df[f"pressure__{key}"] = 0.0
C:\Users\whynot\VSCodeProjects\news-zero-shot\scripts\prepare_v4_clean_dataset.py:35: PerformanceWarning: DataFrame is highly fragmented.  This is usually the result of calling `frame.insert` many times, which has poor performance.  Consider joining all columns at once using pd.concat(axis=1) instead. To get a de-fragmented frame, use `newframe = frame.copy()`
  df[f"strength__{key}"] = ""
C:\Users\whynot\VSCodeProjects\news-zero-shot\scripts\prepare_v4_clean_dataset.py:36: PerformanceWarning: DataFrame is highly fragmented.  This is usually the result of calling `frame.insert` many times, which has poor performance.  Consider joining all columns at once using pd.concat(axis=1) instead. To get a de-fragmented frame, use `newframe = frame.copy()`
  df[f"sentiment__{key}"] = ""
C:\Users\whynot\VSCodeProjects\news-zero-shot\scripts\prepare_v4_clean_dataset.py:37: PerformanceWarning: DataFrame is highly fragmented.  This is usually the result of calling `frame.insert` many times, which has poor performance.  Consider joining all columns at once using pd.concat(axis=1) instead. To get a de-fragmented frame, use `newframe = frame.copy()`
  df[f"relevance__{key}"] = 0.0
C:\Users\whynot\VSCodeProjects\news-zero-shot\scripts\prepare_v4_clean_dataset.py:38: PerformanceWarning: DataFrame is highly fragmented.  This is usually the result of calling `frame.insert` many times, which has poor performance.  Consider joining all columns at once using pd.concat(axis=1) instead. To get a de-fragmented frame, use `newframe = frame.copy()`
  df[f"pressure__{key}"] = 0.0
C:\Users\whynot\VSCodeProjects\news-zero-shot\scripts\prepare_v4_clean_dataset.py:35: PerformanceWarning: DataFrame is highly fragmented.  This is usually the result of calling `frame.insert` many times, which has poor performance.  Consider joining all columns at once using pd.concat(axis=1) instead. To get a de-fragmented frame, use `newframe = frame.copy()`
  df[f"strength__{key}"] = ""
C:\Users\whynot\VSCodeProjects\news-zero-shot\scripts\prepare_v4_clean_dataset.py:36: PerformanceWarning: DataFrame is highly fragmented.  This is usually the result of calling `frame.insert` many times, which has poor performance.  Consider joining all columns at once using pd.concat(axis=1) instead. To get a de-fragmented frame, use `newframe = frame.copy()`
  df[f"sentiment__{key}"] = ""
C:\Users\whynot\VSCodeProjects\news-zero-shot\scripts\prepare_v4_clean_dataset.py:37: PerformanceWarning: DataFrame is highly fragmented.  This is usually the result of calling `frame.insert` many times, which has poor performance.  Consider joining all columns at once using pd.concat(axis=1) instead. To get a de-fragmented frame, use `newframe = frame.copy()`
  df[f"relevance__{key}"] = 0.0
C:\Users\whynot\VSCodeProjects\news-zero-shot\scripts\prepare_v4_clean_dataset.py:38: PerformanceWarning: DataFrame is highly fragmented.  This is usually the result of calling `frame.insert` many times, which has poor performance.  Consider joining all columns at once using pd.concat(axis=1) instead. To get a de-fragmented frame, use `newframe = frame.copy()`
  df[f"pressure__{key}"] = 0.0
C:\Users\whynot\VSCodeProjects\news-zero-shot\scripts\prepare_v4_clean_dataset.py:35: PerformanceWarning: DataFrame is highly fragmented.  This is usually the result of calling `frame.insert` many times, which has poor performance.  Consider joining all columns at once using pd.concat(axis=1) instead. To get a de-fragmented frame, use `newframe = frame.copy()`
  df[f"strength__{key}"] = ""
C:\Users\whynot\VSCodeProjects\news-zero-shot\scripts\prepare_v4_clean_dataset.py:36: PerformanceWarning: DataFrame is highly fragmented.  This is usually the result of calling `frame.insert` many times, which has poor performance.  Consider joining all columns at once using pd.concat(axis=1) instead. To get a de-fragmented frame, use `newframe = frame.copy()`
  df[f"sentiment__{key}"] = ""
C:\Users\whynot\VSCodeProjects\news-zero-shot\scripts\prepare_v4_clean_dataset.py:37: PerformanceWarning: DataFrame is highly fragmented.  This is usually the result of calling `frame.insert` many times, which has poor performance.  Consider joining all columns at once using pd.concat(axis=1) instead. To get a de-fragmented frame, use `newframe = frame.copy()`
  df[f"relevance__{key}"] = 0.0
C:\Users\whynot\VSCodeProjects\news-zero-shot\scripts\prepare_v4_clean_dataset.py:38: PerformanceWarning: DataFrame is highly fragmented.  This is usually the result of calling `frame.insert` many times, which has poor performance.  Consider joining all columns at once using pd.concat(axis=1) instead. To get a de-fragmented frame, use `newframe = frame.copy()`
  df[f"pressure__{key}"] = 0.0
C:\Users\whynot\VSCodeProjects\news-zero-shot\scripts\prepare_v4_clean_dataset.py:35: PerformanceWarning: DataFrame is highly fragmented.  This is usually the result of calling `frame.insert` many times, which has poor performance.  Consider joining all columns at once using pd.concat(axis=1) instead. To get a de-fragmented frame, use `newframe = frame.copy()`
  df[f"strength__{key}"] = ""
C:\Users\whynot\VSCodeProjects\news-zero-shot\scripts\prepare_v4_clean_dataset.py:36: PerformanceWarning: DataFrame is highly fragmented.  This is usually the result of calling `frame.insert` many times, which has poor performance.  Consider joining all columns at once using pd.concat(axis=1) instead. To get a de-fragmented frame, use `newframe = frame.copy()`
  df[f"sentiment__{key}"] = ""
C:\Users\whynot\VSCodeProjects\news-zero-shot\scripts\prepare_v4_clean_dataset.py:37: PerformanceWarning: DataFrame is highly fragmented.  This is usually the result of calling `frame.insert` many times, which has poor performance.  Consider joining all columns at once using pd.concat(axis=1) instead. To get a de-fragmented frame, use `newframe = frame.copy()`
  df[f"relevance__{key}"] = 0.0
C:\Users\whynot\VSCodeProjects\news-zero-shot\scripts\prepare_v4_clean_dataset.py:38: PerformanceWarning: DataFrame is highly fragmented.  This is usually the result of calling `frame.insert` many times, which has poor performance.  Consider joining all columns at once using pd.concat(axis=1) instead. To get a de-fragmented frame, use `newframe = frame.copy()`
  df[f"pressure__{key}"] = 0.0
