{"dataset": "analysis_outputs\\FINAL_v4_clean_social_signal_dataset_965_normalized.csv", "prompt_file": "prompts\\v4_direct_search\\direct_core_balanced_v8.md", "n_eval_ids": 237, "gold_pairs": 681, "mean_gold_labels": 2.8734177215189876, "model": "gemma4:e4b", "think": true, "batch_size": 1, "timeout": 900.0, "max_tokens": 16384, "num_ctx": 16384, "text_limit": 2200}
v4_prompt: completed=0, pending=237
v4_prompt:    1/237 news; elapsed=6.2s; errors=0
v4_prompt:    2/237 news; elapsed=8.4s; errors=0
v4_prompt:    3/237 news; elapsed=10.0s; errors=0
v4_prompt:    4/237 news; elapsed=11.6s; errors=0
v4_prompt:    5/237 news; elapsed=14.4s; errors=0
v4_prompt:    6/237 news; elapsed=16.8s; errors=0
v4_prompt:    7/237 news; elapsed=19.8s; errors=0
v4_prompt:    8/237 news; elapsed=22.2s; errors=0
v4_prompt:    9/237 news; elapsed=23.7s; errors=0
v4_prompt:   10/237 news; elapsed=25.2s; errors=0
v4_prompt:   11/237 news; elapsed=26.7s; errors=0
v4_prompt:   12/237 news; elapsed=27.4s; errors=0
v4_prompt:   13/237 news; elapsed=29.6s; errors=0
v4_prompt:   14/237 news; elapsed=31.1s; errors=0
v4_prompt:   15/237 news; elapsed=32.5s; errors=0
v4_prompt:   16/237 news; elapsed=33.1s; errors=0
v4_prompt:   17/237 news; elapsed=34.7s; errors=0
v4_prompt:   18/237 news; elapsed=37.0s; errors=0
v4_prompt:   19/237 news; elapsed=38.4s; errors=0
v4_prompt:   20/237 news; elapsed=40.0s; errors=0
v4_prompt:   21/237 news; elapsed=41.5s; errors=0
v4_prompt:   22/237 news; elapsed=43.0s; errors=0
v4_prompt:   23/237 news; elapsed=44.4s; errors=0
v4_prompt:   24/237 news; elapsed=47.0s; errors=0
v4_prompt:   25/237 news; elapsed=47.7s; errors=0
v4_prompt:   26/237 news; elapsed=50.0s; errors=0
v4_prompt:   27/237 news; elapsed=53.4s; errors=0
v4_prompt:   28/237 news; elapsed=55.6s; errors=0
v4_prompt:   29/237 news; elapsed=58.1s; errors=0
v4_prompt:   30/237 news; elapsed=59.7s; errors=0
v4_prompt:   31/237 news; elapsed=61.3s; errors=0
v4_prompt:   32/237 news; elapsed=63.5s; errors=0
v4_prompt:   33/237 news; elapsed=65.0s; errors=0
v4_prompt:   34/237 news; elapsed=67.0s; errors=0
v4_prompt:   35/237 news; elapsed=69.9s; errors=0
v4_prompt:   36/237 news; elapsed=72.2s; errors=0
v4_prompt:   37/237 news; elapsed=74.6s; errors=0
v4_prompt:   38/237 news; elapsed=76.8s; errors=0
v4_prompt:   39/237 news; elapsed=78.3s; errors=0
v4_prompt:   40/237 news; elapsed=80.8s; errors=0
v4_prompt:   41/237 news; elapsed=82.3s; errors=0
v4_prompt:   42/237 news; elapsed=84.2s; errors=1
v4_prompt:   43/237 news; elapsed=85.7s; errors=1
v4_prompt:   44/237 news; elapsed=87.1s; errors=1
v4_prompt:   45/237 news; elapsed=89.8s; errors=1
v4_prompt:   46/237 news; elapsed=91.3s; errors=1
v4_prompt:   47/237 news; elapsed=93.4s; errors=1
v4_prompt:   48/237 news; elapsed=95.5s; errors=1
v4_prompt:   49/237 news; elapsed=97.8s; errors=1
v4_prompt:   50/237 news; elapsed=100.2s; errors=1
v4_prompt:   51/237 news; elapsed=101.7s; errors=1
v4_prompt:   52/237 news; elapsed=104.3s; errors=1
v4_prompt:   53/237 news; elapsed=106.5s; errors=1
v4_prompt:   54/237 news; elapsed=107.8s; errors=1
v4_prompt:   55/237 news; elapsed=109.5s; errors=1
v4_prompt:   56/237 news; elapsed=111.6s; errors=1
v4_prompt:   57/237 news; elapsed=112.9s; errors=1
v4_prompt:   58/237 news; elapsed=114.6s; errors=1
v4_prompt:   59/237 news; elapsed=116.0s; errors=1
v4_prompt:   60/237 news; elapsed=117.5s; errors=1
v4_prompt:   61/237 news; elapsed=118.9s; errors=1
v4_prompt:   62/237 news; elapsed=120.5s; errors=1
v4_prompt:   63/237 news; elapsed=122.9s; errors=1
v4_prompt:   64/237 news; elapsed=125.2s; errors=1
v4_prompt:   65/237 news; elapsed=127.3s; errors=1
v4_prompt:   66/237 news; elapsed=128.7s; errors=1
v4_prompt:   67/237 news; elapsed=130.2s; errors=1
v4_prompt:   68/237 news; elapsed=132.9s; errors=2
v4_prompt:   69/237 news; elapsed=135.2s; errors=2
v4_prompt:   70/237 news; elapsed=138.0s; errors=2
v4_prompt:   71/237 news; elapsed=140.2s; errors=2
v4_prompt:   72/237 news; elapsed=142.6s; errors=2
v4_prompt:   73/237 news; elapsed=144.8s; errors=2
v4_prompt:   74/237 news; elapsed=146.4s; errors=2
v4_prompt:   75/237 news; elapsed=147.8s; errors=2
v4_prompt:   76/237 news; elapsed=149.9s; errors=2
v4_prompt:   77/237 news; elapsed=152.0s; errors=2
v4_prompt:   78/237 news; elapsed=152.7s; errors=2
v4_prompt:   79/237 news; elapsed=154.2s; errors=2
v4_prompt:   80/237 news; elapsed=155.7s; errors=2
v4_prompt:   81/237 news; elapsed=157.0s; errors=2
v4_prompt:   82/237 news; elapsed=157.7s; errors=2
v4_prompt:   83/237 news; elapsed=160.8s; errors=2
v4_prompt:   84/237 news; elapsed=164.0s; errors=2
v4_prompt:   85/237 news; elapsed=166.3s; errors=2
v4_prompt:   86/237 news; elapsed=168.8s; errors=2
v4_prompt:   87/237 news; elapsed=170.4s; errors=2
v4_prompt:   88/237 news; elapsed=171.8s; errors=2
v4_prompt:   89/237 news; elapsed=174.2s; errors=2
v4_prompt:   90/237 news; elapsed=175.7s; errors=2
v4_prompt:   91/237 news; elapsed=177.2s; errors=2
v4_prompt:   92/237 news; elapsed=179.4s; errors=2
v4_prompt:   93/237 news; elapsed=181.9s; errors=2
v4_prompt:   94/237 news; elapsed=185.3s; errors=2
v4_prompt:   95/237 news; elapsed=187.6s; errors=2
v4_prompt:   96/237 news; elapsed=188.3s; errors=2
v4_prompt:   97/237 news; elapsed=189.8s; errors=2
v4_prompt:   98/237 news; elapsed=192.6s; errors=2
v4_prompt:   99/237 news; elapsed=193.3s; errors=2
v4_prompt:  100/237 news; elapsed=194.7s; errors=2
v4_prompt:  101/237 news; elapsed=196.3s; errors=2
v4_prompt:  102/237 news; elapsed=198.5s; errors=2
v4_prompt:  103/237 news; elapsed=201.1s; errors=2
v4_prompt:  104/237 news; elapsed=202.9s; errors=2
v4_prompt:  105/237 news; elapsed=205.3s; errors=2
v4_prompt:  106/237 news; elapsed=207.3s; errors=2
v4_prompt:  107/237 news; elapsed=209.7s; errors=2
v4_prompt:  108/237 news; elapsed=212.0s; errors=2
v4_prompt:  109/237 news; elapsed=214.4s; errors=2
v4_prompt:  110/237 news; elapsed=216.6s; errors=2
v4_prompt:  111/237 news; elapsed=219.0s; errors=2
v4_prompt:  112/237 news; elapsed=221.0s; errors=2
v4_prompt:  113/237 news; elapsed=222.5s; errors=2
v4_prompt:  114/237 news; elapsed=224.1s; errors=2
v4_prompt:  115/237 news; elapsed=227.7s; errors=2
v4_prompt:  116/237 news; elapsed=229.8s; errors=2
v4_prompt:  117/237 news; elapsed=231.5s; errors=2
v4_prompt:  118/237 news; elapsed=234.0s; errors=2
v4_prompt:  119/237 news; elapsed=236.2s; errors=2
v4_prompt:  120/237 news; elapsed=237.7s; errors=2
v4_prompt:  121/237 news; elapsed=239.9s; errors=2
v4_prompt:  122/237 news; elapsed=242.3s; errors=2
v4_prompt:  123/237 news; elapsed=243.8s; errors=2
v4_prompt:  124/237 news; elapsed=245.3s; errors=2
v4_prompt:  125/237 news; elapsed=246.0s; errors=2
v4_prompt:  126/237 news; elapsed=247.6s; errors=2
v4_prompt:  127/237 news; elapsed=249.0s; errors=2
v4_prompt:  128/237 news; elapsed=251.6s; errors=2
v4_prompt:  129/237 news; elapsed=254.7s; errors=2
v4_prompt:  130/237 news; elapsed=256.9s; errors=2
v4_prompt:  131/237 news; elapsed=258.5s; errors=2
v4_prompt:  132/237 news; elapsed=260.7s; errors=2
v4_prompt:  133/237 news; elapsed=262.2s; errors=2
v4_prompt:  134/237 news; elapsed=263.7s; errors=2
v4_prompt:  135/237 news; elapsed=265.1s; errors=2
v4_prompt:  136/237 news; elapsed=267.4s; errors=2
v4_prompt:  137/237 news; elapsed=269.5s; errors=2
v4_prompt:  138/237 news; elapsed=271.6s; errors=2
v4_prompt:  139/237 news; elapsed=274.0s; errors=2
v4_prompt:  140/237 news; elapsed=275.5s; errors=2
v4_prompt:  141/237 news; elapsed=277.7s; errors=2
v4_prompt:  142/237 news; elapsed=279.3s; errors=2
v4_prompt:  143/237 news; elapsed=281.8s; errors=2
v4_prompt:  144/237 news; elapsed=282.5s; errors=2
v4_prompt:  145/237 news; elapsed=285.7s; errors=2
v4_prompt:  146/237 news; elapsed=287.7s; errors=2
v4_prompt:  147/237 news; elapsed=289.3s; errors=2
v4_prompt:  148/237 news; elapsed=290.9s; errors=2
v4_prompt:  149/237 news; elapsed=293.7s; errors=2
v4_prompt:  150/237 news; elapsed=296.0s; errors=2
v4_prompt:  151/237 news; elapsed=297.4s; errors=2
v4_prompt:  152/237 news; elapsed=300.2s; errors=2
v4_prompt:  153/237 news; elapsed=301.7s; errors=2
v4_prompt:  154/237 news; elapsed=304.3s; errors=2
v4_prompt:  155/237 news; elapsed=305.9s; errors=2
v4_prompt:  156/237 news; elapsed=307.5s; errors=2
v4_prompt:  157/237 news; elapsed=310.0s; errors=2
v4_prompt:  158/237 news; elapsed=311.4s; errors=2
v4_prompt:  159/237 news; elapsed=312.9s; errors=2
v4_prompt:  160/237 news; elapsed=314.4s; errors=2
v4_prompt:  161/237 news; elapsed=317.6s; errors=2
v4_prompt:  162/237 news; elapsed=319.7s; errors=2
v4_prompt:  163/237 news; elapsed=321.7s; errors=2
v4_prompt:  164/237 news; elapsed=323.2s; errors=2
v4_prompt:  165/237 news; elapsed=325.9s; errors=2
v4_prompt:  166/237 news; elapsed=327.4s; errors=2
v4_prompt:  167/237 news; elapsed=329.6s; errors=2
v4_prompt:  168/237 news; elapsed=331.1s; errors=2
v4_prompt:  169/237 news; elapsed=332.8s; errors=2
v4_prompt:  170/237 news; elapsed=334.9s; errors=2
v4_prompt:  171/237 news; elapsed=336.4s; errors=2
v4_prompt:  172/237 news; elapsed=337.8s; errors=2
v4_prompt:  173/237 news; elapsed=340.2s; errors=2
v4_prompt:  174/237 news; elapsed=341.7s; errors=2
v4_prompt:  175/237 news; elapsed=344.1s; errors=2
v4_prompt:  176/237 news; elapsed=347.1s; errors=2
v4_prompt:  177/237 news; elapsed=348.7s; errors=2
v4_prompt:  178/237 news; elapsed=350.2s; errors=2
v4_prompt:  179/237 news; elapsed=351.5s; errors=2
v4_prompt:  180/237 news; elapsed=353.8s; errors=2
v4_prompt:  181/237 news; elapsed=356.1s; errors=2
v4_prompt:  182/237 news; elapsed=359.5s; errors=2
v4_prompt:  183/237 news; elapsed=361.1s; errors=2
v4_prompt:  184/237 news; elapsed=362.6s; errors=2
v4_prompt:  185/237 news; elapsed=364.2s; errors=2
v4_prompt:  186/237 news; elapsed=365.6s; errors=2
v4_prompt:  187/237 news; elapsed=367.9s; errors=2
v4_prompt:  188/237 news; elapsed=371.1s; errors=2
v4_prompt:  189/237 news; elapsed=371.8s; errors=2
v4_prompt:  190/237 news; elapsed=375.0s; errors=2
v4_prompt:  191/237 news; elapsed=377.5s; errors=2
v4_prompt:  192/237 news; elapsed=380.5s; errors=2
v4_prompt:  193/237 news; elapsed=383.1s; errors=2
v4_prompt:  194/237 news; elapsed=385.3s; errors=2
v4_prompt:  195/237 news; elapsed=386.8s; errors=2
v4_prompt:  196/237 news; elapsed=390.3s; errors=2
v4_prompt:  197/237 news; elapsed=392.4s; errors=2
v4_prompt:  198/237 news; elapsed=394.8s; errors=2
v4_prompt:  199/237 news; elapsed=396.3s; errors=2
v4_prompt:  200/237 news; elapsed=397.8s; errors=2
v4_prompt:  201/237 news; elapsed=399.3s; errors=2
v4_prompt:  202/237 news; elapsed=401.6s; errors=2
v4_prompt:  203/237 news; elapsed=404.1s; errors=2
v4_prompt:  204/237 news; elapsed=406.6s; errors=2
v4_prompt:  205/237 news; elapsed=408.2s; errors=2
v4_prompt:  206/237 news; elapsed=411.9s; errors=2
v4_prompt:  207/237 news; elapsed=414.0s; errors=2
v4_prompt:  208/237 news; elapsed=416.2s; errors=2
v4_prompt:  209/237 news; elapsed=418.3s; errors=2
v4_prompt:  210/237 news; elapsed=420.4s; errors=2
v4_prompt:  211/237 news; elapsed=421.1s; errors=2
v4_prompt:  212/237 news; elapsed=423.1s; errors=2
v4_prompt:  213/237 news; elapsed=426.2s; errors=2
v4_prompt:  214/237 news; elapsed=427.7s; errors=2
v4_prompt:  215/237 news; elapsed=429.2s; errors=2
v4_prompt:  216/237 news; elapsed=432.5s; errors=2
v4_prompt:  217/237 news; elapsed=435.6s; errors=2
v4_prompt:  218/237 news; elapsed=437.1s; errors=2
v4_prompt:  219/237 news; elapsed=438.7s; errors=2
v4_prompt:  220/237 news; elapsed=441.8s; errors=2
v4_prompt:  221/237 news; elapsed=443.3s; errors=2
v4_prompt:  222/237 news; elapsed=444.8s; errors=2
v4_prompt:  223/237 news; elapsed=446.9s; errors=2
v4_prompt:  224/237 news; elapsed=449.4s; errors=2
v4_prompt:  225/237 news; elapsed=452.2s; errors=2
v4_prompt:  226/237 news; elapsed=454.6s; errors=2
v4_prompt:  227/237 news; elapsed=456.4s; errors=2
v4_prompt:  228/237 news; elapsed=459.6s; errors=2
v4_prompt:  229/237 news; elapsed=461.9s; errors=2
v4_prompt:  230/237 news; elapsed=463.6s; errors=2
v4_prompt:  231/237 news; elapsed=465.0s; errors=2
v4_prompt:  232/237 news; elapsed=467.9s; errors=2
v4_prompt:  233/237 news; elapsed=469.5s; errors=2
v4_prompt:  234/237 news; elapsed=470.2s; errors=2
v4_prompt:  235/237 news; elapsed=471.7s; errors=2
v4_prompt:  236/237 news; elapsed=474.1s; errors=2
v4_prompt:  237/237 news; elapsed=476.2s; errors=2
saved=C:\Users\whynot\VSCodeProjects\news-zero-shot\analysis_outputs\v4_social_signal_experiment_v4_prompt_think_true_gemma4_e4b_direct_core_balanced_v8_think_ctx16384_tok16384_n237.csv
  variant threshold  n_news  gold_positive_pairs  pred_positive_pairs  pred_mean_labels  micro_precision  micro_recall  micro_f1  macro_f1_supported  sample_f1_empty_correct  any_relevant_precision  any_relevant_recall  any_relevant_f1  false_relevant_news  missed_all_relevant_news  excluded_news  error_rows
v4_prompt   default     237                  681                  371            1.5654           0.7978        0.4347    0.5627              0.2749                   0.5607                     1.0               0.9325           0.9651                    0                        16              0          72
v4_prompt      0.05     237                  681                  371            1.5654           0.7978        0.4347    0.5627              0.2749                   0.5607                     1.0               0.9325           0.9651                    0                        16              0          72
v4_prompt      0.10     237                  681                  371            1.5654           0.7978        0.4347    0.5627              0.2749                   0.5607                     1.0               0.9325           0.9651                    0                        16              0          72
v4_prompt      0.20     237                  681                  371            1.5654           0.7978        0.4347    0.5627              0.2749                   0.5607                     1.0               0.9325           0.9651                    0                        16              0          72
v4_prompt      0.30     237                  681                  371            1.5654           0.7978        0.4347    0.5627              0.2749                   0.5607                     1.0               0.9325           0.9651                    0                        16              0          72
v4_prompt      0.40     237                  681                  371            1.5654           0.7978        0.4347    0.5627              0.2749                   0.5607                     1.0               0.9325           0.9651                    0                        16              0          72
v4_prompt      0.45     237                  681                  371            1.5654           0.7978        0.4347    0.5627              0.2749                   0.5607                     1.0               0.9325           0.9651                    0                        16              0          72
v4_prompt      0.50     237                  681                  371            1.5654           0.7978        0.4347    0.5627              0.2749                   0.5607                     1.0               0.9325           0.9651                    0                        16              0          72
v4_prompt      0.60     237                  681                  371            1.5654           0.7978        0.4347    0.5627              0.2749                   0.5607                     1.0               0.9325           0.9651                    0                        16              0          72
v4_prompt      0.70     237                  681                  367            1.5485           0.8011        0.4317    0.5611              0.2751                   0.5589                     1.0               0.9325           0.9651                    0                        16              0          72
metrics saved=C:\Users\whynot\VSCodeProjects\news-zero-shot\analysis_outputs\v4_social_signal_experiment_metrics_v4_prompt_think_true_gemma4_e4b_direct_core_balanced_v8_think_ctx16384_tok16384_n237.csv
runs=11
saved=C:\Users\whynot\VSCodeProjects\news-zero-shot\analysis_outputs\v4_strength_metrics.csv
                                                                                                              run_id                                                                                                                file_name      model                      prompt  n_news  n_rows  complete_36x_rows  json_errors threshold  scope  gold_pairs  pred_pairs  tp_pairs  fp_pairs_vs_scope  fn_pairs  mean_pred_labels  micro_precision  micro_recall  micro_f1  macro_f1_supported  sample_f1  any_precision  any_recall  any_f1  gold_news  pred_any_news  missed_all_scope_news  false_relevant_news
    v4_social_signal_experiment_v4_prompt_think_true_gemma4_e4b_direct_core_targeted_v7_think_ctx16384_tok16384_n237     v4_social_signal_experiment_v4_prompt_think_true_gemma4_e4b_direct_core_targeted_v7_think_ctx16384_tok16384_n237.csv gemma4:e4b     direct_core_targeted_v7     237    8532               True            3      0.85 direct         221         226       130                 96        91            0.9536           0.5752        0.5882    0.5817              0.4101     0.5715         0.7342      0.8000  0.7657        145            158                     29                   42
      v4_social_signal_experiment_v4_prompt_think_true_gemma4_e4b_direct_core_recall_v2_think_ctx16384_tok16384_n237       v4_social_signal_experiment_v4_prompt_think_true_gemma4_e4b_direct_core_recall_v2_think_ctx16384_tok16384_n237.csv gemma4:e4b       direct_core_recall_v2     237    8532               True            2      0.85 direct         221         225       129                 96        92            0.9494           0.5733        0.5837    0.5785              0.3593     0.5513         0.7110      0.8483  0.7736        145            173                     22                   50
      v4_social_signal_experiment_v4_prompt_think_true_gemma4_e4b_direct_core_recall_v2_think_ctx16384_tok16384_n237       v4_social_signal_experiment_v4_prompt_think_true_gemma4_e4b_direct_core_recall_v2_think_ctx16384_tok16384_n237.csv gemma4:e4b       direct_core_recall_v2     237    8532               True            2      0.75 direct         221         242       133                109        88            1.0211           0.5496        0.6018    0.5745              0.3506     0.5475         0.7086      0.8552  0.7750        145            175                     21                   51
      v4_social_signal_experiment_v4_prompt_think_true_gemma4_e4b_direct_core_recall_v2_think_ctx16384_tok16384_n237       v4_social_signal_experiment_v4_prompt_think_true_gemma4_e4b_direct_core_recall_v2_think_ctx16384_tok16384_n237.csv gemma4:e4b       direct_core_recall_v2     237    8532               True            2      0.80 direct         221         239       132                107        89            1.0084           0.5523        0.5973    0.5739              0.3511     0.5481         0.7086      0.8552  0.7750        145            175                     21                   51
v4_social_signal_experiment_v4_prompt_think_true_gemma4_e4b_direct_core_gold_fewshot_v5_think_ctx16384_tok16384_n237 v4_social_signal_experiment_v4_prompt_think_true_gemma4_e4b_direct_core_gold_fewshot_v5_think_ctx16384_tok16384_n237.csv gemma4:e4b direct_core_gold_fewshot_v5     237    8532               True            1      0.90 direct         221         183       114                 69       107            0.7722           0.6230        0.5158    0.5644              0.3373     0.5882         0.7655      0.7655  0.7655        145            145                     34                   34
    v4_social_signal_experiment_v4_prompt_think_true_gemma4_e4b_direct_core_targeted_v7_think_ctx16384_tok16384_n237     v4_social_signal_experiment_v4_prompt_think_true_gemma4_e4b_direct_core_targeted_v7_think_ctx16384_tok16384_n237.csv gemma4:e4b     direct_core_targeted_v7     237    8532               True            3      0.80 direct         221         288       143                145        78            1.2152           0.4965        0.6471    0.5619              0.4511     0.4930         0.6616      0.9034  0.7638        145            198                     14                   67
    v4_social_signal_experiment_v4_prompt_think_true_gemma4_e4b_direct_core_targeted_v7_think_ctx16384_tok16384_n237     v4_social_signal_experiment_v4_prompt_think_true_gemma4_e4b_direct_core_targeted_v7_think_ctx16384_tok16384_n237.csv gemma4:e4b     direct_core_targeted_v7     237    8532               True            3      0.75 direct         221         315       150                165        71            1.3291           0.4762        0.6787    0.5597              0.4375     0.4797         0.6522      0.9310  0.7670        145            207                     10                   72
    v4_social_signal_experiment_v4_prompt_think_true_gemma4_e4b_direct_core_targeted_v7_think_ctx16384_tok16384_n237     v4_social_signal_experiment_v4_prompt_think_true_gemma4_e4b_direct_core_targeted_v7_think_ctx16384_tok16384_n237.csv gemma4:e4b     direct_core_targeted_v7     237    8532               True            3      0.90 direct         221         173       110                 63       111            0.7300           0.6358        0.4977    0.5584              0.3865     0.5921         0.7794      0.7310  0.7544        145            136                     39                   30
    v4_social_signal_experiment_v4_prompt_think_true_gemma4_e4b_direct_core_filtered_v3_think_ctx16384_tok16384_n237     v4_social_signal_experiment_v4_prompt_think_true_gemma4_e4b_direct_core_filtered_v3_think_ctx16384_tok16384_n237.csv gemma4:e4b     direct_core_filtered_v3     237    8532               True            0      0.80 direct         221         226       124                102        97            0.9536           0.5487        0.5611    0.5548              0.3541     0.5274         0.6988      0.8000  0.7460        145            166                     29                   50
    v4_social_signal_experiment_v4_prompt_think_true_gemma4_e4b_direct_core_targeted_v7_think_ctx16384_tok16384_n237     v4_social_signal_experiment_v4_prompt_think_true_gemma4_e4b_direct_core_targeted_v7_think_ctx16384_tok16384_n237.csv gemma4:e4b     direct_core_targeted_v7     237    8532               True            3      0.65 direct         221         348       156                192        65            1.4684           0.4483        0.7059    0.5483              0.4994     0.4625         0.6396      0.9793  0.7738        145            222                      3                   80
    v4_social_signal_experiment_v4_prompt_think_true_gemma4_e4b_direct_core_targeted_v7_think_ctx16384_tok16384_n237     v4_social_signal_experiment_v4_prompt_think_true_gemma4_e4b_direct_core_targeted_v7_think_ctx16384_tok16384_n237.csv gemma4:e4b     direct_core_targeted_v7     237    8532               True            3      0.70 direct         221         348       156                192        65            1.4684           0.4483        0.7059    0.5483              0.4994     0.4625         0.6396      0.9793  0.7738        145            222                      3                   80
      v4_social_signal_experiment_v4_prompt_think_true_gemma4_e4b_direct_core_recall_v2_think_ctx16384_tok16384_n237       v4_social_signal_experiment_v4_prompt_think_true_gemma4_e4b_direct_core_recall_v2_think_ctx16384_tok16384_n237.csv gemma4:e4b       direct_core_recall_v2     237    8532               True            2      0.65 direct         221         298       142                156        79            1.2574           0.4765        0.6425    0.5472              0.3500     0.4808         0.6634      0.9379  0.7771        145            205                      9                   69
