{"dataset": "analysis_outputs\\FINAL_v4_clean_social_signal_dataset_965_normalized.csv", "prompt_file": "prompts\\v4_direct_search\\direct_business_migration_fixed.md", "n_eval_ids": 237, "gold_pairs": 681, "mean_gold_labels": 2.8734177215189876, "model": "gemma4:e4b", "think": true, "batch_size": 1, "timeout": 900.0, "max_tokens": 16384, "num_ctx": 16384, "text_limit": 2200}
v4_prompt: completed=0, pending=237
v4_prompt:    1/237 news; elapsed=5.5s; errors=0
v4_prompt:    2/237 news; elapsed=7.0s; errors=0
v4_prompt:    3/237 news; elapsed=8.3s; errors=0
v4_prompt:    4/237 news; elapsed=9.6s; errors=0
v4_prompt:    5/237 news; elapsed=12.4s; errors=0
v4_prompt:    6/237 news; elapsed=14.0s; errors=0
v4_prompt:    7/237 news; elapsed=16.1s; errors=0
v4_prompt:    8/237 news; elapsed=17.2s; errors=0
v4_prompt:    9/237 news; elapsed=18.6s; errors=0
v4_prompt:   10/237 news; elapsed=20.1s; errors=0
v4_prompt:   11/237 news; elapsed=21.5s; errors=0
v4_prompt:   12/237 news; elapsed=22.2s; errors=0
v4_prompt:   13/237 news; elapsed=24.8s; errors=0
v4_prompt:   14/237 news; elapsed=26.2s; errors=0
v4_prompt:   15/237 news; elapsed=26.9s; errors=0
v4_prompt:   16/237 news; elapsed=28.3s; errors=0
v4_prompt:   17/237 news; elapsed=29.8s; errors=0
v4_prompt:   18/237 news; elapsed=31.8s; errors=0
v4_prompt:   19/237 news; elapsed=33.4s; errors=0
v4_prompt:   20/237 news; elapsed=34.8s; errors=0
v4_prompt:   21/237 news; elapsed=36.2s; errors=0
v4_prompt:   22/237 news; elapsed=37.6s; errors=0
v4_prompt:   23/237 news; elapsed=39.0s; errors=0
v4_prompt:   24/237 news; elapsed=41.0s; errors=0
v4_prompt:   25/237 news; elapsed=41.7s; errors=0
v4_prompt:   26/237 news; elapsed=43.9s; errors=0
v4_prompt:   27/237 news; elapsed=48.1s; errors=0
v4_prompt:   28/237 news; elapsed=49.4s; errors=0
v4_prompt:   29/237 news; elapsed=51.0s; errors=0
v4_prompt:   30/237 news; elapsed=52.5s; errors=0
v4_prompt:   31/237 news; elapsed=53.9s; errors=0
v4_prompt:   32/237 news; elapsed=55.4s; errors=0
v4_prompt:   33/237 news; elapsed=56.8s; errors=0
v4_prompt:   34/237 news; elapsed=58.1s; errors=0
v4_prompt:   35/237 news; elapsed=60.2s; errors=0
v4_prompt:   36/237 news; elapsed=62.5s; errors=0
v4_prompt:   37/237 news; elapsed=64.0s; errors=0
v4_prompt:   38/237 news; elapsed=65.4s; errors=0
v4_prompt:   39/237 news; elapsed=66.9s; errors=0
v4_prompt:   40/237 news; elapsed=68.4s; errors=0
v4_prompt:   41/237 news; elapsed=69.7s; errors=0
v4_prompt:   42/237 news; elapsed=70.9s; errors=0
v4_prompt:   43/237 news; elapsed=72.2s; errors=0
v4_prompt:   44/237 news; elapsed=74.2s; errors=0
v4_prompt:   45/237 news; elapsed=76.6s; errors=0
v4_prompt:   46/237 news; elapsed=78.1s; errors=0
v4_prompt:   47/237 news; elapsed=80.2s; errors=0
v4_prompt:   48/237 news; elapsed=81.6s; errors=0
v4_prompt:   49/237 news; elapsed=83.3s; errors=0
v4_prompt:   50/237 news; elapsed=84.9s; errors=1
v4_prompt:   51/237 news; elapsed=86.4s; errors=1
v4_prompt:   52/237 news; elapsed=88.1s; errors=1
v4_prompt:   53/237 news; elapsed=89.5s; errors=1
v4_prompt:   54/237 news; elapsed=90.6s; errors=1
v4_prompt:   55/237 news; elapsed=92.8s; errors=1
v4_prompt:   56/237 news; elapsed=94.2s; errors=1
v4_prompt:   57/237 news; elapsed=95.5s; errors=1
v4_prompt:   58/237 news; elapsed=96.2s; errors=1
v4_prompt:   59/237 news; elapsed=97.5s; errors=1
v4_prompt:   60/237 news; elapsed=98.2s; errors=1
v4_prompt:   61/237 news; elapsed=99.5s; errors=1
v4_prompt:   62/237 news; elapsed=100.8s; errors=1
v4_prompt:   63/237 news; elapsed=102.5s; errors=1
v4_prompt:   64/237 news; elapsed=103.5s; errors=1
v4_prompt:   65/237 news; elapsed=104.9s; errors=1
v4_prompt:   66/237 news; elapsed=105.6s; errors=1
v4_prompt:   67/237 news; elapsed=106.2s; errors=1
v4_prompt:   68/237 news; elapsed=108.6s; errors=1
v4_prompt:   69/237 news; elapsed=109.8s; errors=1
v4_prompt:   70/237 news; elapsed=112.4s; errors=1
v4_prompt:   71/237 news; elapsed=113.8s; errors=1
v4_prompt:   72/237 news; elapsed=115.2s; errors=1
v4_prompt:   73/237 news; elapsed=116.6s; errors=1
v4_prompt:   74/237 news; elapsed=118.0s; errors=1
v4_prompt:   75/237 news; elapsed=119.4s; errors=1
v4_prompt:   76/237 news; elapsed=121.0s; errors=1
v4_prompt:   77/237 news; elapsed=122.3s; errors=1
v4_prompt:   78/237 news; elapsed=122.9s; errors=1
v4_prompt:   79/237 news; elapsed=124.5s; errors=1
v4_prompt:   80/237 news; elapsed=126.0s; errors=1
v4_prompt:   81/237 news; elapsed=126.5s; errors=1
v4_prompt:   82/237 news; elapsed=127.2s; errors=1
v4_prompt:   83/237 news; elapsed=129.1s; errors=1
v4_prompt:   84/237 news; elapsed=131.2s; errors=1
v4_prompt:   85/237 news; elapsed=132.6s; errors=1
v4_prompt:   86/237 news; elapsed=134.2s; errors=1
v4_prompt:   87/237 news; elapsed=134.9s; errors=1
v4_prompt:   88/237 news; elapsed=136.2s; errors=1
v4_prompt:   89/237 news; elapsed=137.5s; errors=1
v4_prompt:   90/237 news; elapsed=138.9s; errors=1
v4_prompt:   91/237 news; elapsed=140.3s; errors=1
v4_prompt:   92/237 news; elapsed=141.7s; errors=1
v4_prompt:   93/237 news; elapsed=143.2s; errors=1
v4_prompt:   94/237 news; elapsed=146.0s; errors=1
v4_prompt:   95/237 news; elapsed=148.3s; errors=1
v4_prompt:   96/237 news; elapsed=148.9s; errors=1
v4_prompt:   97/237 news; elapsed=150.5s; errors=1
v4_prompt:   98/237 news; elapsed=152.2s; errors=1
v4_prompt:   99/237 news; elapsed=152.7s; errors=1
v4_prompt:  100/237 news; elapsed=153.8s; errors=1
v4_prompt:  101/237 news; elapsed=155.3s; errors=1
v4_prompt:  102/237 news; elapsed=157.5s; errors=1
v4_prompt:  103/237 news; elapsed=159.0s; errors=1
v4_prompt:  104/237 news; elapsed=160.5s; errors=1
v4_prompt:  105/237 news; elapsed=162.7s; errors=1
v4_prompt:  106/237 news; elapsed=164.7s; errors=1
v4_prompt:  107/237 news; elapsed=167.5s; errors=1
v4_prompt:  108/237 news; elapsed=169.0s; errors=1
v4_prompt:  109/237 news; elapsed=171.2s; errors=1
v4_prompt:  110/237 news; elapsed=172.7s; errors=1
v4_prompt:  111/237 news; elapsed=173.9s; errors=1
v4_prompt:  112/237 news; elapsed=175.9s; errors=1
v4_prompt:  113/237 news; elapsed=177.3s; errors=1
v4_prompt:  114/237 news; elapsed=179.4s; errors=1
v4_prompt:  115/237 news; elapsed=182.2s; errors=1
v4_prompt:  116/237 news; elapsed=184.2s; errors=1
v4_prompt:  117/237 news; elapsed=184.9s; errors=1
v4_prompt:  118/237 news; elapsed=187.2s; errors=1
v4_prompt:  119/237 news; elapsed=188.7s; errors=1
v4_prompt:  120/237 news; elapsed=190.1s; errors=1
v4_prompt:  121/237 news; elapsed=191.6s; errors=1
v4_prompt:  122/237 news; elapsed=193.2s; errors=1
v4_prompt:  123/237 news; elapsed=194.5s; errors=1
v4_prompt:  124/237 news; elapsed=196.0s; errors=1
v4_prompt:  125/237 news; elapsed=197.5s; errors=1
v4_prompt:  126/237 news; elapsed=198.9s; errors=1
v4_prompt:  127/237 news; elapsed=200.3s; errors=1
v4_prompt:  128/237 news; elapsed=201.7s; errors=1
v4_prompt:  129/237 news; elapsed=203.1s; errors=1
v4_prompt:  130/237 news; elapsed=204.5s; errors=1
v4_prompt:  131/237 news; elapsed=206.0s; errors=1
v4_prompt:  132/237 news; elapsed=207.2s; errors=1
v4_prompt:  133/237 news; elapsed=208.6s; errors=1
v4_prompt:  134/237 news; elapsed=209.3s; errors=1
v4_prompt:  135/237 news; elapsed=210.7s; errors=1
v4_prompt:  136/237 news; elapsed=212.2s; errors=1
v4_prompt:  137/237 news; elapsed=214.2s; errors=1
v4_prompt:  138/237 news; elapsed=215.6s; errors=1
v4_prompt:  139/237 news; elapsed=217.0s; errors=1
v4_prompt:  140/237 news; elapsed=218.4s; errors=1
v4_prompt:  141/237 news; elapsed=220.4s; errors=1
v4_prompt:  142/237 news; elapsed=221.9s; errors=1
v4_prompt:  143/237 news; elapsed=223.9s; errors=1
v4_prompt:  144/237 news; elapsed=224.6s; errors=1
v4_prompt:  145/237 news; elapsed=227.5s; errors=2
v4_prompt:  146/237 news; elapsed=228.9s; errors=2
v4_prompt:  147/237 news; elapsed=230.0s; errors=2
v4_prompt:  148/237 news; elapsed=230.5s; errors=2
v4_prompt:  149/237 news; elapsed=232.0s; errors=2
v4_prompt:  150/237 news; elapsed=233.5s; errors=2
v4_prompt:  151/237 news; elapsed=234.9s; errors=2
v4_prompt:  152/237 news; elapsed=236.3s; errors=2
v4_prompt:  153/237 news; elapsed=237.8s; errors=2
v4_prompt:  154/237 news; elapsed=239.8s; errors=2
v4_prompt:  155/237 news; elapsed=241.3s; errors=2
v4_prompt:  156/237 news; elapsed=242.9s; errors=2
v4_prompt:  157/237 news; elapsed=244.6s; errors=2
v4_prompt:  158/237 news; elapsed=245.9s; errors=2
v4_prompt:  159/237 news; elapsed=247.0s; errors=2
v4_prompt:  160/237 news; elapsed=248.3s; errors=2
v4_prompt:  161/237 news; elapsed=249.8s; errors=2
v4_prompt:  162/237 news; elapsed=252.3s; errors=2
v4_prompt:  163/237 news; elapsed=253.9s; errors=2
v4_prompt:  164/237 news; elapsed=254.5s; errors=2
v4_prompt:  165/237 news; elapsed=256.0s; errors=2
v4_prompt:  166/237 news; elapsed=257.4s; errors=2
v4_prompt:  167/237 news; elapsed=259.6s; errors=2
v4_prompt:  168/237 news; elapsed=261.0s; errors=2
v4_prompt:  169/237 news; elapsed=263.6s; errors=2
v4_prompt:  170/237 news; elapsed=265.6s; errors=2
v4_prompt:  171/237 news; elapsed=267.1s; errors=2
v4_prompt:  172/237 news; elapsed=268.4s; errors=2
v4_prompt:  173/237 news; elapsed=269.6s; errors=2
v4_prompt:  174/237 news; elapsed=271.1s; errors=2
v4_prompt:  175/237 news; elapsed=273.4s; errors=2
v4_prompt:  176/237 news; elapsed=274.5s; errors=2
v4_prompt:  177/237 news; elapsed=275.9s; errors=2
v4_prompt:  178/237 news; elapsed=277.3s; errors=2
v4_prompt:  179/237 news; elapsed=278.0s; errors=2
v4_prompt:  180/237 news; elapsed=279.5s; errors=2
v4_prompt:  181/237 news; elapsed=281.8s; errors=2
v4_prompt:  182/237 news; elapsed=284.4s; errors=2
v4_prompt:  183/237 news; elapsed=285.8s; errors=2
v4_prompt:  184/237 news; elapsed=287.2s; errors=2
v4_prompt:  185/237 news; elapsed=288.6s; errors=2
v4_prompt:  186/237 news; elapsed=290.0s; errors=2
v4_prompt:  187/237 news; elapsed=291.4s; errors=2
v4_prompt:  188/237 news; elapsed=293.6s; errors=2
v4_prompt:  189/237 news; elapsed=294.3s; errors=2
v4_prompt:  190/237 news; elapsed=297.0s; errors=2
v4_prompt:  191/237 news; elapsed=298.4s; errors=2
v4_prompt:  192/237 news; elapsed=300.5s; errors=2
v4_prompt:  193/237 news; elapsed=302.7s; errors=2
v4_prompt:  194/237 news; elapsed=304.2s; errors=2
v4_prompt:  195/237 news; elapsed=305.6s; errors=2
v4_prompt:  196/237 news; elapsed=307.2s; errors=2
v4_prompt:  197/237 news; elapsed=309.3s; errors=2
v4_prompt:  198/237 news; elapsed=311.7s; errors=2
v4_prompt:  199/237 news; elapsed=313.2s; errors=2
v4_prompt:  200/237 news; elapsed=314.7s; errors=2
v4_prompt:  201/237 news; elapsed=316.1s; errors=2
v4_prompt:  202/237 news; elapsed=317.4s; errors=2
v4_prompt:  203/237 news; elapsed=318.7s; errors=2
v4_prompt:  204/237 news; elapsed=320.2s; errors=2
v4_prompt:  205/237 news; elapsed=321.8s; errors=2
v4_prompt:  206/237 news; elapsed=324.8s; errors=2
v4_prompt:  207/237 news; elapsed=326.2s; errors=2
v4_prompt:  208/237 news; elapsed=328.3s; errors=2
v4_prompt:  209/237 news; elapsed=329.7s; errors=2
v4_prompt:  210/237 news; elapsed=331.1s; errors=2
v4_prompt:  211/237 news; elapsed=331.8s; errors=2
v4_prompt:  212/237 news; elapsed=333.3s; errors=2
v4_prompt:  213/237 news; elapsed=335.6s; errors=2
v4_prompt:  214/237 news; elapsed=337.0s; errors=2
v4_prompt:  215/237 news; elapsed=338.3s; errors=2
v4_prompt:  216/237 news; elapsed=339.7s; errors=2
v4_prompt:  217/237 news; elapsed=342.4s; errors=2
v4_prompt:  218/237 news; elapsed=343.8s; errors=2
v4_prompt:  219/237 news; elapsed=345.2s; errors=2
v4_prompt:  220/237 news; elapsed=346.7s; errors=2
v4_prompt:  221/237 news; elapsed=348.1s; errors=2
v4_prompt:  222/237 news; elapsed=349.5s; errors=2
v4_prompt:  223/237 news; elapsed=351.5s; errors=2
v4_prompt:  224/237 news; elapsed=353.9s; errors=2
v4_prompt:  225/237 news; elapsed=356.0s; errors=2
v4_prompt:  226/237 news; elapsed=357.5s; errors=2
v4_prompt:  227/237 news; elapsed=358.9s; errors=2
v4_prompt:  228/237 news; elapsed=362.0s; errors=2
v4_prompt:  229/237 news; elapsed=363.5s; errors=2
v4_prompt:  230/237 news; elapsed=365.1s; errors=2
v4_prompt:  231/237 news; elapsed=366.4s; errors=2
v4_prompt:  232/237 news; elapsed=368.7s; errors=2
v4_prompt:  233/237 news; elapsed=370.2s; errors=2
v4_prompt:  234/237 news; elapsed=370.9s; errors=2
v4_prompt:  235/237 news; elapsed=372.4s; errors=2
v4_prompt:  236/237 news; elapsed=373.9s; errors=2
v4_prompt:  237/237 news; elapsed=375.9s; errors=2
saved=C:\Users\whynot\VSCodeProjects\news-zero-shot\analysis_outputs\v4_social_signal_experiment_v4_prompt_think_true_gemma4_e4b_direct_business_migration_fixed_think_ctx16384_tok16384_n237.csv
  variant threshold  n_news  gold_positive_pairs  pred_positive_pairs  pred_mean_labels  micro_precision  micro_recall  micro_f1  macro_f1_supported  sample_f1_empty_correct  any_relevant_precision  any_relevant_recall  any_relevant_f1  false_relevant_news  missed_all_relevant_news  excluded_news  error_rows
v4_prompt   default     237                  681                  274            1.1561           0.7299        0.2937    0.4188              0.2229                   0.4014                     1.0               0.8945           0.9443                    0                        25              0          72
v4_prompt      0.05     237                  681                  274            1.1561           0.7299        0.2937    0.4188              0.2229                   0.4014                     1.0               0.8945           0.9443                    0                        25              0          72
v4_prompt      0.10     237                  681                  274            1.1561           0.7299        0.2937    0.4188              0.2229                   0.4014                     1.0               0.8945           0.9443                    0                        25              0          72
v4_prompt      0.20     237                  681                  274            1.1561           0.7299        0.2937    0.4188              0.2229                   0.4014                     1.0               0.8945           0.9443                    0                        25              0          72
v4_prompt      0.30     237                  681                  274            1.1561           0.7299        0.2937    0.4188              0.2229                   0.4014                     1.0               0.8945           0.9443                    0                        25              0          72
v4_prompt      0.40     237                  681                  274            1.1561           0.7299        0.2937    0.4188              0.2229                   0.4014                     1.0               0.8945           0.9443                    0                        25              0          72
v4_prompt      0.45     237                  681                  274            1.1561           0.7299        0.2937    0.4188              0.2229                   0.4014                     1.0               0.8945           0.9443                    0                        25              0          72
v4_prompt      0.50     237                  681                  274            1.1561           0.7299        0.2937    0.4188              0.2229                   0.4014                     1.0               0.8945           0.9443                    0                        25              0          72
v4_prompt      0.60     237                  681                  274            1.1561           0.7299        0.2937    0.4188              0.2229                   0.4014                     1.0               0.8945           0.9443                    0                        25              0          72
v4_prompt      0.70     237                  681                  268            1.1308           0.7388        0.2907    0.4173              0.2226                   0.3986                     1.0               0.8903           0.9420                    0                        26              0          72
metrics saved=C:\Users\whynot\VSCodeProjects\news-zero-shot\analysis_outputs\v4_social_signal_experiment_metrics_v4_prompt_think_true_gemma4_e4b_direct_business_migration_fixed_think_ctx16384_tok16384_n237.csv
runs=2
saved=C:\Users\whynot\VSCodeProjects\news-zero-shot\analysis_outputs\v4_strength_metrics.csv
                                                                                                                  run_id                                                                                                                    file_name      model                          prompt  n_news  n_rows  complete_36x_rows  json_errors threshold  scope  gold_pairs  pred_pairs  tp_pairs  fp_pairs_vs_scope  fn_pairs  mean_pred_labels  micro_precision  micro_recall  micro_f1  macro_f1_supported  sample_f1  any_precision  any_recall  any_f1  gold_news  pred_any_news  missed_all_scope_news  false_relevant_news
v4_social_signal_experiment_v4_prompt_think_true_gemma4_e4b_direct_business_migration_fixed_think_ctx16384_tok16384_n237 v4_social_signal_experiment_v4_prompt_think_true_gemma4_e4b_direct_business_migration_fixed_think_ctx16384_tok16384_n237.csv gemma4:e4b direct_business_migration_fixed     237    8532               True            2      0.75 direct         221         224       107                117       114            0.9451           0.4777        0.4842    0.4809              0.3064     0.4470         0.6739      0.8552  0.7538        145            184                     21                   60
v4_social_signal_experiment_v4_prompt_think_true_gemma4_e4b_direct_business_migration_fixed_think_ctx16384_tok16384_n237 v4_social_signal_experiment_v4_prompt_think_true_gemma4_e4b_direct_business_migration_fixed_think_ctx16384_tok16384_n237.csv gemma4:e4b direct_business_migration_fixed     237    8532               True            2      0.65 direct         221         268       113                155       108            1.1308           0.4216        0.5113    0.4622              0.3287     0.4092         0.6588      0.9586  0.7809        145            211                      6                   72
v4_social_signal_experiment_v4_prompt_think_true_gemma4_e4b_direct_business_migration_fixed_think_ctx16384_tok16384_n237 v4_social_signal_experiment_v4_prompt_think_true_gemma4_e4b_direct_business_migration_fixed_think_ctx16384_tok16384_n237.csv gemma4:e4b direct_business_migration_fixed     237    8532               True            2      0.70 direct         221         268       113                155       108            1.1308           0.4216        0.5113    0.4622              0.3287     0.4092         0.6588      0.9586  0.7809        145            211                      6                   72
v4_social_signal_experiment_v4_prompt_think_true_gemma4_e4b_direct_business_migration_fixed_think_ctx16384_tok16384_n237 v4_social_signal_experiment_v4_prompt_think_true_gemma4_e4b_direct_business_migration_fixed_think_ctx16384_tok16384_n237.csv gemma4:e4b direct_business_migration_fixed     237    8532               True            2      0.80 direct         221         217       101                116       120            0.9156           0.4654        0.4570    0.4612              0.2807     0.4381         0.6758      0.8483  0.7523        145            182                     22                   59
v4_social_signal_experiment_v4_prompt_think_true_gemma4_e4b_direct_business_migration_fixed_think_ctx16384_tok16384_n237 v4_social_signal_experiment_v4_prompt_think_true_gemma4_e4b_direct_business_migration_fixed_think_ctx16384_tok16384_n237.csv gemma4:e4b direct_business_migration_fixed     237    8532               True            2      0.85 direct         221         213       100                113       121            0.8987           0.4695        0.4525    0.4608              0.2832     0.4414         0.6796      0.8483  0.7546        145            181                     22                   58
v4_social_signal_experiment_v4_prompt_think_true_gemma4_e4b_direct_business_migration_fixed_think_ctx16384_tok16384_n237 v4_social_signal_experiment_v4_prompt_think_true_gemma4_e4b_direct_business_migration_fixed_think_ctx16384_tok16384_n237.csv gemma4:e4b direct_business_migration_fixed     237    8532               True            2   default direct         221         274       114                160       107            1.1561           0.4161        0.5158    0.4606              0.3320     0.4104         0.6604      0.9655  0.7843        145            212                      5                   72
v4_social_signal_experiment_v4_prompt_think_true_gemma4_e4b_direct_business_migration_fixed_think_ctx16384_tok16384_n237 v4_social_signal_experiment_v4_prompt_think_true_gemma4_e4b_direct_business_migration_fixed_think_ctx16384_tok16384_n237.csv gemma4:e4b direct_business_migration_fixed     237    8532               True            2      0.05 direct         221         274       114                160       107            1.1561           0.4161        0.5158    0.4606              0.3320     0.4104         0.6604      0.9655  0.7843        145            212                      5                   72
v4_social_signal_experiment_v4_prompt_think_true_gemma4_e4b_direct_business_migration_fixed_think_ctx16384_tok16384_n237 v4_social_signal_experiment_v4_prompt_think_true_gemma4_e4b_direct_business_migration_fixed_think_ctx16384_tok16384_n237.csv gemma4:e4b direct_business_migration_fixed     237    8532               True            2      0.10 direct         221         274       114                160       107            1.1561           0.4161        0.5158    0.4606              0.3320     0.4104         0.6604      0.9655  0.7843        145            212                      5                   72
v4_social_signal_experiment_v4_prompt_think_true_gemma4_e4b_direct_business_migration_fixed_think_ctx16384_tok16384_n237 v4_social_signal_experiment_v4_prompt_think_true_gemma4_e4b_direct_business_migration_fixed_think_ctx16384_tok16384_n237.csv gemma4:e4b direct_business_migration_fixed     237    8532               True            2      0.15 direct         221         274       114                160       107            1.1561           0.4161        0.5158    0.4606              0.3320     0.4104         0.6604      0.9655  0.7843        145            212                      5                   72
v4_social_signal_experiment_v4_prompt_think_true_gemma4_e4b_direct_business_migration_fixed_think_ctx16384_tok16384_n237 v4_social_signal_experiment_v4_prompt_think_true_gemma4_e4b_direct_business_migration_fixed_think_ctx16384_tok16384_n237.csv gemma4:e4b direct_business_migration_fixed     237    8532               True            2      0.20 direct         221         274       114                160       107            1.1561           0.4161        0.5158    0.4606              0.3320     0.4104         0.6604      0.9655  0.7843        145            212                      5                   72
v4_social_signal_experiment_v4_prompt_think_true_gemma4_e4b_direct_business_migration_fixed_think_ctx16384_tok16384_n237 v4_social_signal_experiment_v4_prompt_think_true_gemma4_e4b_direct_business_migration_fixed_think_ctx16384_tok16384_n237.csv gemma4:e4b direct_business_migration_fixed     237    8532               True            2      0.25 direct         221         274       114                160       107            1.1561           0.4161        0.5158    0.4606              0.3320     0.4104         0.6604      0.9655  0.7843        145            212                      5                   72
v4_social_signal_experiment_v4_prompt_think_true_gemma4_e4b_direct_business_migration_fixed_think_ctx16384_tok16384_n237 v4_social_signal_experiment_v4_prompt_think_true_gemma4_e4b_direct_business_migration_fixed_think_ctx16384_tok16384_n237.csv gemma4:e4b direct_business_migration_fixed     237    8532               True            2      0.30 direct         221         274       114                160       107            1.1561           0.4161        0.5158    0.4606              0.3320     0.4104         0.6604      0.9655  0.7843        145            212                      5                   72
