{"dataset": "analysis_outputs\\FINAL_v4_clean_social_signal_dataset_965_normalized.csv", "prompt_file": "prompts\\v4_direct_search\\direct_core_recall_v2.md", "n_eval_ids": 237, "gold_pairs": 681, "mean_gold_labels": 2.8734177215189876, "model": "gemma4:e4b", "think": true, "batch_size": 1, "timeout": 900.0, "max_tokens": 16384, "num_ctx": 16384, "text_limit": 2200}
v4_prompt: completed=0, pending=237
v4_prompt:    1/237 news; elapsed=11.9s; errors=0
v4_prompt:    2/237 news; elapsed=14.0s; errors=0
v4_prompt:    3/237 news; elapsed=15.2s; errors=0
v4_prompt:    4/237 news; elapsed=16.8s; errors=0
v4_prompt:    5/237 news; elapsed=19.4s; errors=0
v4_prompt:    6/237 news; elapsed=21.7s; errors=0
v4_prompt:    7/237 news; elapsed=23.8s; errors=0
v4_prompt:    8/237 news; elapsed=26.1s; errors=0
v4_prompt:    9/237 news; elapsed=27.6s; errors=0
v4_prompt:   10/237 news; elapsed=29.1s; errors=0
v4_prompt:   11/237 news; elapsed=30.6s; errors=0
v4_prompt:   12/237 news; elapsed=31.3s; errors=0
v4_prompt:   13/237 news; elapsed=33.3s; errors=0
v4_prompt:   14/237 news; elapsed=34.7s; errors=0
v4_prompt:   15/237 news; elapsed=36.2s; errors=0
v4_prompt:   16/237 news; elapsed=36.8s; errors=0
v4_prompt:   17/237 news; elapsed=38.2s; errors=0
v4_prompt:   18/237 news; elapsed=40.2s; errors=0
v4_prompt:   19/237 news; elapsed=41.0s; errors=0
v4_prompt:   20/237 news; elapsed=42.3s; errors=0
v4_prompt:   21/237 news; elapsed=43.8s; errors=0
v4_prompt:   22/237 news; elapsed=45.2s; errors=0
v4_prompt:   23/237 news; elapsed=46.6s; errors=0
v4_prompt:   24/237 news; elapsed=48.6s; errors=0
v4_prompt:   25/237 news; elapsed=49.3s; errors=0
v4_prompt:   26/237 news; elapsed=51.5s; errors=0
v4_prompt:   27/237 news; elapsed=54.8s; errors=0
v4_prompt:   28/237 news; elapsed=56.9s; errors=0
v4_prompt:   29/237 news; elapsed=59.4s; errors=0
v4_prompt:   30/237 news; elapsed=60.9s; errors=0
v4_prompt:   31/237 news; elapsed=62.4s; errors=0
v4_prompt:   32/237 news; elapsed=63.8s; errors=0
v4_prompt:   33/237 news; elapsed=65.3s; errors=0
v4_prompt:   34/237 news; elapsed=66.5s; errors=0
v4_prompt:   35/237 news; elapsed=68.7s; errors=0
v4_prompt:   36/237 news; elapsed=71.1s; errors=0
v4_prompt:   37/237 news; elapsed=73.3s; errors=0
v4_prompt:   38/237 news; elapsed=75.9s; errors=1
v4_prompt:   39/237 news; elapsed=76.6s; errors=1
v4_prompt:   40/237 news; elapsed=78.1s; errors=1
v4_prompt:   41/237 news; elapsed=79.6s; errors=1
v4_prompt:   42/237 news; elapsed=80.8s; errors=2
v4_prompt:   43/237 news; elapsed=83.1s; errors=2
v4_prompt:   44/237 news; elapsed=85.0s; errors=2
v4_prompt:   45/237 news; elapsed=87.5s; errors=2
v4_prompt:   46/237 news; elapsed=89.0s; errors=2
v4_prompt:   47/237 news; elapsed=90.4s; errors=2
v4_prompt:   48/237 news; elapsed=91.9s; errors=2
v4_prompt:   49/237 news; elapsed=93.5s; errors=2
v4_prompt:   50/237 news; elapsed=95.7s; errors=2
v4_prompt:   51/237 news; elapsed=97.1s; errors=2
v4_prompt:   52/237 news; elapsed=99.2s; errors=2
v4_prompt:   53/237 news; elapsed=100.7s; errors=2
v4_prompt:   54/237 news; elapsed=101.4s; errors=2
v4_prompt:   55/237 news; elapsed=103.9s; errors=2
v4_prompt:   56/237 news; elapsed=105.2s; errors=2
v4_prompt:   57/237 news; elapsed=106.8s; errors=2
v4_prompt:   58/237 news; elapsed=108.1s; errors=2
v4_prompt:   59/237 news; elapsed=109.3s; errors=2
v4_prompt:   60/237 news; elapsed=109.9s; errors=2
v4_prompt:   61/237 news; elapsed=111.3s; errors=2
v4_prompt:   62/237 news; elapsed=112.8s; errors=2
v4_prompt:   63/237 news; elapsed=114.2s; errors=2
v4_prompt:   64/237 news; elapsed=117.0s; errors=2
v4_prompt:   65/237 news; elapsed=118.6s; errors=2
v4_prompt:   66/237 news; elapsed=120.0s; errors=2
v4_prompt:   67/237 news; elapsed=120.7s; errors=2
v4_prompt:   68/237 news; elapsed=123.1s; errors=2
v4_prompt:   69/237 news; elapsed=125.3s; errors=2
v4_prompt:   70/237 news; elapsed=128.9s; errors=2
v4_prompt:   71/237 news; elapsed=130.4s; errors=2
v4_prompt:   72/237 news; elapsed=131.9s; errors=2
v4_prompt:   73/237 news; elapsed=133.3s; errors=2
v4_prompt:   74/237 news; elapsed=134.7s; errors=2
v4_prompt:   75/237 news; elapsed=136.1s; errors=2
v4_prompt:   76/237 news; elapsed=138.5s; errors=2
v4_prompt:   77/237 news; elapsed=139.8s; errors=2
v4_prompt:   78/237 news; elapsed=140.5s; errors=2
v4_prompt:   79/237 news; elapsed=142.0s; errors=2
v4_prompt:   80/237 news; elapsed=143.5s; errors=2
v4_prompt:   81/237 news; elapsed=144.1s; errors=2
v4_prompt:   82/237 news; elapsed=144.7s; errors=2
v4_prompt:   83/237 news; elapsed=147.3s; errors=2
v4_prompt:   84/237 news; elapsed=150.2s; errors=2
v4_prompt:   85/237 news; elapsed=151.6s; errors=2
v4_prompt:   86/237 news; elapsed=153.2s; errors=2
v4_prompt:   87/237 news; elapsed=153.9s; errors=2
v4_prompt:   88/237 news; elapsed=155.2s; errors=2
v4_prompt:   89/237 news; elapsed=156.4s; errors=2
v4_prompt:   90/237 news; elapsed=157.8s; errors=2
v4_prompt:   91/237 news; elapsed=159.2s; errors=2
v4_prompt:   92/237 news; elapsed=160.7s; errors=2
v4_prompt:   93/237 news; elapsed=162.1s; errors=2
v4_prompt:   94/237 news; elapsed=165.5s; errors=2
v4_prompt:   95/237 news; elapsed=167.8s; errors=2
v4_prompt:   96/237 news; elapsed=168.4s; errors=2
v4_prompt:   97/237 news; elapsed=170.0s; errors=2
v4_prompt:   98/237 news; elapsed=172.3s; errors=2
v4_prompt:   99/237 news; elapsed=173.0s; errors=2
v4_prompt:  100/237 news; elapsed=174.5s; errors=2
v4_prompt:  101/237 news; elapsed=176.0s; errors=2
v4_prompt:  102/237 news; elapsed=177.5s; errors=2
v4_prompt:  103/237 news; elapsed=179.0s; errors=2
v4_prompt:  104/237 news; elapsed=180.4s; errors=2
v4_prompt:  105/237 news; elapsed=182.7s; errors=2
v4_prompt:  106/237 news; elapsed=185.5s; errors=2
v4_prompt:  107/237 news; elapsed=188.3s; errors=2
v4_prompt:  108/237 news; elapsed=189.7s; errors=2
v4_prompt:  109/237 news; elapsed=192.0s; errors=2
v4_prompt:  110/237 news; elapsed=193.5s; errors=2
v4_prompt:  111/237 news; elapsed=194.8s; errors=2
v4_prompt:  112/237 news; elapsed=196.8s; errors=2
v4_prompt:  113/237 news; elapsed=199.0s; errors=2
v4_prompt:  114/237 news; elapsed=200.5s; errors=2
v4_prompt:  115/237 news; elapsed=203.4s; errors=2
v4_prompt:  116/237 news; elapsed=205.4s; errors=2
v4_prompt:  117/237 news; elapsed=206.1s; errors=2
v4_prompt:  118/237 news; elapsed=207.7s; errors=2
v4_prompt:  119/237 news; elapsed=209.1s; errors=2
v4_prompt:  120/237 news; elapsed=210.6s; errors=2
v4_prompt:  121/237 news; elapsed=212.9s; errors=2
v4_prompt:  122/237 news; elapsed=214.4s; errors=2
v4_prompt:  123/237 news; elapsed=215.8s; errors=2
v4_prompt:  124/237 news; elapsed=217.2s; errors=2
v4_prompt:  125/237 news; elapsed=217.9s; errors=2
v4_prompt:  126/237 news; elapsed=219.5s; errors=2
v4_prompt:  127/237 news; elapsed=221.0s; errors=2
v4_prompt:  128/237 news; elapsed=222.1s; errors=2
v4_prompt:  129/237 news; elapsed=223.5s; errors=2
v4_prompt:  130/237 news; elapsed=225.6s; errors=2
v4_prompt:  131/237 news; elapsed=227.2s; errors=2
v4_prompt:  132/237 news; elapsed=229.6s; errors=2
v4_prompt:  133/237 news; elapsed=231.1s; errors=2
v4_prompt:  134/237 news; elapsed=231.7s; errors=2
v4_prompt:  135/237 news; elapsed=233.1s; errors=2
v4_prompt:  136/237 news; elapsed=235.3s; errors=2
v4_prompt:  137/237 news; elapsed=238.0s; errors=2
v4_prompt:  138/237 news; elapsed=239.4s; errors=2
v4_prompt:  139/237 news; elapsed=241.6s; errors=2
v4_prompt:  140/237 news; elapsed=243.1s; errors=2
v4_prompt:  141/237 news; elapsed=244.1s; errors=2
v4_prompt:  142/237 news; elapsed=245.8s; errors=2
v4_prompt:  143/237 news; elapsed=247.9s; errors=2
v4_prompt:  144/237 news; elapsed=248.6s; errors=2
v4_prompt:  145/237 news; elapsed=249.7s; errors=2
v4_prompt:  146/237 news; elapsed=251.1s; errors=2
v4_prompt:  147/237 news; elapsed=252.7s; errors=2
v4_prompt:  148/237 news; elapsed=254.0s; errors=2
v4_prompt:  149/237 news; elapsed=256.6s; errors=2
v4_prompt:  150/237 news; elapsed=258.1s; errors=2
v4_prompt:  151/237 news; elapsed=259.6s; errors=2
v4_prompt:  152/237 news; elapsed=261.2s; errors=2
v4_prompt:  153/237 news; elapsed=262.8s; errors=2
v4_prompt:  154/237 news; elapsed=265.2s; errors=2
v4_prompt:  155/237 news; elapsed=266.7s; errors=2
v4_prompt:  156/237 news; elapsed=269.1s; errors=2
v4_prompt:  157/237 news; elapsed=271.5s; errors=2
v4_prompt:  158/237 news; elapsed=273.0s; errors=2
v4_prompt:  159/237 news; elapsed=274.4s; errors=2
v4_prompt:  160/237 news; elapsed=275.8s; errors=2
v4_prompt:  161/237 news; elapsed=277.4s; errors=2
v4_prompt:  162/237 news; elapsed=280.0s; errors=2
v4_prompt:  163/237 news; elapsed=282.2s; errors=2
v4_prompt:  164/237 news; elapsed=282.8s; errors=2
v4_prompt:  165/237 news; elapsed=284.2s; errors=2
v4_prompt:  166/237 news; elapsed=285.5s; errors=2
v4_prompt:  167/237 news; elapsed=287.6s; errors=2
v4_prompt:  168/237 news; elapsed=289.0s; errors=2
v4_prompt:  169/237 news; elapsed=291.4s; errors=2
v4_prompt:  170/237 news; elapsed=294.1s; errors=2
v4_prompt:  171/237 news; elapsed=295.5s; errors=2
v4_prompt:  172/237 news; elapsed=296.7s; errors=2
v4_prompt:  173/237 news; elapsed=299.1s; errors=2
v4_prompt:  174/237 news; elapsed=300.6s; errors=2
v4_prompt:  175/237 news; elapsed=302.0s; errors=2
v4_prompt:  176/237 news; elapsed=303.6s; errors=2
v4_prompt:  177/237 news; elapsed=305.1s; errors=2
v4_prompt:  178/237 news; elapsed=306.5s; errors=2
v4_prompt:  179/237 news; elapsed=307.2s; errors=2
v4_prompt:  180/237 news; elapsed=308.6s; errors=2
v4_prompt:  181/237 news; elapsed=310.0s; errors=2
v4_prompt:  182/237 news; elapsed=312.9s; errors=2
v4_prompt:  183/237 news; elapsed=314.4s; errors=2
v4_prompt:  184/237 news; elapsed=315.7s; errors=2
v4_prompt:  185/237 news; elapsed=317.2s; errors=2
v4_prompt:  186/237 news; elapsed=318.6s; errors=2
v4_prompt:  187/237 news; elapsed=320.8s; errors=2
v4_prompt:  188/237 news; elapsed=323.1s; errors=2
v4_prompt:  189/237 news; elapsed=323.8s; errors=2
v4_prompt:  190/237 news; elapsed=326.8s; errors=2
v4_prompt:  191/237 news; elapsed=328.3s; errors=2
v4_prompt:  192/237 news; elapsed=330.4s; errors=2
v4_prompt:  193/237 news; elapsed=332.8s; errors=2
v4_prompt:  194/237 news; elapsed=334.3s; errors=2
v4_prompt:  195/237 news; elapsed=335.9s; errors=2
v4_prompt:  196/237 news; elapsed=338.5s; errors=2
v4_prompt:  197/237 news; elapsed=340.7s; errors=2
v4_prompt:  198/237 news; elapsed=343.0s; errors=2
v4_prompt:  199/237 news; elapsed=343.7s; errors=2
v4_prompt:  200/237 news; elapsed=345.1s; errors=2
v4_prompt:  201/237 news; elapsed=346.5s; errors=2
v4_prompt:  202/237 news; elapsed=347.8s; errors=2
v4_prompt:  203/237 news; elapsed=349.4s; errors=2
v4_prompt:  204/237 news; elapsed=351.8s; errors=2
v4_prompt:  205/237 news; elapsed=352.5s; errors=2
v4_prompt:  206/237 news; elapsed=356.2s; errors=2
v4_prompt:  207/237 news; elapsed=357.6s; errors=2
v4_prompt:  208/237 news; elapsed=360.1s; errors=2
v4_prompt:  209/237 news; elapsed=362.5s; errors=2
v4_prompt:  210/237 news; elapsed=363.9s; errors=2
v4_prompt:  211/237 news; elapsed=364.5s; errors=2
v4_prompt:  212/237 news; elapsed=366.0s; errors=2
v4_prompt:  213/237 news; elapsed=368.3s; errors=2
v4_prompt:  214/237 news; elapsed=369.7s; errors=2
v4_prompt:  215/237 news; elapsed=371.0s; errors=2
v4_prompt:  216/237 news; elapsed=372.8s; errors=2
v4_prompt:  217/237 news; elapsed=374.8s; errors=2
v4_prompt:  218/237 news; elapsed=376.3s; errors=2
v4_prompt:  219/237 news; elapsed=377.9s; errors=2
v4_prompt:  220/237 news; elapsed=379.3s; errors=2
v4_prompt:  221/237 news; elapsed=381.4s; errors=2
v4_prompt:  222/237 news; elapsed=382.8s; errors=2
v4_prompt:  223/237 news; elapsed=384.9s; errors=2
v4_prompt:  224/237 news; elapsed=386.5s; errors=2
v4_prompt:  225/237 news; elapsed=388.6s; errors=2
v4_prompt:  226/237 news; elapsed=390.6s; errors=2
v4_prompt:  227/237 news; elapsed=392.1s; errors=2
v4_prompt:  228/237 news; elapsed=396.1s; errors=2
v4_prompt:  229/237 news; elapsed=397.5s; errors=2
v4_prompt:  230/237 news; elapsed=399.2s; errors=2
v4_prompt:  231/237 news; elapsed=400.5s; errors=2
v4_prompt:  232/237 news; elapsed=402.6s; errors=2
v4_prompt:  233/237 news; elapsed=404.1s; errors=2
v4_prompt:  234/237 news; elapsed=404.8s; errors=2
v4_prompt:  235/237 news; elapsed=406.2s; errors=2
v4_prompt:  236/237 news; elapsed=407.6s; errors=2
v4_prompt:  237/237 news; elapsed=409.6s; errors=2
saved=C:\Users\whynot\VSCodeProjects\news-zero-shot\analysis_outputs\v4_social_signal_experiment_v4_prompt_think_true_gemma4_e4b_direct_core_recall_v2_think_ctx16384_tok16384_n237.csv
  variant threshold  n_news  gold_positive_pairs  pred_positive_pairs  pred_mean_labels  micro_precision  micro_recall  micro_f1  macro_f1_supported  sample_f1_empty_correct  any_relevant_precision  any_relevant_recall  any_relevant_f1  false_relevant_news  missed_all_relevant_news  excluded_news  error_rows
v4_prompt   default     237                  681                  304            1.2827           0.7993        0.3568    0.4934              0.2571                   0.4697                     1.0               0.8692           0.9300                    0                        31              0          72
v4_prompt      0.05     237                  681                  304            1.2827           0.7993        0.3568    0.4934              0.2571                   0.4697                     1.0               0.8692           0.9300                    0                        31              0          72
v4_prompt      0.10     237                  681                  304            1.2827           0.7993        0.3568    0.4934              0.2571                   0.4697                     1.0               0.8692           0.9300                    0                        31              0          72
v4_prompt      0.20     237                  681                  304            1.2827           0.7993        0.3568    0.4934              0.2571                   0.4697                     1.0               0.8692           0.9300                    0                        31              0          72
v4_prompt      0.30     237                  681                  304            1.2827           0.7993        0.3568    0.4934              0.2571                   0.4697                     1.0               0.8692           0.9300                    0                        31              0          72
v4_prompt      0.40     237                  681                  304            1.2827           0.7993        0.3568    0.4934              0.2571                   0.4697                     1.0               0.8692           0.9300                    0                        31              0          72
v4_prompt      0.45     237                  681                  304            1.2827           0.7993        0.3568    0.4934              0.2571                   0.4697                     1.0               0.8692           0.9300                    0                        31              0          72
v4_prompt      0.50     237                  681                  304            1.2827           0.7993        0.3568    0.4934              0.2571                   0.4697                     1.0               0.8692           0.9300                    0                        31              0          72
v4_prompt      0.60     237                  681                  304            1.2827           0.7993        0.3568    0.4934              0.2571                   0.4697                     1.0               0.8692           0.9300                    0                        31              0          72
v4_prompt      0.70     237                  681                  298            1.2574           0.8054        0.3524    0.4903              0.2567                   0.4659                     1.0               0.8650           0.9276                    0                        32              0          72
metrics saved=C:\Users\whynot\VSCodeProjects\news-zero-shot\analysis_outputs\v4_social_signal_experiment_metrics_v4_prompt_think_true_gemma4_e4b_direct_core_recall_v2_think_ctx16384_tok16384_n237.csv
runs=3
saved=C:\Users\whynot\VSCodeProjects\news-zero-shot\analysis_outputs\v4_strength_metrics.csv
                                                                                                        run_id                                                                                                          file_name      model                prompt  n_news  n_rows  complete_36x_rows  json_errors threshold  scope  gold_pairs  pred_pairs  tp_pairs  fp_pairs_vs_scope  fn_pairs  mean_pred_labels  micro_precision  micro_recall  micro_f1  macro_f1_supported  sample_f1  any_precision  any_recall  any_f1  gold_news  pred_any_news  missed_all_scope_news  false_relevant_news
v4_social_signal_experiment_v4_prompt_think_true_gemma4_e4b_direct_core_recall_v2_think_ctx16384_tok16384_n237 v4_social_signal_experiment_v4_prompt_think_true_gemma4_e4b_direct_core_recall_v2_think_ctx16384_tok16384_n237.csv gemma4:e4b direct_core_recall_v2     237    8532               True            2      0.85 direct         221         225       129                 96        92            0.9494           0.5733        0.5837    0.5785              0.3593     0.5513         0.7110      0.8483  0.7736        145            173                     22                   50
v4_social_signal_experiment_v4_prompt_think_true_gemma4_e4b_direct_core_recall_v2_think_ctx16384_tok16384_n237 v4_social_signal_experiment_v4_prompt_think_true_gemma4_e4b_direct_core_recall_v2_think_ctx16384_tok16384_n237.csv gemma4:e4b direct_core_recall_v2     237    8532               True            2      0.75 direct         221         242       133                109        88            1.0211           0.5496        0.6018    0.5745              0.3506     0.5475         0.7086      0.8552  0.7750        145            175                     21                   51
v4_social_signal_experiment_v4_prompt_think_true_gemma4_e4b_direct_core_recall_v2_think_ctx16384_tok16384_n237 v4_social_signal_experiment_v4_prompt_think_true_gemma4_e4b_direct_core_recall_v2_think_ctx16384_tok16384_n237.csv gemma4:e4b direct_core_recall_v2     237    8532               True            2      0.80 direct         221         239       132                107        89            1.0084           0.5523        0.5973    0.5739              0.3511     0.5481         0.7086      0.8552  0.7750        145            175                     21                   51
v4_social_signal_experiment_v4_prompt_think_true_gemma4_e4b_direct_core_recall_v2_think_ctx16384_tok16384_n237 v4_social_signal_experiment_v4_prompt_think_true_gemma4_e4b_direct_core_recall_v2_think_ctx16384_tok16384_n237.csv gemma4:e4b direct_core_recall_v2     237    8532               True            2      0.65 direct         221         298       142                156        79            1.2574           0.4765        0.6425    0.5472              0.3500     0.4808         0.6634      0.9379  0.7771        145            205                      9                   69
v4_social_signal_experiment_v4_prompt_think_true_gemma4_e4b_direct_core_recall_v2_think_ctx16384_tok16384_n237 v4_social_signal_experiment_v4_prompt_think_true_gemma4_e4b_direct_core_recall_v2_think_ctx16384_tok16384_n237.csv gemma4:e4b direct_core_recall_v2     237    8532               True            2      0.70 direct         221         298       142                156        79            1.2574           0.4765        0.6425    0.5472              0.3500     0.4808         0.6634      0.9379  0.7771        145            205                      9                   69
v4_social_signal_experiment_v4_prompt_think_true_gemma4_e4b_direct_core_recall_v2_think_ctx16384_tok16384_n237 v4_social_signal_experiment_v4_prompt_think_true_gemma4_e4b_direct_core_recall_v2_think_ctx16384_tok16384_n237.csv gemma4:e4b direct_core_recall_v2     237    8532               True            2   default direct         221         304       143                161        78            1.2827           0.4704        0.6471    0.5448              0.3474     0.4776         0.6602      0.9379  0.7749        145            206                      9                   70
v4_social_signal_experiment_v4_prompt_think_true_gemma4_e4b_direct_core_recall_v2_think_ctx16384_tok16384_n237 v4_social_signal_experiment_v4_prompt_think_true_gemma4_e4b_direct_core_recall_v2_think_ctx16384_tok16384_n237.csv gemma4:e4b direct_core_recall_v2     237    8532               True            2      0.05 direct         221         304       143                161        78            1.2827           0.4704        0.6471    0.5448              0.3474     0.4776         0.6602      0.9379  0.7749        145            206                      9                   70
v4_social_signal_experiment_v4_prompt_think_true_gemma4_e4b_direct_core_recall_v2_think_ctx16384_tok16384_n237 v4_social_signal_experiment_v4_prompt_think_true_gemma4_e4b_direct_core_recall_v2_think_ctx16384_tok16384_n237.csv gemma4:e4b direct_core_recall_v2     237    8532               True            2      0.10 direct         221         304       143                161        78            1.2827           0.4704        0.6471    0.5448              0.3474     0.4776         0.6602      0.9379  0.7749        145            206                      9                   70
v4_social_signal_experiment_v4_prompt_think_true_gemma4_e4b_direct_core_recall_v2_think_ctx16384_tok16384_n237 v4_social_signal_experiment_v4_prompt_think_true_gemma4_e4b_direct_core_recall_v2_think_ctx16384_tok16384_n237.csv gemma4:e4b direct_core_recall_v2     237    8532               True            2      0.15 direct         221         304       143                161        78            1.2827           0.4704        0.6471    0.5448              0.3474     0.4776         0.6602      0.9379  0.7749        145            206                      9                   70
v4_social_signal_experiment_v4_prompt_think_true_gemma4_e4b_direct_core_recall_v2_think_ctx16384_tok16384_n237 v4_social_signal_experiment_v4_prompt_think_true_gemma4_e4b_direct_core_recall_v2_think_ctx16384_tok16384_n237.csv gemma4:e4b direct_core_recall_v2     237    8532               True            2      0.20 direct         221         304       143                161        78            1.2827           0.4704        0.6471    0.5448              0.3474     0.4776         0.6602      0.9379  0.7749        145            206                      9                   70
v4_social_signal_experiment_v4_prompt_think_true_gemma4_e4b_direct_core_recall_v2_think_ctx16384_tok16384_n237 v4_social_signal_experiment_v4_prompt_think_true_gemma4_e4b_direct_core_recall_v2_think_ctx16384_tok16384_n237.csv gemma4:e4b direct_core_recall_v2     237    8532               True            2      0.25 direct         221         304       143                161        78            1.2827           0.4704        0.6471    0.5448              0.3474     0.4776         0.6602      0.9379  0.7749        145            206                      9                   70
v4_social_signal_experiment_v4_prompt_think_true_gemma4_e4b_direct_core_recall_v2_think_ctx16384_tok16384_n237 v4_social_signal_experiment_v4_prompt_think_true_gemma4_e4b_direct_core_recall_v2_think_ctx16384_tok16384_n237.csv gemma4:e4b direct_core_recall_v2     237    8532               True            2      0.30 direct         221         304       143                161        78            1.2827           0.4704        0.6471    0.5448              0.3474     0.4776         0.6602      0.9379  0.7749        145            206                      9                   70
