{"dataset": "analysis_outputs\\FINAL_v4_clean_social_signal_dataset_965_normalized.csv", "prompt_file": "prompts\\v4_direct_search\\direct_core_recall_v2.md", "n_eval_ids": 237, "gold_pairs": 681, "mean_gold_labels": 2.8734177215189876, "model": "gemma3n:e4b", "think": true, "batch_size": 1, "timeout": 900.0, "max_tokens": 16384, "num_ctx": 16384, "text_limit": 2200}
v4_prompt: completed=0, pending=237
v4_prompt:    1/237 news; elapsed=0.1s; errors=1
v4_prompt:    2/237 news; elapsed=0.2s; errors=2
v4_prompt:    3/237 news; elapsed=0.2s; errors=3
v4_prompt:    4/237 news; elapsed=0.3s; errors=4
v4_prompt:    5/237 news; elapsed=0.3s; errors=5
v4_prompt:    6/237 news; elapsed=0.4s; errors=6
v4_prompt:    7/237 news; elapsed=0.4s; errors=7
v4_prompt:    8/237 news; elapsed=0.5s; errors=8
v4_prompt:    9/237 news; elapsed=0.6s; errors=9
v4_prompt:   10/237 news; elapsed=0.6s; errors=10
v4_prompt:   11/237 news; elapsed=0.7s; errors=11
v4_prompt:   12/237 news; elapsed=0.8s; errors=12
v4_prompt:   13/237 news; elapsed=0.8s; errors=13
v4_prompt:   14/237 news; elapsed=0.9s; errors=14
v4_prompt:   15/237 news; elapsed=0.9s; errors=15
v4_prompt:   16/237 news; elapsed=1.0s; errors=16
v4_prompt:   17/237 news; elapsed=1.1s; errors=17
v4_prompt:   18/237 news; elapsed=1.1s; errors=18
v4_prompt:   19/237 news; elapsed=1.2s; errors=19
v4_prompt:   20/237 news; elapsed=1.2s; errors=20
v4_prompt:   21/237 news; elapsed=1.3s; errors=21
v4_prompt:   22/237 news; elapsed=1.3s; errors=22
v4_prompt:   23/237 news; elapsed=1.4s; errors=23
v4_prompt:   24/237 news; elapsed=1.4s; errors=24
v4_prompt:   25/237 news; elapsed=1.5s; errors=25
v4_prompt:   26/237 news; elapsed=1.6s; errors=26
v4_prompt:   27/237 news; elapsed=1.6s; errors=27
v4_prompt:   28/237 news; elapsed=1.7s; errors=28
v4_prompt:   29/237 news; elapsed=1.7s; errors=29
v4_prompt:   30/237 news; elapsed=1.8s; errors=30
v4_prompt:   31/237 news; elapsed=1.9s; errors=31
v4_prompt:   32/237 news; elapsed=1.9s; errors=32
v4_prompt:   33/237 news; elapsed=2.0s; errors=33
v4_prompt:   34/237 news; elapsed=2.0s; errors=34
v4_prompt:   35/237 news; elapsed=2.1s; errors=35
v4_prompt:   36/237 news; elapsed=2.1s; errors=36
v4_prompt:   37/237 news; elapsed=2.2s; errors=37
v4_prompt:   38/237 news; elapsed=2.3s; errors=38
v4_prompt:   39/237 news; elapsed=2.3s; errors=39
v4_prompt:   40/237 news; elapsed=2.4s; errors=40
v4_prompt:   41/237 news; elapsed=2.5s; errors=41
v4_prompt:   42/237 news; elapsed=2.5s; errors=42
v4_prompt:   43/237 news; elapsed=2.6s; errors=43
v4_prompt:   44/237 news; elapsed=2.6s; errors=44
v4_prompt:   45/237 news; elapsed=2.7s; errors=45
v4_prompt:   46/237 news; elapsed=2.8s; errors=46
v4_prompt:   47/237 news; elapsed=2.8s; errors=47
v4_prompt:   48/237 news; elapsed=2.9s; errors=48
v4_prompt:   49/237 news; elapsed=2.9s; errors=49
v4_prompt:   50/237 news; elapsed=3.0s; errors=50
v4_prompt:   51/237 news; elapsed=3.0s; errors=51
v4_prompt:   52/237 news; elapsed=3.1s; errors=52
v4_prompt:   53/237 news; elapsed=3.2s; errors=53
v4_prompt:   54/237 news; elapsed=3.2s; errors=54
v4_prompt:   55/237 news; elapsed=3.3s; errors=55
v4_prompt:   56/237 news; elapsed=3.3s; errors=56
v4_prompt:   57/237 news; elapsed=3.4s; errors=57
v4_prompt:   58/237 news; elapsed=3.5s; errors=58
v4_prompt:   59/237 news; elapsed=3.5s; errors=59
v4_prompt:   60/237 news; elapsed=3.6s; errors=60
v4_prompt:   61/237 news; elapsed=3.6s; errors=61
v4_prompt:   62/237 news; elapsed=3.7s; errors=62
v4_prompt:   63/237 news; elapsed=3.8s; errors=63
v4_prompt:   64/237 news; elapsed=3.8s; errors=64
v4_prompt:   65/237 news; elapsed=3.9s; errors=65
v4_prompt:   66/237 news; elapsed=3.9s; errors=66
v4_prompt:   67/237 news; elapsed=4.0s; errors=67
v4_prompt:   68/237 news; elapsed=4.0s; errors=68
v4_prompt:   69/237 news; elapsed=4.1s; errors=69
v4_prompt:   70/237 news; elapsed=4.2s; errors=70
v4_prompt:   71/237 news; elapsed=4.2s; errors=71
v4_prompt:   72/237 news; elapsed=4.3s; errors=72
v4_prompt:   73/237 news; elapsed=4.4s; errors=73
v4_prompt:   74/237 news; elapsed=4.4s; errors=74
v4_prompt:   75/237 news; elapsed=4.5s; errors=75
v4_prompt:   76/237 news; elapsed=4.5s; errors=76
v4_prompt:   77/237 news; elapsed=4.6s; errors=77
v4_prompt:   78/237 news; elapsed=4.6s; errors=78
v4_prompt:   79/237 news; elapsed=4.7s; errors=79
v4_prompt:   80/237 news; elapsed=4.8s; errors=80
v4_prompt:   81/237 news; elapsed=4.8s; errors=81
v4_prompt:   82/237 news; elapsed=4.9s; errors=82
v4_prompt:   83/237 news; elapsed=4.9s; errors=83
v4_prompt:   84/237 news; elapsed=5.0s; errors=84
v4_prompt:   85/237 news; elapsed=5.1s; errors=85
v4_prompt:   86/237 news; elapsed=5.1s; errors=86
v4_prompt:   87/237 news; elapsed=5.2s; errors=87
v4_prompt:   88/237 news; elapsed=5.3s; errors=88
v4_prompt:   89/237 news; elapsed=5.3s; errors=89
v4_prompt:   90/237 news; elapsed=5.4s; errors=90
v4_prompt:   91/237 news; elapsed=5.5s; errors=91
v4_prompt:   92/237 news; elapsed=5.5s; errors=92
v4_prompt:   93/237 news; elapsed=5.6s; errors=93
v4_prompt:   94/237 news; elapsed=5.6s; errors=94
v4_prompt:   95/237 news; elapsed=5.7s; errors=95
v4_prompt:   96/237 news; elapsed=5.8s; errors=96
v4_prompt:   97/237 news; elapsed=5.8s; errors=97
v4_prompt:   98/237 news; elapsed=5.9s; errors=98
v4_prompt:   99/237 news; elapsed=5.9s; errors=99
v4_prompt:  100/237 news; elapsed=6.0s; errors=100
v4_prompt:  101/237 news; elapsed=6.0s; errors=101
v4_prompt:  102/237 news; elapsed=6.1s; errors=102
v4_prompt:  103/237 news; elapsed=6.2s; errors=103
v4_prompt:  104/237 news; elapsed=6.2s; errors=104
v4_prompt:  105/237 news; elapsed=6.3s; errors=105
v4_prompt:  106/237 news; elapsed=6.4s; errors=106
v4_prompt:  107/237 news; elapsed=6.4s; errors=107
v4_prompt:  108/237 news; elapsed=6.5s; errors=108
v4_prompt:  109/237 news; elapsed=6.5s; errors=109
v4_prompt:  110/237 news; elapsed=6.6s; errors=110
v4_prompt:  111/237 news; elapsed=6.7s; errors=111
v4_prompt:  112/237 news; elapsed=6.7s; errors=112
v4_prompt:  113/237 news; elapsed=6.8s; errors=113
v4_prompt:  114/237 news; elapsed=6.8s; errors=114
v4_prompt:  115/237 news; elapsed=6.9s; errors=115
v4_prompt:  116/237 news; elapsed=6.9s; errors=116
v4_prompt:  117/237 news; elapsed=7.0s; errors=117
v4_prompt:  118/237 news; elapsed=7.1s; errors=118
v4_prompt:  119/237 news; elapsed=7.1s; errors=119
v4_prompt:  120/237 news; elapsed=7.2s; errors=120
v4_prompt:  121/237 news; elapsed=7.2s; errors=121
v4_prompt:  122/237 news; elapsed=7.3s; errors=122
v4_prompt:  123/237 news; elapsed=7.4s; errors=123
v4_prompt:  124/237 news; elapsed=7.4s; errors=124
v4_prompt:  125/237 news; elapsed=7.5s; errors=125
v4_prompt:  126/237 news; elapsed=7.6s; errors=126
v4_prompt:  127/237 news; elapsed=7.6s; errors=127
v4_prompt:  128/237 news; elapsed=7.7s; errors=128
v4_prompt:  129/237 news; elapsed=7.8s; errors=129
v4_prompt:  130/237 news; elapsed=7.8s; errors=130
v4_prompt:  131/237 news; elapsed=7.9s; errors=131
v4_prompt:  132/237 news; elapsed=7.9s; errors=132
v4_prompt:  133/237 news; elapsed=8.0s; errors=133
v4_prompt:  134/237 news; elapsed=8.1s; errors=134
v4_prompt:  135/237 news; elapsed=8.1s; errors=135
v4_prompt:  136/237 news; elapsed=8.2s; errors=136
v4_prompt:  137/237 news; elapsed=8.2s; errors=137
v4_prompt:  138/237 news; elapsed=8.3s; errors=138
v4_prompt:  139/237 news; elapsed=8.4s; errors=139
v4_prompt:  140/237 news; elapsed=8.4s; errors=140
v4_prompt:  141/237 news; elapsed=8.4s; errors=141
v4_prompt:  142/237 news; elapsed=8.5s; errors=142
v4_prompt:  143/237 news; elapsed=8.6s; errors=143
v4_prompt:  144/237 news; elapsed=8.6s; errors=144
v4_prompt:  145/237 news; elapsed=8.7s; errors=145
v4_prompt:  146/237 news; elapsed=8.7s; errors=146
v4_prompt:  147/237 news; elapsed=8.8s; errors=147
v4_prompt:  148/237 news; elapsed=8.9s; errors=148
v4_prompt:  149/237 news; elapsed=8.9s; errors=149
v4_prompt:  150/237 news; elapsed=9.0s; errors=150
v4_prompt:  151/237 news; elapsed=9.0s; errors=151
v4_prompt:  152/237 news; elapsed=9.1s; errors=152
v4_prompt:  153/237 news; elapsed=9.1s; errors=153
v4_prompt:  154/237 news; elapsed=9.2s; errors=154
v4_prompt:  155/237 news; elapsed=9.3s; errors=155
v4_prompt:  156/237 news; elapsed=9.3s; errors=156
v4_prompt:  157/237 news; elapsed=9.4s; errors=157
v4_prompt:  158/237 news; elapsed=9.5s; errors=158
v4_prompt:  159/237 news; elapsed=9.5s; errors=159
v4_prompt:  160/237 news; elapsed=9.6s; errors=160
v4_prompt:  161/237 news; elapsed=9.6s; errors=161
v4_prompt:  162/237 news; elapsed=9.7s; errors=162
v4_prompt:  163/237 news; elapsed=9.8s; errors=163
v4_prompt:  164/237 news; elapsed=9.8s; errors=164
v4_prompt:  165/237 news; elapsed=9.9s; errors=165
v4_prompt:  166/237 news; elapsed=10.0s; errors=166
v4_prompt:  167/237 news; elapsed=10.0s; errors=167
v4_prompt:  168/237 news; elapsed=10.1s; errors=168
v4_prompt:  169/237 news; elapsed=10.2s; errors=169
v4_prompt:  170/237 news; elapsed=10.2s; errors=170
v4_prompt:  171/237 news; elapsed=10.3s; errors=171
v4_prompt:  172/237 news; elapsed=10.3s; errors=172
v4_prompt:  173/237 news; elapsed=10.4s; errors=173
v4_prompt:  174/237 news; elapsed=10.5s; errors=174
v4_prompt:  175/237 news; elapsed=10.5s; errors=175
v4_prompt:  176/237 news; elapsed=10.6s; errors=176
v4_prompt:  177/237 news; elapsed=10.6s; errors=177
v4_prompt:  178/237 news; elapsed=10.7s; errors=178
v4_prompt:  179/237 news; elapsed=10.7s; errors=179
v4_prompt:  180/237 news; elapsed=10.8s; errors=180
v4_prompt:  181/237 news; elapsed=10.8s; errors=181
v4_prompt:  182/237 news; elapsed=10.9s; errors=182
v4_prompt:  183/237 news; elapsed=10.9s; errors=183
v4_prompt:  184/237 news; elapsed=11.0s; errors=184
v4_prompt:  185/237 news; elapsed=11.1s; errors=185
v4_prompt:  186/237 news; elapsed=11.1s; errors=186
v4_prompt:  187/237 news; elapsed=11.2s; errors=187
v4_prompt:  188/237 news; elapsed=11.2s; errors=188
v4_prompt:  189/237 news; elapsed=11.3s; errors=189
v4_prompt:  190/237 news; elapsed=11.4s; errors=190
v4_prompt:  191/237 news; elapsed=11.4s; errors=191
v4_prompt:  192/237 news; elapsed=11.5s; errors=192
v4_prompt:  193/237 news; elapsed=11.6s; errors=193
v4_prompt:  194/237 news; elapsed=11.6s; errors=194
v4_prompt:  195/237 news; elapsed=11.7s; errors=195
v4_prompt:  196/237 news; elapsed=11.8s; errors=196
v4_prompt:  197/237 news; elapsed=11.8s; errors=197
v4_prompt:  198/237 news; elapsed=11.9s; errors=198
v4_prompt:  199/237 news; elapsed=11.9s; errors=199
v4_prompt:  200/237 news; elapsed=12.0s; errors=200
v4_prompt:  201/237 news; elapsed=12.1s; errors=201
v4_prompt:  202/237 news; elapsed=12.1s; errors=202
v4_prompt:  203/237 news; elapsed=12.2s; errors=203
v4_prompt:  204/237 news; elapsed=12.3s; errors=204
v4_prompt:  205/237 news; elapsed=12.3s; errors=205
v4_prompt:  206/237 news; elapsed=12.4s; errors=206
v4_prompt:  207/237 news; elapsed=12.4s; errors=207
v4_prompt:  208/237 news; elapsed=12.5s; errors=208
v4_prompt:  209/237 news; elapsed=12.5s; errors=209
v4_prompt:  210/237 news; elapsed=12.6s; errors=210
v4_prompt:  211/237 news; elapsed=12.6s; errors=211
v4_prompt:  212/237 news; elapsed=12.7s; errors=212
v4_prompt:  213/237 news; elapsed=12.8s; errors=213
v4_prompt:  214/237 news; elapsed=12.8s; errors=214
v4_prompt:  215/237 news; elapsed=12.9s; errors=215
v4_prompt:  216/237 news; elapsed=12.9s; errors=216
v4_prompt:  217/237 news; elapsed=13.0s; errors=217
v4_prompt:  218/237 news; elapsed=13.1s; errors=218
v4_prompt:  219/237 news; elapsed=13.1s; errors=219
v4_prompt:  220/237 news; elapsed=13.2s; errors=220
v4_prompt:  221/237 news; elapsed=13.2s; errors=221
v4_prompt:  222/237 news; elapsed=13.3s; errors=222
v4_prompt:  223/237 news; elapsed=13.3s; errors=223
v4_prompt:  224/237 news; elapsed=13.4s; errors=224
v4_prompt:  225/237 news; elapsed=13.5s; errors=225
v4_prompt:  226/237 news; elapsed=13.5s; errors=226
v4_prompt:  227/237 news; elapsed=13.6s; errors=227
v4_prompt:  228/237 news; elapsed=13.6s; errors=228
v4_prompt:  229/237 news; elapsed=13.7s; errors=229
v4_prompt:  230/237 news; elapsed=13.7s; errors=230
v4_prompt:  231/237 news; elapsed=13.8s; errors=231
v4_prompt:  232/237 news; elapsed=13.8s; errors=232
v4_prompt:  233/237 news; elapsed=13.9s; errors=233
v4_prompt:  234/237 news; elapsed=14.0s; errors=234
v4_prompt:  235/237 news; elapsed=14.0s; errors=235
v4_prompt:  236/237 news; elapsed=14.1s; errors=236
v4_prompt:  237/237 news; elapsed=14.2s; errors=237
saved=C:\Users\whynot\VSCodeProjects\news-zero-shot\analysis_outputs\v4_social_signal_experiment_v4_prompt_think_true_gemma3n_e4b_direct_core_recall_v2_think_ctx16384_tok16384_n237.csv
  variant threshold  n_news  gold_positive_pairs  pred_positive_pairs  pred_mean_labels  micro_precision  micro_recall  micro_f1  macro_f1_supported  sample_f1_empty_correct  any_relevant_precision  any_relevant_recall  any_relevant_f1  false_relevant_news  missed_all_relevant_news  excluded_news  error_rows
v4_prompt   default     237                  681                    0               0.0              0.0           0.0       0.0                 0.0                      0.0                     0.0                  0.0              0.0                    0                       237              0        8532
v4_prompt      0.05     237                  681                    0               0.0              0.0           0.0       0.0                 0.0                      0.0                     0.0                  0.0              0.0                    0                       237              0        8532
v4_prompt      0.10     237                  681                    0               0.0              0.0           0.0       0.0                 0.0                      0.0                     0.0                  0.0              0.0                    0                       237              0        8532
v4_prompt      0.20     237                  681                    0               0.0              0.0           0.0       0.0                 0.0                      0.0                     0.0                  0.0              0.0                    0                       237              0        8532
v4_prompt      0.30     237                  681                    0               0.0              0.0           0.0       0.0                 0.0                      0.0                     0.0                  0.0              0.0                    0                       237              0        8532
v4_prompt      0.40     237                  681                    0               0.0              0.0           0.0       0.0                 0.0                      0.0                     0.0                  0.0              0.0                    0                       237              0        8532
v4_prompt      0.45     237                  681                    0               0.0              0.0           0.0       0.0                 0.0                      0.0                     0.0                  0.0              0.0                    0                       237              0        8532
v4_prompt      0.50     237                  681                    0               0.0              0.0           0.0       0.0                 0.0                      0.0                     0.0                  0.0              0.0                    0                       237              0        8532
v4_prompt      0.60     237                  681                    0               0.0              0.0           0.0       0.0                 0.0                      0.0                     0.0                  0.0              0.0                    0                       237              0        8532
v4_prompt      0.70     237                  681                    0               0.0              0.0           0.0       0.0                 0.0                      0.0                     0.0                  0.0              0.0                    0                       237              0        8532
metrics saved=C:\Users\whynot\VSCodeProjects\news-zero-shot\analysis_outputs\v4_social_signal_experiment_metrics_v4_prompt_think_true_gemma3n_e4b_direct_core_recall_v2_think_ctx16384_tok16384_n237.csv
runs=8
saved=C:\Users\whynot\VSCodeProjects\news-zero-shot\analysis_outputs\v4_strength_metrics.csv
                                                                                                              run_id                                                                                                                file_name      model                      prompt  n_news  n_rows  complete_36x_rows  json_errors threshold  scope  gold_pairs  pred_pairs  tp_pairs  fp_pairs_vs_scope  fn_pairs  mean_pred_labels  micro_precision  micro_recall  micro_f1  macro_f1_supported  sample_f1  any_precision  any_recall  any_f1  gold_news  pred_any_news  missed_all_scope_news  false_relevant_news
      v4_social_signal_experiment_v4_prompt_think_true_gemma4_e4b_direct_core_recall_v2_think_ctx16384_tok16384_n237       v4_social_signal_experiment_v4_prompt_think_true_gemma4_e4b_direct_core_recall_v2_think_ctx16384_tok16384_n237.csv gemma4:e4b       direct_core_recall_v2     237    8532               True            2      0.85 direct         221         225       129                 96        92            0.9494           0.5733        0.5837    0.5785              0.3593     0.5513         0.7110      0.8483  0.7736        145            173                     22                   50
      v4_social_signal_experiment_v4_prompt_think_true_gemma4_e4b_direct_core_recall_v2_think_ctx16384_tok16384_n237       v4_social_signal_experiment_v4_prompt_think_true_gemma4_e4b_direct_core_recall_v2_think_ctx16384_tok16384_n237.csv gemma4:e4b       direct_core_recall_v2     237    8532               True            2      0.75 direct         221         242       133                109        88            1.0211           0.5496        0.6018    0.5745              0.3506     0.5475         0.7086      0.8552  0.7750        145            175                     21                   51
      v4_social_signal_experiment_v4_prompt_think_true_gemma4_e4b_direct_core_recall_v2_think_ctx16384_tok16384_n237       v4_social_signal_experiment_v4_prompt_think_true_gemma4_e4b_direct_core_recall_v2_think_ctx16384_tok16384_n237.csv gemma4:e4b       direct_core_recall_v2     237    8532               True            2      0.80 direct         221         239       132                107        89            1.0084           0.5523        0.5973    0.5739              0.3511     0.5481         0.7086      0.8552  0.7750        145            175                     21                   51
v4_social_signal_experiment_v4_prompt_think_true_gemma4_e4b_direct_core_gold_fewshot_v5_think_ctx16384_tok16384_n237 v4_social_signal_experiment_v4_prompt_think_true_gemma4_e4b_direct_core_gold_fewshot_v5_think_ctx16384_tok16384_n237.csv gemma4:e4b direct_core_gold_fewshot_v5     237    8532               True            1      0.90 direct         221         183       114                 69       107            0.7722           0.6230        0.5158    0.5644              0.3373     0.5882         0.7655      0.7655  0.7655        145            145                     34                   34
    v4_social_signal_experiment_v4_prompt_think_true_gemma4_e4b_direct_core_filtered_v3_think_ctx16384_tok16384_n237     v4_social_signal_experiment_v4_prompt_think_true_gemma4_e4b_direct_core_filtered_v3_think_ctx16384_tok16384_n237.csv gemma4:e4b     direct_core_filtered_v3     237    8532               True            0      0.80 direct         221         226       124                102        97            0.9536           0.5487        0.5611    0.5548              0.3541     0.5274         0.6988      0.8000  0.7460        145            166                     29                   50
      v4_social_signal_experiment_v4_prompt_think_true_gemma4_e4b_direct_core_recall_v2_think_ctx16384_tok16384_n237       v4_social_signal_experiment_v4_prompt_think_true_gemma4_e4b_direct_core_recall_v2_think_ctx16384_tok16384_n237.csv gemma4:e4b       direct_core_recall_v2     237    8532               True            2      0.65 direct         221         298       142                156        79            1.2574           0.4765        0.6425    0.5472              0.3500     0.4808         0.6634      0.9379  0.7771        145            205                      9                   69
      v4_social_signal_experiment_v4_prompt_think_true_gemma4_e4b_direct_core_recall_v2_think_ctx16384_tok16384_n237       v4_social_signal_experiment_v4_prompt_think_true_gemma4_e4b_direct_core_recall_v2_think_ctx16384_tok16384_n237.csv gemma4:e4b       direct_core_recall_v2     237    8532               True            2      0.70 direct         221         298       142                156        79            1.2574           0.4765        0.6425    0.5472              0.3500     0.4808         0.6634      0.9379  0.7771        145            205                      9                   69
      v4_social_signal_experiment_v4_prompt_think_true_gemma4_e4b_direct_core_recall_v2_think_ctx16384_tok16384_n237       v4_social_signal_experiment_v4_prompt_think_true_gemma4_e4b_direct_core_recall_v2_think_ctx16384_tok16384_n237.csv gemma4:e4b       direct_core_recall_v2     237    8532               True            2   default direct         221         304       143                161        78            1.2827           0.4704        0.6471    0.5448              0.3474     0.4776         0.6602      0.9379  0.7749        145            206                      9                   70
      v4_social_signal_experiment_v4_prompt_think_true_gemma4_e4b_direct_core_recall_v2_think_ctx16384_tok16384_n237       v4_social_signal_experiment_v4_prompt_think_true_gemma4_e4b_direct_core_recall_v2_think_ctx16384_tok16384_n237.csv gemma4:e4b       direct_core_recall_v2     237    8532               True            2      0.05 direct         221         304       143                161        78            1.2827           0.4704        0.6471    0.5448              0.3474     0.4776         0.6602      0.9379  0.7749        145            206                      9                   70
      v4_social_signal_experiment_v4_prompt_think_true_gemma4_e4b_direct_core_recall_v2_think_ctx16384_tok16384_n237       v4_social_signal_experiment_v4_prompt_think_true_gemma4_e4b_direct_core_recall_v2_think_ctx16384_tok16384_n237.csv gemma4:e4b       direct_core_recall_v2     237    8532               True            2      0.10 direct         221         304       143                161        78            1.2827           0.4704        0.6471    0.5448              0.3474     0.4776         0.6602      0.9379  0.7749        145            206                      9                   70
      v4_social_signal_experiment_v4_prompt_think_true_gemma4_e4b_direct_core_recall_v2_think_ctx16384_tok16384_n237       v4_social_signal_experiment_v4_prompt_think_true_gemma4_e4b_direct_core_recall_v2_think_ctx16384_tok16384_n237.csv gemma4:e4b       direct_core_recall_v2     237    8532               True            2      0.15 direct         221         304       143                161        78            1.2827           0.4704        0.6471    0.5448              0.3474     0.4776         0.6602      0.9379  0.7749        145            206                      9                   70
      v4_social_signal_experiment_v4_prompt_think_true_gemma4_e4b_direct_core_recall_v2_think_ctx16384_tok16384_n237       v4_social_signal_experiment_v4_prompt_think_true_gemma4_e4b_direct_core_recall_v2_think_ctx16384_tok16384_n237.csv gemma4:e4b       direct_core_recall_v2     237    8532               True            2      0.20 direct         221         304       143                161        78            1.2827           0.4704        0.6471    0.5448              0.3474     0.4776         0.6602      0.9379  0.7749        145            206                      9                   70
