{"dataset": "analysis_outputs\\FINAL_v4_clean_social_signal_dataset_965_normalized.csv", "prompt_file": "prompts\\v4_direct_search\\direct_core_recall_v2.md", "n_eval_ids": 237, "gold_pairs": 681, "mean_gold_labels": 2.8734177215189876, "model": "gemma4:e2b", "think": true, "batch_size": 1, "timeout": 900.0, "max_tokens": 16384, "num_ctx": 16384, "text_limit": 2200}
v4_prompt: completed=0, pending=237
v4_prompt:    1/237 news; elapsed=8.6s; errors=0
v4_prompt:    2/237 news; elapsed=9.4s; errors=0
v4_prompt:    3/237 news; elapsed=12.1s; errors=0
v4_prompt:    4/237 news; elapsed=15.4s; errors=0
v4_prompt:    5/237 news; elapsed=18.9s; errors=0
v4_prompt:    6/237 news; elapsed=19.3s; errors=0
v4_prompt:    7/237 news; elapsed=19.8s; errors=0
v4_prompt:    8/237 news; elapsed=20.9s; errors=1
v4_prompt:    9/237 news; elapsed=23.9s; errors=1
v4_prompt:   10/237 news; elapsed=24.7s; errors=1
v4_prompt:   11/237 news; elapsed=25.7s; errors=1
v4_prompt:   12/237 news; elapsed=26.1s; errors=1
v4_prompt:   13/237 news; elapsed=27.5s; errors=2
v4_prompt:   14/237 news; elapsed=27.9s; errors=2
v4_prompt:   15/237 news; elapsed=31.7s; errors=2
v4_prompt:   16/237 news; elapsed=32.2s; errors=2
v4_prompt:   17/237 news; elapsed=32.5s; errors=2
v4_prompt:   18/237 news; elapsed=36.9s; errors=2
v4_prompt:   19/237 news; elapsed=37.3s; errors=2
v4_prompt:   20/237 news; elapsed=40.4s; errors=2
v4_prompt:   21/237 news; elapsed=41.9s; errors=2
v4_prompt:   22/237 news; elapsed=45.3s; errors=2
v4_prompt:   23/237 news; elapsed=47.9s; errors=2
v4_prompt:   24/237 news; elapsed=49.0s; errors=2
v4_prompt:   25/237 news; elapsed=49.4s; errors=2
v4_prompt:   26/237 news; elapsed=50.9s; errors=2
v4_prompt:   27/237 news; elapsed=51.6s; errors=2
v4_prompt:   28/237 news; elapsed=52.6s; errors=2
v4_prompt:   29/237 news; elapsed=54.2s; errors=2
v4_prompt:   30/237 news; elapsed=55.2s; errors=2
v4_prompt:   31/237 news; elapsed=55.6s; errors=2
v4_prompt:   32/237 news; elapsed=56.6s; errors=2
v4_prompt:   33/237 news; elapsed=57.4s; errors=2
v4_prompt:   34/237 news; elapsed=58.3s; errors=2
v4_prompt:   35/237 news; elapsed=59.1s; errors=2
v4_prompt:   36/237 news; elapsed=59.5s; errors=2
v4_prompt:   37/237 news; elapsed=60.9s; errors=2
v4_prompt:   38/237 news; elapsed=61.3s; errors=2
v4_prompt:   39/237 news; elapsed=61.8s; errors=2
v4_prompt:   40/237 news; elapsed=62.7s; errors=2
v4_prompt:   41/237 news; elapsed=66.3s; errors=2
v4_prompt:   42/237 news; elapsed=66.7s; errors=2
v4_prompt:   43/237 news; elapsed=68.0s; errors=2
v4_prompt:   44/237 news; elapsed=68.9s; errors=2
v4_prompt:   45/237 news; elapsed=69.9s; errors=2
v4_prompt:   46/237 news; elapsed=73.9s; errors=2
v4_prompt:   47/237 news; elapsed=74.8s; errors=2
v4_prompt:   48/237 news; elapsed=78.4s; errors=2
v4_prompt:   49/237 news; elapsed=79.4s; errors=2
v4_prompt:   50/237 news; elapsed=80.3s; errors=2
v4_prompt:   51/237 news; elapsed=83.6s; errors=2
v4_prompt:   52/237 news; elapsed=84.0s; errors=2
v4_prompt:   53/237 news; elapsed=87.0s; errors=2
v4_prompt:   54/237 news; elapsed=87.4s; errors=2
v4_prompt:   55/237 news; elapsed=88.2s; errors=2
v4_prompt:   56/237 news; elapsed=89.2s; errors=2
v4_prompt:   57/237 news; elapsed=90.1s; errors=2
v4_prompt:   58/237 news; elapsed=91.0s; errors=2
v4_prompt:   59/237 news; elapsed=94.5s; errors=2
v4_prompt:   60/237 news; elapsed=96.8s; errors=2
v4_prompt:   61/237 news; elapsed=97.8s; errors=2
v4_prompt:   62/237 news; elapsed=98.7s; errors=2
v4_prompt:   63/237 news; elapsed=99.5s; errors=2
v4_prompt:   64/237 news; elapsed=100.3s; errors=2
v4_prompt:   65/237 news; elapsed=101.2s; errors=2
v4_prompt:   66/237 news; elapsed=102.1s; errors=2
v4_prompt:   67/237 news; elapsed=102.5s; errors=2
v4_prompt:   68/237 news; elapsed=103.3s; errors=2
v4_prompt:   69/237 news; elapsed=104.1s; errors=2
v4_prompt:   70/237 news; elapsed=107.7s; errors=2
v4_prompt:   71/237 news; elapsed=111.0s; errors=2
v4_prompt:   72/237 news; elapsed=111.8s; errors=2
v4_prompt:   73/237 news; elapsed=112.6s; errors=2
v4_prompt:   74/237 news; elapsed=113.1s; errors=2
v4_prompt:   75/237 news; elapsed=113.9s; errors=2
v4_prompt:   76/237 news; elapsed=115.0s; errors=2
v4_prompt:   77/237 news; elapsed=116.1s; errors=2
v4_prompt:   78/237 news; elapsed=116.6s; errors=2
v4_prompt:   79/237 news; elapsed=119.8s; errors=2
v4_prompt:   80/237 news; elapsed=122.2s; errors=2
v4_prompt:   81/237 news; elapsed=122.6s; errors=2
v4_prompt:   82/237 news; elapsed=125.9s; errors=2
v4_prompt:   83/237 news; elapsed=126.8s; errors=2
v4_prompt:   84/237 news; elapsed=127.7s; errors=2
v4_prompt:   85/237 news; elapsed=128.7s; errors=2
v4_prompt:   86/237 news; elapsed=132.4s; errors=2
v4_prompt:   87/237 news; elapsed=132.9s; errors=2
v4_prompt:   88/237 news; elapsed=135.5s; errors=2
v4_prompt:   89/237 news; elapsed=138.6s; errors=3
v4_prompt:   90/237 news; elapsed=139.5s; errors=3
v4_prompt:   91/237 news; elapsed=142.2s; errors=3
v4_prompt:   92/237 news; elapsed=143.3s; errors=4
v4_prompt:   93/237 news; elapsed=144.1s; errors=5
v4_prompt:   94/237 news; elapsed=149.6s; errors=6
v4_prompt:   95/237 news; elapsed=150.0s; errors=6
v4_prompt:   96/237 news; elapsed=152.3s; errors=6
v4_prompt:   97/237 news; elapsed=154.7s; errors=6
v4_prompt:   98/237 news; elapsed=155.6s; errors=6
v4_prompt:   99/237 news; elapsed=156.1s; errors=6
v4_prompt:  100/237 news; elapsed=156.9s; errors=6
v4_prompt:  101/237 news; elapsed=157.3s; errors=6
v4_prompt:  102/237 news; elapsed=161.6s; errors=6
v4_prompt:  103/237 news; elapsed=162.0s; errors=6
v4_prompt:  104/237 news; elapsed=164.4s; errors=6
v4_prompt:  105/237 news; elapsed=165.2s; errors=7
v4_prompt:  106/237 news; elapsed=166.2s; errors=7
v4_prompt:  107/237 news; elapsed=167.5s; errors=7
v4_prompt:  108/237 news; elapsed=170.6s; errors=7
v4_prompt:  109/237 news; elapsed=172.0s; errors=7
v4_prompt:  110/237 news; elapsed=172.7s; errors=7
v4_prompt:  111/237 news; elapsed=173.2s; errors=7
v4_prompt:  112/237 news; elapsed=173.9s; errors=8
v4_prompt:  113/237 news; elapsed=176.8s; errors=8
v4_prompt:  114/237 news; elapsed=177.6s; errors=8
v4_prompt:  115/237 news; elapsed=181.4s; errors=8
v4_prompt:  116/237 news; elapsed=182.2s; errors=9
v4_prompt:  117/237 news; elapsed=182.7s; errors=9
v4_prompt:  118/237 news; elapsed=186.6s; errors=9
v4_prompt:  119/237 news; elapsed=187.6s; errors=9
v4_prompt:  120/237 news; elapsed=191.1s; errors=9
v4_prompt:  121/237 news; elapsed=191.9s; errors=9
v4_prompt:  122/237 news; elapsed=192.6s; errors=9
v4_prompt:  123/237 news; elapsed=193.6s; errors=9
v4_prompt:  124/237 news; elapsed=194.6s; errors=9
v4_prompt:  125/237 news; elapsed=195.1s; errors=9
v4_prompt:  126/237 news; elapsed=195.9s; errors=9
v4_prompt:  127/237 news; elapsed=196.9s; errors=9
v4_prompt:  128/237 news; elapsed=197.6s; errors=9
v4_prompt:  129/237 news; elapsed=200.4s; errors=9
v4_prompt:  130/237 news; elapsed=201.3s; errors=9
v4_prompt:  131/237 news; elapsed=202.4s; errors=9
v4_prompt:  132/237 news; elapsed=205.9s; errors=9
v4_prompt:  133/237 news; elapsed=209.1s; errors=9
v4_prompt:  134/237 news; elapsed=209.6s; errors=9
v4_prompt:  135/237 news; elapsed=210.6s; errors=9
v4_prompt:  136/237 news; elapsed=211.5s; errors=9
v4_prompt:  137/237 news; elapsed=212.7s; errors=9
v4_prompt:  138/237 news; elapsed=213.7s; errors=9
v4_prompt:  139/237 news; elapsed=215.6s; errors=9
v4_prompt:  140/237 news; elapsed=216.1s; errors=9
v4_prompt:  141/237 news; elapsed=220.0s; errors=9
v4_prompt:  142/237 news; elapsed=221.0s; errors=9
v4_prompt:  143/237 news; elapsed=222.0s; errors=9
v4_prompt:  144/237 news; elapsed=222.4s; errors=9
v4_prompt:  145/237 news; elapsed=225.8s; errors=9
v4_prompt:  146/237 news; elapsed=226.3s; errors=9
v4_prompt:  147/237 news; elapsed=230.0s; errors=9
v4_prompt:  148/237 news; elapsed=234.2s; errors=9
v4_prompt:  149/237 news; elapsed=235.1s; errors=9
v4_prompt:  150/237 news; elapsed=237.6s; errors=9
v4_prompt:  151/237 news; elapsed=240.1s; errors=9
v4_prompt:  152/237 news; elapsed=243.7s; errors=9
v4_prompt:  153/237 news; elapsed=244.7s; errors=9
v4_prompt:  154/237 news; elapsed=245.6s; errors=9
v4_prompt:  155/237 news; elapsed=246.6s; errors=9
v4_prompt:  156/237 news; elapsed=247.5s; errors=9
v4_prompt:  157/237 news; elapsed=248.5s; errors=9
v4_prompt:  158/237 news; elapsed=252.1s; errors=9
v4_prompt:  159/237 news; elapsed=252.6s; errors=9
v4_prompt:  160/237 news; elapsed=254.8s; errors=9
v4_prompt:  161/237 news; elapsed=255.6s; errors=9
v4_prompt:  162/237 news; elapsed=259.5s; errors=9
v4_prompt:  163/237 news; elapsed=260.9s; errors=10
v4_prompt:  164/237 news; elapsed=261.3s; errors=10
v4_prompt:  165/237 news; elapsed=262.2s; errors=10
v4_prompt:  166/237 news; elapsed=266.0s; errors=10
v4_prompt:  167/237 news; elapsed=266.8s; errors=10
v4_prompt:  168/237 news; elapsed=269.6s; errors=10
v4_prompt:  169/237 news; elapsed=270.4s; errors=10
v4_prompt:  170/237 news; elapsed=275.0s; errors=10
v4_prompt:  171/237 news; elapsed=275.4s; errors=10
v4_prompt:  172/237 news; elapsed=279.7s; errors=10
v4_prompt:  173/237 news; elapsed=283.7s; errors=10
v4_prompt:  174/237 news; elapsed=284.2s; errors=10
v4_prompt:  175/237 news; elapsed=284.7s; errors=10
v4_prompt:  176/237 news; elapsed=288.7s; errors=10
v4_prompt:  177/237 news; elapsed=289.1s; errors=10
v4_prompt:  178/237 news; elapsed=289.5s; errors=10
v4_prompt:  179/237 news; elapsed=289.9s; errors=10
v4_prompt:  180/237 news; elapsed=290.8s; errors=10
v4_prompt:  181/237 news; elapsed=294.9s; errors=10
v4_prompt:  182/237 news; elapsed=296.9s; errors=10
v4_prompt:  183/237 news; elapsed=297.8s; errors=10
v4_prompt:  184/237 news; elapsed=298.7s; errors=10
v4_prompt:  185/237 news; elapsed=299.7s; errors=10
v4_prompt:  186/237 news; elapsed=300.7s; errors=10
v4_prompt:  187/237 news; elapsed=301.1s; errors=10
v4_prompt:  188/237 news; elapsed=302.0s; errors=10
v4_prompt:  189/237 news; elapsed=305.1s; errors=10
v4_prompt:  190/237 news; elapsed=308.4s; errors=10
v4_prompt:  191/237 news; elapsed=308.9s; errors=10
v4_prompt:  192/237 news; elapsed=309.6s; errors=10
v4_prompt:  193/237 news; elapsed=313.1s; errors=10
v4_prompt:  194/237 news; elapsed=314.1s; errors=10
v4_prompt:  195/237 news; elapsed=317.2s; errors=10
v4_prompt:  196/237 news; elapsed=321.4s; errors=10
v4_prompt:  197/237 news; elapsed=322.2s; errors=10
v4_prompt:  198/237 news; elapsed=323.4s; errors=10
v4_prompt:  199/237 news; elapsed=323.9s; errors=10
v4_prompt:  200/237 news; elapsed=327.0s; errors=10
v4_prompt:  201/237 news; elapsed=328.0s; errors=10
v4_prompt:  202/237 news; elapsed=332.8s; errors=10
v4_prompt:  203/237 news; elapsed=336.2s; errors=10
v4_prompt:  204/237 news; elapsed=337.0s; errors=10
v4_prompt:  205/237 news; elapsed=337.4s; errors=10
v4_prompt:  206/237 news; elapsed=342.1s; errors=10
v4_prompt:  207/237 news; elapsed=342.9s; errors=10
v4_prompt:  208/237 news; elapsed=343.8s; errors=10
v4_prompt:  209/237 news; elapsed=344.3s; errors=10
v4_prompt:  210/237 news; elapsed=345.2s; errors=10
v4_prompt:  211/237 news; elapsed=345.7s; errors=10
v4_prompt:  212/237 news; elapsed=346.1s; errors=10
v4_prompt:  213/237 news; elapsed=347.3s; errors=10
v4_prompt:  214/237 news; elapsed=348.2s; errors=10
v4_prompt:  215/237 news; elapsed=351.5s; errors=10
v4_prompt:  216/237 news; elapsed=355.0s; errors=10
v4_prompt:  217/237 news; elapsed=355.9s; errors=10
v4_prompt:  218/237 news; elapsed=356.3s; errors=10
v4_prompt:  219/237 news; elapsed=360.9s; errors=10
v4_prompt:  220/237 news; elapsed=361.7s; errors=10
v4_prompt:  221/237 news; elapsed=362.7s; errors=10
v4_prompt:  222/237 news; elapsed=366.0s; errors=10
v4_prompt:  223/237 news; elapsed=367.0s; errors=10
v4_prompt:  224/237 news; elapsed=370.5s; errors=10
v4_prompt:  225/237 news; elapsed=371.7s; errors=10
v4_prompt:  226/237 news; elapsed=373.0s; errors=10
v4_prompt:  227/237 news; elapsed=373.5s; errors=10
v4_prompt:  228/237 news; elapsed=377.3s; errors=10
v4_prompt:  229/237 news; elapsed=378.6s; errors=10
v4_prompt:  230/237 news; elapsed=379.5s; errors=10
v4_prompt:  231/237 news; elapsed=380.6s; errors=10
v4_prompt:  232/237 news; elapsed=381.4s; errors=10
v4_prompt:  233/237 news; elapsed=384.9s; errors=10
v4_prompt:  234/237 news; elapsed=387.4s; errors=10
v4_prompt:  235/237 news; elapsed=388.4s; errors=10
v4_prompt:  236/237 news; elapsed=389.5s; errors=10
v4_prompt:  237/237 news; elapsed=390.5s; errors=10
saved=C:\Users\whynot\VSCodeProjects\news-zero-shot\analysis_outputs\v4_social_signal_experiment_v4_prompt_think_true_gemma4_e2b_direct_core_recall_v2_think_ctx16384_tok16384_n237.csv
  variant threshold  n_news  gold_positive_pairs  pred_positive_pairs  pred_mean_labels  micro_precision  micro_recall  micro_f1  macro_f1_supported  sample_f1_empty_correct  any_relevant_precision  any_relevant_recall  any_relevant_f1  false_relevant_news  missed_all_relevant_news  excluded_news  error_rows
v4_prompt   default     237                  681                  169            0.7131           0.7337        0.1821    0.2918              0.1968                   0.2801                     1.0               0.6498           0.7877                    0                        83              0         360
v4_prompt      0.05     237                  681                  169            0.7131           0.7337        0.1821    0.2918              0.1968                   0.2801                     1.0               0.6498           0.7877                    0                        83              0         360
v4_prompt      0.10     237                  681                  169            0.7131           0.7337        0.1821    0.2918              0.1968                   0.2801                     1.0               0.6498           0.7877                    0                        83              0         360
v4_prompt      0.20     237                  681                  169            0.7131           0.7337        0.1821    0.2918              0.1968                   0.2801                     1.0               0.6498           0.7877                    0                        83              0         360
v4_prompt      0.30     237                  681                  169            0.7131           0.7337        0.1821    0.2918              0.1968                   0.2801                     1.0               0.6498           0.7877                    0                        83              0         360
v4_prompt      0.40     237                  681                  169            0.7131           0.7337        0.1821    0.2918              0.1968                   0.2801                     1.0               0.6498           0.7877                    0                        83              0         360
v4_prompt      0.45     237                  681                  169            0.7131           0.7337        0.1821    0.2918              0.1968                   0.2801                     1.0               0.6498           0.7877                    0                        83              0         360
v4_prompt      0.50     237                  681                  169            0.7131           0.7337        0.1821    0.2918              0.1968                   0.2801                     1.0               0.6498           0.7877                    0                        83              0         360
v4_prompt      0.60     237                  681                  169            0.7131           0.7337        0.1821    0.2918              0.1968                   0.2801                     1.0               0.6498           0.7877                    0                        83              0         360
v4_prompt      0.70     237                  681                  138            0.5823           0.7754        0.1571    0.2613              0.1830                   0.2395                     1.0               0.5232           0.6870                    0                       113              0         360
metrics saved=C:\Users\whynot\VSCodeProjects\news-zero-shot\analysis_outputs\v4_social_signal_experiment_metrics_v4_prompt_think_true_gemma4_e2b_direct_core_recall_v2_think_ctx16384_tok16384_n237.csv
runs=8
saved=C:\Users\whynot\VSCodeProjects\news-zero-shot\analysis_outputs\v4_strength_metrics.csv
                                                                                                              run_id                                                                                                                file_name      model                      prompt  n_news  n_rows  complete_36x_rows  json_errors threshold  scope  gold_pairs  pred_pairs  tp_pairs  fp_pairs_vs_scope  fn_pairs  mean_pred_labels  micro_precision  micro_recall  micro_f1  macro_f1_supported  sample_f1  any_precision  any_recall  any_f1  gold_news  pred_any_news  missed_all_scope_news  false_relevant_news
      v4_social_signal_experiment_v4_prompt_think_true_gemma4_e4b_direct_core_recall_v2_think_ctx16384_tok16384_n237       v4_social_signal_experiment_v4_prompt_think_true_gemma4_e4b_direct_core_recall_v2_think_ctx16384_tok16384_n237.csv gemma4:e4b       direct_core_recall_v2     237    8532               True            2      0.85 direct         221         225       129                 96        92            0.9494           0.5733        0.5837    0.5785              0.3593     0.5513         0.7110      0.8483  0.7736        145            173                     22                   50
      v4_social_signal_experiment_v4_prompt_think_true_gemma4_e4b_direct_core_recall_v2_think_ctx16384_tok16384_n237       v4_social_signal_experiment_v4_prompt_think_true_gemma4_e4b_direct_core_recall_v2_think_ctx16384_tok16384_n237.csv gemma4:e4b       direct_core_recall_v2     237    8532               True            2      0.75 direct         221         242       133                109        88            1.0211           0.5496        0.6018    0.5745              0.3506     0.5475         0.7086      0.8552  0.7750        145            175                     21                   51
      v4_social_signal_experiment_v4_prompt_think_true_gemma4_e4b_direct_core_recall_v2_think_ctx16384_tok16384_n237       v4_social_signal_experiment_v4_prompt_think_true_gemma4_e4b_direct_core_recall_v2_think_ctx16384_tok16384_n237.csv gemma4:e4b       direct_core_recall_v2     237    8532               True            2      0.80 direct         221         239       132                107        89            1.0084           0.5523        0.5973    0.5739              0.3511     0.5481         0.7086      0.8552  0.7750        145            175                     21                   51
v4_social_signal_experiment_v4_prompt_think_true_gemma4_e4b_direct_core_gold_fewshot_v5_think_ctx16384_tok16384_n237 v4_social_signal_experiment_v4_prompt_think_true_gemma4_e4b_direct_core_gold_fewshot_v5_think_ctx16384_tok16384_n237.csv gemma4:e4b direct_core_gold_fewshot_v5     237    8532               True            1      0.90 direct         221         183       114                 69       107            0.7722           0.6230        0.5158    0.5644              0.3373     0.5882         0.7655      0.7655  0.7655        145            145                     34                   34
    v4_social_signal_experiment_v4_prompt_think_true_gemma4_e4b_direct_core_filtered_v3_think_ctx16384_tok16384_n237     v4_social_signal_experiment_v4_prompt_think_true_gemma4_e4b_direct_core_filtered_v3_think_ctx16384_tok16384_n237.csv gemma4:e4b     direct_core_filtered_v3     237    8532               True            0      0.80 direct         221         226       124                102        97            0.9536           0.5487        0.5611    0.5548              0.3541     0.5274         0.6988      0.8000  0.7460        145            166                     29                   50
      v4_social_signal_experiment_v4_prompt_think_true_gemma4_e4b_direct_core_recall_v2_think_ctx16384_tok16384_n237       v4_social_signal_experiment_v4_prompt_think_true_gemma4_e4b_direct_core_recall_v2_think_ctx16384_tok16384_n237.csv gemma4:e4b       direct_core_recall_v2     237    8532               True            2      0.65 direct         221         298       142                156        79            1.2574           0.4765        0.6425    0.5472              0.3500     0.4808         0.6634      0.9379  0.7771        145            205                      9                   69
      v4_social_signal_experiment_v4_prompt_think_true_gemma4_e4b_direct_core_recall_v2_think_ctx16384_tok16384_n237       v4_social_signal_experiment_v4_prompt_think_true_gemma4_e4b_direct_core_recall_v2_think_ctx16384_tok16384_n237.csv gemma4:e4b       direct_core_recall_v2     237    8532               True            2      0.70 direct         221         298       142                156        79            1.2574           0.4765        0.6425    0.5472              0.3500     0.4808         0.6634      0.9379  0.7771        145            205                      9                   69
      v4_social_signal_experiment_v4_prompt_think_true_gemma4_e4b_direct_core_recall_v2_think_ctx16384_tok16384_n237       v4_social_signal_experiment_v4_prompt_think_true_gemma4_e4b_direct_core_recall_v2_think_ctx16384_tok16384_n237.csv gemma4:e4b       direct_core_recall_v2     237    8532               True            2   default direct         221         304       143                161        78            1.2827           0.4704        0.6471    0.5448              0.3474     0.4776         0.6602      0.9379  0.7749        145            206                      9                   70
      v4_social_signal_experiment_v4_prompt_think_true_gemma4_e4b_direct_core_recall_v2_think_ctx16384_tok16384_n237       v4_social_signal_experiment_v4_prompt_think_true_gemma4_e4b_direct_core_recall_v2_think_ctx16384_tok16384_n237.csv gemma4:e4b       direct_core_recall_v2     237    8532               True            2      0.05 direct         221         304       143                161        78            1.2827           0.4704        0.6471    0.5448              0.3474     0.4776         0.6602      0.9379  0.7749        145            206                      9                   70
      v4_social_signal_experiment_v4_prompt_think_true_gemma4_e4b_direct_core_recall_v2_think_ctx16384_tok16384_n237       v4_social_signal_experiment_v4_prompt_think_true_gemma4_e4b_direct_core_recall_v2_think_ctx16384_tok16384_n237.csv gemma4:e4b       direct_core_recall_v2     237    8532               True            2      0.10 direct         221         304       143                161        78            1.2827           0.4704        0.6471    0.5448              0.3474     0.4776         0.6602      0.9379  0.7749        145            206                      9                   70
      v4_social_signal_experiment_v4_prompt_think_true_gemma4_e4b_direct_core_recall_v2_think_ctx16384_tok16384_n237       v4_social_signal_experiment_v4_prompt_think_true_gemma4_e4b_direct_core_recall_v2_think_ctx16384_tok16384_n237.csv gemma4:e4b       direct_core_recall_v2     237    8532               True            2      0.15 direct         221         304       143                161        78            1.2827           0.4704        0.6471    0.5448              0.3474     0.4776         0.6602      0.9379  0.7749        145            206                      9                   70
      v4_social_signal_experiment_v4_prompt_think_true_gemma4_e4b_direct_core_recall_v2_think_ctx16384_tok16384_n237       v4_social_signal_experiment_v4_prompt_think_true_gemma4_e4b_direct_core_recall_v2_think_ctx16384_tok16384_n237.csv gemma4:e4b       direct_core_recall_v2     237    8532               True            2      0.20 direct         221         304       143                161        78            1.2827           0.4704        0.6471    0.5448              0.3474     0.4776         0.6602      0.9379  0.7749        145            206                      9                   70
