{"dataset": "analysis_outputs\\FINAL_v4_clean_social_signal_dataset_965_normalized.csv", "prompt_file": "prompts\\v4_direct_search\\direct_core_clean_fewshot_v6.md", "n_eval_ids": 237, "gold_pairs": 681, "mean_gold_labels": 2.8734177215189876, "model": "gemma4:e4b", "think": true, "batch_size": 1, "timeout": 900.0, "max_tokens": 16384, "num_ctx": 16384, "text_limit": 2200}
v4_prompt: completed=0, pending=237
v4_prompt:    1/237 news; elapsed=11.1s; errors=0
v4_prompt:    2/237 news; elapsed=13.5s; errors=0
v4_prompt:    3/237 news; elapsed=14.9s; errors=0
v4_prompt:    4/237 news; elapsed=16.3s; errors=0
v4_prompt:    5/237 news; elapsed=19.1s; errors=0
v4_prompt:    6/237 news; elapsed=21.5s; errors=0
v4_prompt:    7/237 news; elapsed=24.6s; errors=0
v4_prompt:    8/237 news; elapsed=27.2s; errors=0
v4_prompt:    9/237 news; elapsed=28.8s; errors=0
v4_prompt:   10/237 news; elapsed=31.0s; errors=0
v4_prompt:   11/237 news; elapsed=32.5s; errors=0
v4_prompt:   12/237 news; elapsed=34.1s; errors=0
v4_prompt:   13/237 news; elapsed=36.4s; errors=0
v4_prompt:   14/237 news; elapsed=37.8s; errors=0
v4_prompt:   15/237 news; elapsed=39.3s; errors=0
v4_prompt:   16/237 news; elapsed=40.7s; errors=0
v4_prompt:   17/237 news; elapsed=42.3s; errors=0
v4_prompt:   18/237 news; elapsed=44.4s; errors=0
v4_prompt:   19/237 news; elapsed=46.0s; errors=0
v4_prompt:   20/237 news; elapsed=48.7s; errors=0
v4_prompt:   21/237 news; elapsed=50.1s; errors=0
v4_prompt:   22/237 news; elapsed=51.7s; errors=0
v4_prompt:   23/237 news; elapsed=53.1s; errors=0
v4_prompt:   24/237 news; elapsed=55.3s; errors=0
v4_prompt:   25/237 news; elapsed=56.7s; errors=0
v4_prompt:   26/237 news; elapsed=58.2s; errors=0
v4_prompt:   27/237 news; elapsed=61.9s; errors=0
v4_prompt:   28/237 news; elapsed=64.2s; errors=0
v4_prompt:   29/237 news; elapsed=66.7s; errors=0
v4_prompt:   30/237 news; elapsed=68.4s; errors=0
v4_prompt:   31/237 news; elapsed=70.9s; errors=0
v4_prompt:   32/237 news; elapsed=73.1s; errors=0
v4_prompt:   33/237 news; elapsed=75.5s; errors=0
v4_prompt:   34/237 news; elapsed=77.6s; errors=0
v4_prompt:   35/237 news; elapsed=79.9s; errors=0
v4_prompt:   36/237 news; elapsed=82.5s; errors=0
v4_prompt:   37/237 news; elapsed=84.9s; errors=0
v4_prompt:   38/237 news; elapsed=86.4s; errors=0
v4_prompt:   39/237 news; elapsed=87.9s; errors=0
v4_prompt:   40/237 news; elapsed=90.3s; errors=0
v4_prompt:   41/237 news; elapsed=91.9s; errors=0
v4_prompt:   42/237 news; elapsed=95.4s; errors=0
v4_prompt:   43/237 news; elapsed=96.9s; errors=0
v4_prompt:   44/237 news; elapsed=99.1s; errors=0
v4_prompt:   45/237 news; elapsed=102.0s; errors=0
v4_prompt:   46/237 news; elapsed=103.6s; errors=0
v4_prompt:   47/237 news; elapsed=106.1s; errors=0
v4_prompt:   48/237 news; elapsed=107.5s; errors=0
v4_prompt:   49/237 news; elapsed=110.1s; errors=0
v4_prompt:   50/237 news; elapsed=112.8s; errors=0
v4_prompt:   51/237 news; elapsed=114.3s; errors=0
v4_prompt:   52/237 news; elapsed=116.7s; errors=0
v4_prompt:   53/237 news; elapsed=119.0s; errors=0
v4_prompt:   54/237 news; elapsed=120.5s; errors=0
v4_prompt:   55/237 news; elapsed=123.0s; errors=0
v4_prompt:   56/237 news; elapsed=124.4s; errors=0
v4_prompt:   57/237 news; elapsed=126.4s; errors=0
v4_prompt:   58/237 news; elapsed=128.0s; errors=0
v4_prompt:   59/237 news; elapsed=129.5s; errors=0
v4_prompt:   60/237 news; elapsed=130.9s; errors=0
v4_prompt:   61/237 news; elapsed=132.4s; errors=0
v4_prompt:   62/237 news; elapsed=133.9s; errors=0
v4_prompt:   63/237 news; elapsed=136.4s; errors=0
v4_prompt:   64/237 news; elapsed=138.1s; errors=0
v4_prompt:   65/237 news; elapsed=140.7s; errors=0
v4_prompt:   66/237 news; elapsed=142.1s; errors=0
v4_prompt:   67/237 news; elapsed=143.6s; errors=0
v4_prompt:   68/237 news; elapsed=146.0s; errors=0
v4_prompt:   69/237 news; elapsed=148.6s; errors=0
v4_prompt:   70/237 news; elapsed=151.4s; errors=0
v4_prompt:   71/237 news; elapsed=154.0s; errors=0
v4_prompt:   72/237 news; elapsed=156.4s; errors=0
v4_prompt:   73/237 news; elapsed=157.9s; errors=0
v4_prompt:   74/237 news; elapsed=159.4s; errors=0
v4_prompt:   75/237 news; elapsed=160.9s; errors=0
v4_prompt:   76/237 news; elapsed=162.5s; errors=0
v4_prompt:   77/237 news; elapsed=164.7s; errors=0
v4_prompt:   78/237 news; elapsed=166.4s; errors=0
v4_prompt:   79/237 news; elapsed=167.9s; errors=0
v4_prompt:   80/237 news; elapsed=169.4s; errors=0
v4_prompt:   81/237 news; elapsed=171.2s; errors=0
v4_prompt:   82/237 news; elapsed=172.7s; errors=1
v4_prompt:   83/237 news; elapsed=175.5s; errors=1
v4_prompt:   84/237 news; elapsed=177.9s; errors=1
v4_prompt:   85/237 news; elapsed=180.2s; errors=1
v4_prompt:   86/237 news; elapsed=182.8s; errors=1
v4_prompt:   87/237 news; elapsed=184.4s; errors=1
v4_prompt:   88/237 news; elapsed=185.9s; errors=1
v4_prompt:   89/237 news; elapsed=188.2s; errors=1
v4_prompt:   90/237 news; elapsed=191.0s; errors=1
v4_prompt:   91/237 news; elapsed=192.5s; errors=1
v4_prompt:   92/237 news; elapsed=194.6s; errors=1
v4_prompt:   93/237 news; elapsed=197.0s; errors=1
v4_prompt:   94/237 news; elapsed=199.8s; errors=1
v4_prompt:   95/237 news; elapsed=202.3s; errors=1
v4_prompt:   96/237 news; elapsed=203.9s; errors=1
v4_prompt:   97/237 news; elapsed=205.8s; errors=1
v4_prompt:   98/237 news; elapsed=208.2s; errors=1
v4_prompt:   99/237 news; elapsed=209.4s; errors=2
v4_prompt:  100/237 news; elapsed=211.8s; errors=2
v4_prompt:  101/237 news; elapsed=214.1s; errors=2
v4_prompt:  102/237 news; elapsed=216.3s; errors=2
v4_prompt:  103/237 news; elapsed=218.7s; errors=2
v4_prompt:  104/237 news; elapsed=221.2s; errors=2
v4_prompt:  105/237 news; elapsed=223.5s; errors=2
v4_prompt:  106/237 news; elapsed=226.3s; errors=2
v4_prompt:  107/237 news; elapsed=229.9s; errors=2
v4_prompt:  108/237 news; elapsed=232.1s; errors=2
v4_prompt:  109/237 news; elapsed=234.4s; errors=2
v4_prompt:  110/237 news; elapsed=236.7s; errors=2
v4_prompt:  111/237 news; elapsed=239.3s; errors=2
v4_prompt:  112/237 news; elapsed=241.5s; errors=2
v4_prompt:  113/237 news; elapsed=243.0s; errors=2
v4_prompt:  114/237 news; elapsed=245.4s; errors=2
v4_prompt:  115/237 news; elapsed=248.5s; errors=2
v4_prompt:  116/237 news; elapsed=250.7s; errors=2
v4_prompt:  117/237 news; elapsed=252.3s; errors=2
v4_prompt:  118/237 news; elapsed=254.9s; errors=2
v4_prompt:  119/237 news; elapsed=257.0s; errors=2
v4_prompt:  120/237 news; elapsed=258.6s; errors=2
v4_prompt:  121/237 news; elapsed=260.2s; errors=2
v4_prompt:  122/237 news; elapsed=261.8s; errors=2
v4_prompt:  123/237 news; elapsed=263.3s; errors=2
v4_prompt:  124/237 news; elapsed=264.9s; errors=2
v4_prompt:  125/237 news; elapsed=266.5s; errors=2
v4_prompt:  126/237 news; elapsed=268.9s; errors=2
v4_prompt:  127/237 news; elapsed=270.3s; errors=2
v4_prompt:  128/237 news; elapsed=272.8s; errors=2
v4_prompt:  129/237 news; elapsed=274.3s; errors=2
v4_prompt:  130/237 news; elapsed=276.5s; errors=2
v4_prompt:  131/237 news; elapsed=278.0s; errors=2
v4_prompt:  132/237 news; elapsed=280.3s; errors=2
v4_prompt:  133/237 news; elapsed=281.8s; errors=2
v4_prompt:  134/237 news; elapsed=283.3s; errors=2
v4_prompt:  135/237 news; elapsed=284.8s; errors=2
v4_prompt:  136/237 news; elapsed=287.3s; errors=2
v4_prompt:  137/237 news; elapsed=290.2s; errors=2
v4_prompt:  138/237 news; elapsed=292.3s; errors=2
v4_prompt:  139/237 news; elapsed=294.6s; errors=2
v4_prompt:  140/237 news; elapsed=296.1s; errors=2
v4_prompt:  141/237 news; elapsed=298.4s; errors=2
v4_prompt:  142/237 news; elapsed=300.0s; errors=2
v4_prompt:  143/237 news; elapsed=302.3s; errors=2
v4_prompt:  144/237 news; elapsed=303.8s; errors=2
v4_prompt:  145/237 news; elapsed=306.8s; errors=2
v4_prompt:  146/237 news; elapsed=308.8s; errors=2
v4_prompt:  147/237 news; elapsed=310.4s; errors=2
v4_prompt:  148/237 news; elapsed=312.3s; errors=2
v4_prompt:  149/237 news; elapsed=315.3s; errors=2
v4_prompt:  150/237 news; elapsed=318.4s; errors=2
v4_prompt:  151/237 news; elapsed=320.0s; errors=2
v4_prompt:  152/237 news; elapsed=322.5s; errors=2
v4_prompt:  153/237 news; elapsed=324.0s; errors=2
v4_prompt:  154/237 news; elapsed=326.5s; errors=2
v4_prompt:  155/237 news; elapsed=328.1s; errors=2
v4_prompt:  156/237 news; elapsed=329.6s; errors=2
v4_prompt:  157/237 news; elapsed=332.1s; errors=2
v4_prompt:  158/237 news; elapsed=333.6s; errors=2
v4_prompt:  159/237 news; elapsed=335.2s; errors=2
v4_prompt:  160/237 news; elapsed=336.7s; errors=2
v4_prompt:  161/237 news; elapsed=339.2s; errors=2
v4_prompt:  162/237 news; elapsed=342.0s; errors=2
v4_prompt:  163/237 news; elapsed=344.2s; errors=2
v4_prompt:  164/237 news; elapsed=345.8s; errors=2
v4_prompt:  165/237 news; elapsed=347.3s; errors=2
v4_prompt:  166/237 news; elapsed=349.4s; errors=2
v4_prompt:  167/237 news; elapsed=351.7s; errors=2
v4_prompt:  168/237 news; elapsed=353.2s; errors=2
v4_prompt:  169/237 news; elapsed=356.0s; errors=2
v4_prompt:  170/237 news; elapsed=358.3s; errors=2
v4_prompt:  171/237 news; elapsed=359.7s; errors=2
v4_prompt:  172/237 news; elapsed=361.1s; errors=2
v4_prompt:  173/237 news; elapsed=363.3s; errors=2
v4_prompt:  174/237 news; elapsed=364.9s; errors=2
v4_prompt:  175/237 news; elapsed=367.2s; errors=2
v4_prompt:  176/237 news; elapsed=369.8s; errors=2
v4_prompt:  177/237 news; elapsed=371.3s; errors=2
v4_prompt:  178/237 news; elapsed=373.6s; errors=2
v4_prompt:  179/237 news; elapsed=375.1s; errors=2
v4_prompt:  180/237 news; elapsed=376.6s; errors=2
v4_prompt:  181/237 news; elapsed=378.7s; errors=2
v4_prompt:  182/237 news; elapsed=381.1s; errors=2
v4_prompt:  183/237 news; elapsed=382.6s; errors=2
v4_prompt:  184/237 news; elapsed=385.0s; errors=2
v4_prompt:  185/237 news; elapsed=386.6s; errors=2
v4_prompt:  186/237 news; elapsed=388.8s; errors=2
v4_prompt:  187/237 news; elapsed=391.2s; errors=2
v4_prompt:  188/237 news; elapsed=393.6s; errors=2
v4_prompt:  189/237 news; elapsed=395.3s; errors=2
v4_prompt:  190/237 news; elapsed=398.8s; errors=2
v4_prompt:  191/237 news; elapsed=401.2s; errors=2
v4_prompt:  192/237 news; elapsed=403.7s; errors=2
v4_prompt:  193/237 news; elapsed=406.2s; errors=2
v4_prompt:  194/237 news; elapsed=408.5s; errors=2
v4_prompt:  195/237 news; elapsed=410.1s; errors=2
v4_prompt:  196/237 news; elapsed=412.6s; errors=2
v4_prompt:  197/237 news; elapsed=415.1s; errors=2
v4_prompt:  198/237 news; elapsed=417.8s; errors=2
v4_prompt:  199/237 news; elapsed=419.3s; errors=2
v4_prompt:  200/237 news; elapsed=420.8s; errors=2
v4_prompt:  201/237 news; elapsed=422.3s; errors=2
v4_prompt:  202/237 news; elapsed=423.8s; errors=2
v4_prompt:  203/237 news; elapsed=426.2s; errors=2
v4_prompt:  204/237 news; elapsed=428.6s; errors=2
v4_prompt:  205/237 news; elapsed=430.1s; errors=2
v4_prompt:  206/237 news; elapsed=433.0s; errors=2
v4_prompt:  207/237 news; elapsed=435.2s; errors=2
v4_prompt:  208/237 news; elapsed=437.5s; errors=2
v4_prompt:  209/237 news; elapsed=439.3s; errors=2
v4_prompt:  210/237 news; elapsed=441.5s; errors=2
v4_prompt:  211/237 news; elapsed=443.3s; errors=2
v4_prompt:  212/237 news; elapsed=445.4s; errors=2
v4_prompt:  213/237 news; elapsed=447.8s; errors=2
v4_prompt:  214/237 news; elapsed=449.2s; errors=2
v4_prompt:  215/237 news; elapsed=451.4s; errors=2
v4_prompt:  216/237 news; elapsed=454.5s; errors=2
v4_prompt:  217/237 news; elapsed=457.2s; errors=2
v4_prompt:  218/237 news; elapsed=458.8s; errors=2
v4_prompt:  219/237 news; elapsed=461.1s; errors=2
v4_prompt:  220/237 news; elapsed=463.5s; errors=2
v4_prompt:  221/237 news; elapsed=465.9s; errors=2
v4_prompt:  222/237 news; elapsed=467.3s; errors=2
v4_prompt:  223/237 news; elapsed=469.5s; errors=2
v4_prompt:  224/237 news; elapsed=472.3s; errors=2
v4_prompt:  225/237 news; elapsed=475.3s; errors=2
v4_prompt:  226/237 news; elapsed=477.5s; errors=2
v4_prompt:  227/237 news; elapsed=479.2s; errors=2
v4_prompt:  228/237 news; elapsed=482.6s; errors=2
v4_prompt:  229/237 news; elapsed=484.2s; errors=2
v4_prompt:  230/237 news; elapsed=485.8s; errors=2
v4_prompt:  231/237 news; elapsed=487.3s; errors=2
v4_prompt:  232/237 news; elapsed=488.4s; errors=2
v4_prompt:  233/237 news; elapsed=490.0s; errors=2
v4_prompt:  234/237 news; elapsed=491.5s; errors=2
v4_prompt:  235/237 news; elapsed=493.6s; errors=2
v4_prompt:  236/237 news; elapsed=495.9s; errors=2
v4_prompt:  237/237 news; elapsed=497.9s; errors=2
saved=C:\Users\whynot\VSCodeProjects\news-zero-shot\analysis_outputs\v4_social_signal_experiment_v4_prompt_think_true_gemma4_e4b_direct_core_clean_fewshot_v6_think_ctx16384_tok16384_n237.csv
  variant threshold  n_news  gold_positive_pairs  pred_positive_pairs  pred_mean_labels  micro_precision  micro_recall  micro_f1  macro_f1_supported  sample_f1_empty_correct  any_relevant_precision  any_relevant_recall  any_relevant_f1  false_relevant_news  missed_all_relevant_news  excluded_news  error_rows
v4_prompt   default     237                  681                  382            1.6118           0.7906        0.4435    0.5682              0.2952                   0.5713                     1.0               0.9705            0.985                    0                         7              0          72
v4_prompt      0.05     237                  681                  382            1.6118           0.7906        0.4435    0.5682              0.2952                   0.5713                     1.0               0.9705            0.985                    0                         7              0          72
v4_prompt      0.10     237                  681                  382            1.6118           0.7906        0.4435    0.5682              0.2952                   0.5713                     1.0               0.9705            0.985                    0                         7              0          72
v4_prompt      0.20     237                  681                  382            1.6118           0.7906        0.4435    0.5682              0.2952                   0.5713                     1.0               0.9705            0.985                    0                         7              0          72
v4_prompt      0.30     237                  681                  382            1.6118           0.7906        0.4435    0.5682              0.2952                   0.5713                     1.0               0.9705            0.985                    0                         7              0          72
v4_prompt      0.40     237                  681                  382            1.6118           0.7906        0.4435    0.5682              0.2952                   0.5713                     1.0               0.9705            0.985                    0                         7              0          72
v4_prompt      0.45     237                  681                  382            1.6118           0.7906        0.4435    0.5682              0.2952                   0.5713                     1.0               0.9705            0.985                    0                         7              0          72
v4_prompt      0.50     237                  681                  382            1.6118           0.7906        0.4435    0.5682              0.2952                   0.5713                     1.0               0.9705            0.985                    0                         7              0          72
v4_prompt      0.60     237                  681                  382            1.6118           0.7906        0.4435    0.5682              0.2952                   0.5713                     1.0               0.9705            0.985                    0                         7              0          72
v4_prompt      0.70     237                  681                  380            1.6034           0.7895        0.4405    0.5655              0.2939                   0.5689                     1.0               0.9705            0.985                    0                         7              0          72
metrics saved=C:\Users\whynot\VSCodeProjects\news-zero-shot\analysis_outputs\v4_social_signal_experiment_metrics_v4_prompt_think_true_gemma4_e4b_direct_core_clean_fewshot_v6_think_ctx16384_tok16384_n237.csv
runs=9
saved=C:\Users\whynot\VSCodeProjects\news-zero-shot\analysis_outputs\v4_strength_metrics.csv
                                                                                                              run_id                                                                                                                file_name      model                      prompt  n_news  n_rows  complete_36x_rows  json_errors threshold  scope  gold_pairs  pred_pairs  tp_pairs  fp_pairs_vs_scope  fn_pairs  mean_pred_labels  micro_precision  micro_recall  micro_f1  macro_f1_supported  sample_f1  any_precision  any_recall  any_f1  gold_news  pred_any_news  missed_all_scope_news  false_relevant_news
      v4_social_signal_experiment_v4_prompt_think_true_gemma4_e4b_direct_core_recall_v2_think_ctx16384_tok16384_n237       v4_social_signal_experiment_v4_prompt_think_true_gemma4_e4b_direct_core_recall_v2_think_ctx16384_tok16384_n237.csv gemma4:e4b       direct_core_recall_v2     237    8532               True            2      0.85 direct         221         225       129                 96        92            0.9494           0.5733        0.5837    0.5785              0.3593     0.5513         0.7110      0.8483  0.7736        145            173                     22                   50
      v4_social_signal_experiment_v4_prompt_think_true_gemma4_e4b_direct_core_recall_v2_think_ctx16384_tok16384_n237       v4_social_signal_experiment_v4_prompt_think_true_gemma4_e4b_direct_core_recall_v2_think_ctx16384_tok16384_n237.csv gemma4:e4b       direct_core_recall_v2     237    8532               True            2      0.75 direct         221         242       133                109        88            1.0211           0.5496        0.6018    0.5745              0.3506     0.5475         0.7086      0.8552  0.7750        145            175                     21                   51
      v4_social_signal_experiment_v4_prompt_think_true_gemma4_e4b_direct_core_recall_v2_think_ctx16384_tok16384_n237       v4_social_signal_experiment_v4_prompt_think_true_gemma4_e4b_direct_core_recall_v2_think_ctx16384_tok16384_n237.csv gemma4:e4b       direct_core_recall_v2     237    8532               True            2      0.80 direct         221         239       132                107        89            1.0084           0.5523        0.5973    0.5739              0.3511     0.5481         0.7086      0.8552  0.7750        145            175                     21                   51
v4_social_signal_experiment_v4_prompt_think_true_gemma4_e4b_direct_core_gold_fewshot_v5_think_ctx16384_tok16384_n237 v4_social_signal_experiment_v4_prompt_think_true_gemma4_e4b_direct_core_gold_fewshot_v5_think_ctx16384_tok16384_n237.csv gemma4:e4b direct_core_gold_fewshot_v5     237    8532               True            1      0.90 direct         221         183       114                 69       107            0.7722           0.6230        0.5158    0.5644              0.3373     0.5882         0.7655      0.7655  0.7655        145            145                     34                   34
    v4_social_signal_experiment_v4_prompt_think_true_gemma4_e4b_direct_core_filtered_v3_think_ctx16384_tok16384_n237     v4_social_signal_experiment_v4_prompt_think_true_gemma4_e4b_direct_core_filtered_v3_think_ctx16384_tok16384_n237.csv gemma4:e4b     direct_core_filtered_v3     237    8532               True            0      0.80 direct         221         226       124                102        97            0.9536           0.5487        0.5611    0.5548              0.3541     0.5274         0.6988      0.8000  0.7460        145            166                     29                   50
      v4_social_signal_experiment_v4_prompt_think_true_gemma4_e4b_direct_core_recall_v2_think_ctx16384_tok16384_n237       v4_social_signal_experiment_v4_prompt_think_true_gemma4_e4b_direct_core_recall_v2_think_ctx16384_tok16384_n237.csv gemma4:e4b       direct_core_recall_v2     237    8532               True            2      0.65 direct         221         298       142                156        79            1.2574           0.4765        0.6425    0.5472              0.3500     0.4808         0.6634      0.9379  0.7771        145            205                      9                   69
      v4_social_signal_experiment_v4_prompt_think_true_gemma4_e4b_direct_core_recall_v2_think_ctx16384_tok16384_n237       v4_social_signal_experiment_v4_prompt_think_true_gemma4_e4b_direct_core_recall_v2_think_ctx16384_tok16384_n237.csv gemma4:e4b       direct_core_recall_v2     237    8532               True            2      0.70 direct         221         298       142                156        79            1.2574           0.4765        0.6425    0.5472              0.3500     0.4808         0.6634      0.9379  0.7771        145            205                      9                   69
      v4_social_signal_experiment_v4_prompt_think_true_gemma4_e4b_direct_core_recall_v2_think_ctx16384_tok16384_n237       v4_social_signal_experiment_v4_prompt_think_true_gemma4_e4b_direct_core_recall_v2_think_ctx16384_tok16384_n237.csv gemma4:e4b       direct_core_recall_v2     237    8532               True            2   default direct         221         304       143                161        78            1.2827           0.4704        0.6471    0.5448              0.3474     0.4776         0.6602      0.9379  0.7749        145            206                      9                   70
      v4_social_signal_experiment_v4_prompt_think_true_gemma4_e4b_direct_core_recall_v2_think_ctx16384_tok16384_n237       v4_social_signal_experiment_v4_prompt_think_true_gemma4_e4b_direct_core_recall_v2_think_ctx16384_tok16384_n237.csv gemma4:e4b       direct_core_recall_v2     237    8532               True            2      0.05 direct         221         304       143                161        78            1.2827           0.4704        0.6471    0.5448              0.3474     0.4776         0.6602      0.9379  0.7749        145            206                      9                   70
      v4_social_signal_experiment_v4_prompt_think_true_gemma4_e4b_direct_core_recall_v2_think_ctx16384_tok16384_n237       v4_social_signal_experiment_v4_prompt_think_true_gemma4_e4b_direct_core_recall_v2_think_ctx16384_tok16384_n237.csv gemma4:e4b       direct_core_recall_v2     237    8532               True            2      0.10 direct         221         304       143                161        78            1.2827           0.4704        0.6471    0.5448              0.3474     0.4776         0.6602      0.9379  0.7749        145            206                      9                   70
      v4_social_signal_experiment_v4_prompt_think_true_gemma4_e4b_direct_core_recall_v2_think_ctx16384_tok16384_n237       v4_social_signal_experiment_v4_prompt_think_true_gemma4_e4b_direct_core_recall_v2_think_ctx16384_tok16384_n237.csv gemma4:e4b       direct_core_recall_v2     237    8532               True            2      0.15 direct         221         304       143                161        78            1.2827           0.4704        0.6471    0.5448              0.3474     0.4776         0.6602      0.9379  0.7749        145            206                      9                   70
      v4_social_signal_experiment_v4_prompt_think_true_gemma4_e4b_direct_core_recall_v2_think_ctx16384_tok16384_n237       v4_social_signal_experiment_v4_prompt_think_true_gemma4_e4b_direct_core_recall_v2_think_ctx16384_tok16384_n237.csv gemma4:e4b       direct_core_recall_v2     237    8532               True            2      0.20 direct         221         304       143                161        78            1.2827           0.4704        0.6471    0.5448              0.3474     0.4776         0.6602      0.9379  0.7749        145            206                      9                   70
